09:53:13 **** Clean-only build of configuration Debug for project Aloha-HE ****
make clean 
rm -rf  ./src/Testing/ckksTest.o  ./src/ckksAccelerator.o ./src/communication.o ./src/instruction.o ./src/main.o ./src/platform.o  ./src/Testing/ckksTest.d  ./src/ckksAccelerator.d ./src/communication.d ./src/instruction.d ./src/main.d ./src/platform.d  Aloha-HE.elf.size  Aloha-HE.elf
 
09:53:13 **** Clean-only build of project Aloha-HE_bsp ****
make -k clean 
make -C ps7_cortexa9_0/libsrc/ddrps_v1_0/src -s clean 
make -C ps7_cortexa9_0/libsrc/dmaps_v2_4/src -s clean 
make -C ps7_cortexa9_0/libsrc/cpu_cortexa9_v2_7/src -s clean 
make -C ps7_cortexa9_0/libsrc/scugic_v4_0/src -s clean 
make -C ps7_cortexa9_0/libsrc/emacps_v3_9/src -s clean 
make -C ps7_cortexa9_0/libsrc/gpiops_v3_5/src -s clean 
make -C ps7_cortexa9_0/libsrc/standalone_v7_0/src -s clean 
make -C ps7_cortexa9_0/libsrc/qspips_v3_6/src -s clean 
make -C ps7_cortexa9_0/libsrc/xadcps_v2_3/src -s clean 
make -C ps7_cortexa9_0/libsrc/sdps_v3_7/src -s clean 
make -C ps7_cortexa9_0/libsrc/devcfg_v3_5/src -s clean 
make -C ps7_cortexa9_0/libsrc/scuwdt_v2_1/src -s clean 
make -C ps7_cortexa9_0/libsrc/uartps_v3_7/src -s clean 
make -C ps7_cortexa9_0/libsrc/usbps_v2_4/src -s clean 
make -C ps7_cortexa9_0/libsrc/axicdma_v4_5/src -s clean 
make -C ps7_cortexa9_0/libsrc/scutimer_v2_1/src -s clean 
make -C ps7_cortexa9_0/libsrc/coresightps_dcc_v1_5/src -s clean 
rm -f ps7_cortexa9_0/lib/libxil.a
09:53:14 **** Build of project Aloha-HE_bsp ****
make -k all 
Running Make include in ps7_cortexa9_0/libsrc/ddrps_v1_0/src
make -C ps7_cortexa9_0/libsrc/ddrps_v1_0/src -s include  "SHELL=/bin/sh" "COMPILER=arm-none-eabi-gcc" "ARCHIVER=arm-none-eabi-ar" "COMPILER_FLAGS=  -O2 -c" "EXTRA_COMPILER_FLAGS=-mcpu=cortex-a9 -mfpu=vfpv3 -mfloat-abi=hard -nostartfiles -g -Wall -Wextra"
Running Make include in ps7_cortexa9_0/libsrc/dmaps_v2_4/src
make -C ps7_cortexa9_0/libsrc/dmaps_v2_4/src -s include  "SHELL=/bin/sh" "COMPILER=arm-none-eabi-gcc" "ARCHIVER=arm-none-eabi-ar" "COMPILER_FLAGS=  -O2 -c" "EXTRA_COMPILER_FLAGS=-mcpu=cortex-a9 -mfpu=vfpv3 -mfloat-abi=hard -nostartfiles -g -Wall -Wextra"
Running Make include in ps7_cortexa9_0/libsrc/cpu_cortexa9_v2_7/src
make -C ps7_cortexa9_0/libsrc/cpu_cortexa9_v2_7/src -s include  "SHELL=/bin/sh" "COMPILER=arm-none-eabi-gcc" "ARCHIVER=arm-none-eabi-ar" "COMPILER_FLAGS=  -O2 -c" "EXTRA_COMPILER_FLAGS=-mcpu=cortex-a9 -mfpu=vfpv3 -mfloat-abi=hard -nostartfiles -g -Wall -Wextra"
Running Make include in ps7_cortexa9_0/libsrc/scugic_v4_0/src
make -C ps7_cortexa9_0/libsrc/scugic_v4_0/src -s include  "SHELL=/bin/sh" "COMPILER=arm-none-eabi-gcc" "ARCHIVER=arm-none-eabi-ar" "COMPILER_FLAGS=  -O2 -c" "EXTRA_COMPILER_FLAGS=-mcpu=cortex-a9 -mfpu=vfpv3 -mfloat-abi=hard -nostartfiles -g -Wall -Wextra"
Running Make include in ps7_cortexa9_0/libsrc/emacps_v3_9/src
make -C ps7_cortexa9_0/libsrc/emacps_v3_9/src -s include  "SHELL=/bin/sh" "COMPILER=arm-none-eabi-gcc" "ARCHIVER=arm-none-eabi-ar" "COMPILER_FLAGS=  -O2 -c" "EXTRA_COMPILER_FLAGS=-mcpu=cortex-a9 -mfpu=vfpv3 -mfloat-abi=hard -nostartfiles -g -Wall -Wextra"
Running Make include in ps7_cortexa9_0/libsrc/gpiops_v3_5/src
make -C ps7_cortexa9_0/libsrc/gpiops_v3_5/src -s include  "SHELL=/bin/sh" "COMPILER=arm-none-eabi-gcc" "ARCHIVER=arm-none-eabi-ar" "COMPILER_FLAGS=  -O2 -c" "EXTRA_COMPILER_FLAGS=-mcpu=cortex-a9 -mfpu=vfpv3 -mfloat-abi=hard -nostartfiles -g -Wall -Wextra"
Running Make include in ps7_cortexa9_0/libsrc/standalone_v7_0/src
make -C ps7_cortexa9_0/libsrc/standalone_v7_0/src -s include  "SHELL=/bin/sh" "COMPILER=arm-none-eabi-gcc" "ARCHIVER=arm-none-eabi-ar" "COMPILER_FLAGS=  -O2 -c" "EXTRA_COMPILER_FLAGS=-mcpu=cortex-a9 -mfpu=vfpv3 -mfloat-abi=hard -nostartfiles -g -Wall -Wextra"
Running Make include in ps7_cortexa9_0/libsrc/qspips_v3_6/src
make -C ps7_cortexa9_0/libsrc/qspips_v3_6/src -s include  "SHELL=/bin/sh" "COMPILER=arm-none-eabi-gcc" "ARCHIVER=arm-none-eabi-ar" "COMPILER_FLAGS=  -O2 -c" "EXTRA_COMPILER_FLAGS=-mcpu=cortex-a9 -mfpu=vfpv3 -mfloat-abi=hard -nostartfiles -g -Wall -Wextra"
Running Make include in ps7_cortexa9_0/libsrc/xadcps_v2_3/src
make -C ps7_cortexa9_0/libsrc/xadcps_v2_3/src -s include  "SHELL=/bin/sh" "COMPILER=arm-none-eabi-gcc" "ARCHIVER=arm-none-eabi-ar" "COMPILER_FLAGS=  -O2 -c" "EXTRA_COMPILER_FLAGS=-mcpu=cortex-a9 -mfpu=vfpv3 -mfloat-abi=hard -nostartfiles -g -Wall -Wextra"
Running Make include in ps7_cortexa9_0/libsrc/sdps_v3_7/src
make -C ps7_cortexa9_0/libsrc/sdps_v3_7/src -s include  "SHELL=/bin/sh" "COMPILER=arm-none-eabi-gcc" "ARCHIVER=arm-none-eabi-ar" "COMPILER_FLAGS=  -O2 -c" "EXTRA_COMPILER_FLAGS=-mcpu=cortex-a9 -mfpu=vfpv3 -mfloat-abi=hard -nostartfiles -g -Wall -Wextra"
Running Make include in ps7_cortexa9_0/libsrc/devcfg_v3_5/src
make -C ps7_cortexa9_0/libsrc/devcfg_v3_5/src -s include  "SHELL=/bin/sh" "COMPILER=arm-none-eabi-gcc" "ARCHIVER=arm-none-eabi-ar" "COMPILER_FLAGS=  -O2 -c" "EXTRA_COMPILER_FLAGS=-mcpu=cortex-a9 -mfpu=vfpv3 -mfloat-abi=hard -nostartfiles -g -Wall -Wextra"
Running Make include in ps7_cortexa9_0/libsrc/scuwdt_v2_1/src
make -C ps7_cortexa9_0/libsrc/scuwdt_v2_1/src -s include  "SHELL=/bin/sh" "COMPILER=arm-none-eabi-gcc" "ARCHIVER=arm-none-eabi-ar" "COMPILER_FLAGS=  -O2 -c" "EXTRA_COMPILER_FLAGS=-mcpu=cortex-a9 -mfpu=vfpv3 -mfloat-abi=hard -nostartfiles -g -Wall -Wextra"
Running Make include in ps7_cortexa9_0/libsrc/uartps_v3_7/src
make -C ps7_cortexa9_0/libsrc/uartps_v3_7/src -s include  "SHELL=/bin/sh" "COMPILER=arm-none-eabi-gcc" "ARCHIVER=arm-none-eabi-ar" "COMPILER_FLAGS=  -O2 -c" "EXTRA_COMPILER_FLAGS=-mcpu=cortex-a9 -mfpu=vfpv3 -mfloat-abi=hard -nostartfiles -g -Wall -Wextra"
Running Make include in ps7_cortexa9_0/libsrc/usbps_v2_4/src
make -C ps7_cortexa9_0/libsrc/usbps_v2_4/src -s include  "SHELL=/bin/sh" "COMPILER=arm-none-eabi-gcc" "ARCHIVER=arm-none-eabi-ar" "COMPILER_FLAGS=  -O2 -c" "EXTRA_COMPILER_FLAGS=-mcpu=cortex-a9 -mfpu=vfpv3 -mfloat-abi=hard -nostartfiles -g -Wall -Wextra"
Running Make include in ps7_cortexa9_0/libsrc/axicdma_v4_5/src
make -C ps7_cortexa9_0/libsrc/axicdma_v4_5/src -s include  "SHELL=/bin/sh" "COMPILER=arm-none-eabi-gcc" "ARCHIVER=arm-none-eabi-ar" "COMPILER_FLAGS=  -O2 -c" "EXTRA_COMPILER_FLAGS=-mcpu=cortex-a9 -mfpu=vfpv3 -mfloat-abi=hard -nostartfiles -g -Wall -Wextra"
Running Make include in ps7_cortexa9_0/libsrc/scutimer_v2_1/src
make -C ps7_cortexa9_0/libsrc/scutimer_v2_1/src -s include  "SHELL=/bin/sh" "COMPILER=arm-none-eabi-gcc" "ARCHIVER=arm-none-eabi-ar" "COMPILER_FLAGS=  -O2 -c" "EXTRA_COMPILER_FLAGS=-mcpu=cortex-a9 -mfpu=vfpv3 -mfloat-abi=hard -nostartfiles -g -Wall -Wextra"
Running Make include in ps7_cortexa9_0/libsrc/coresightps_dcc_v1_5/src
make -C ps7_cortexa9_0/libsrc/coresightps_dcc_v1_5/src -s include  "SHELL=/bin/sh" "COMPILER=arm-none-eabi-gcc" "ARCHIVER=arm-none-eabi-ar" "COMPILER_FLAGS=  -O2 -c" "EXTRA_COMPILER_FLAGS=-mcpu=cortex-a9 -mfpu=vfpv3 -mfloat-abi=hard -nostartfiles -g -Wall -Wextra"
Running Make libs in ps7_cortexa9_0/libsrc/ddrps_v1_0/src
make -C ps7_cortexa9_0/libsrc/ddrps_v1_0/src -s libs  "SHELL=/bin/sh" "COMPILER=arm-none-eabi-gcc" "ARCHIVER=arm-none-eabi-ar" "COMPILER_FLAGS=  -O2 -c" "EXTRA_COMPILER_FLAGS=-mcpu=cortex-a9 -mfpu=vfpv3 -mfloat-abi=hard -nostartfiles -g -Wall -Wextra"
Compiling ddrps
arm-none-eabi-ar: creating ../../../lib/libxil.a
Running Make libs in ps7_cortexa9_0/libsrc/dmaps_v2_4/src
make -C ps7_cortexa9_0/libsrc/dmaps_v2_4/src -s libs  "SHELL=/bin/sh" "COMPILER=arm-none-eabi-gcc" "ARCHIVER=arm-none-eabi-ar" "COMPILER_FLAGS=  -O2 -c" "EXTRA_COMPILER_FLAGS=-mcpu=cortex-a9 -mfpu=vfpv3 -mfloat-abi=hard -nostartfiles -g -Wall -Wextra"
Compiling dmaps
Running Make libs in ps7_cortexa9_0/libsrc/cpu_cortexa9_v2_7/src
make -C ps7_cortexa9_0/libsrc/cpu_cortexa9_v2_7/src -s libs  "SHELL=/bin/sh" "COMPILER=arm-none-eabi-gcc" "ARCHIVER=arm-none-eabi-ar" "COMPILER_FLAGS=  -O2 -c" "EXTRA_COMPILER_FLAGS=-mcpu=cortex-a9 -mfpu=vfpv3 -mfloat-abi=hard -nostartfiles -g -Wall -Wextra"
Compiling cpu_cortexa9
Running Make libs in ps7_cortexa9_0/libsrc/scugic_v4_0/src
make -C ps7_cortexa9_0/libsrc/scugic_v4_0/src -s libs  "SHELL=/bin/sh" "COMPILER=arm-none-eabi-gcc" "ARCHIVER=arm-none-eabi-ar" "COMPILER_FLAGS=  -O2 -c" "EXTRA_COMPILER_FLAGS=-mcpu=cortex-a9 -mfpu=vfpv3 -mfloat-abi=hard -nostartfiles -g -Wall -Wextra"
Compiling scugic
Running Make libs in ps7_cortexa9_0/libsrc/emacps_v3_9/src
make -C ps7_cortexa9_0/libsrc/emacps_v3_9/src -s libs  "SHELL=/bin/sh" "COMPILER=arm-none-eabi-gcc" "ARCHIVER=arm-none-eabi-ar" "COMPILER_FLAGS=  -O2 -c" "EXTRA_COMPILER_FLAGS=-mcpu=cortex-a9 -mfpu=vfpv3 -mfloat-abi=hard -nostartfiles -g -Wall -Wextra"
Compiling emacps
Running Make libs in ps7_cortexa9_0/libsrc/gpiops_v3_5/src
make -C ps7_cortexa9_0/libsrc/gpiops_v3_5/src -s libs  "SHELL=/bin/sh" "COMPILER=arm-none-eabi-gcc" "ARCHIVER=arm-none-eabi-ar" "COMPILER_FLAGS=  -O2 -c" "EXTRA_COMPILER_FLAGS=-mcpu=cortex-a9 -mfpu=vfpv3 -mfloat-abi=hard -nostartfiles -g -Wall -Wextra"
Compiling gpiops
Running Make libs in ps7_cortexa9_0/libsrc/standalone_v7_0/src
make -C ps7_cortexa9_0/libsrc/standalone_v7_0/src -s libs  "SHELL=/bin/sh" "COMPILER=arm-none-eabi-gcc" "ARCHIVER=arm-none-eabi-ar" "COMPILER_FLAGS=  -O2 -c" "EXTRA_COMPILER_FLAGS=-mcpu=cortex-a9 -mfpu=vfpv3 -mfloat-abi=hard -nostartfiles -g -Wall -Wextra"
Compiling standalone
In file included from sleep.c:53:
xtime_l.h:87:9: note: #pragma message: For the sleep routines, Global timer is being used
 #pragma message ("For the sleep routines, Global timer is being used")
         ^~~~~~~
In file included from xtime_l.c:49:
xtime_l.h:87:9: note: #pragma message: For the sleep routines, Global timer is being used
 #pragma message ("For the sleep routines, Global timer is being used")
         ^~~~~~~
In file included from xil_sleeptimer.c:51:
xtime_l.h:87:9: note: #pragma message: For the sleep routines, Global timer is being used
 #pragma message ("For the sleep routines, Global timer is being used")
         ^~~~~~~
In file included from usleep.c:56:
xtime_l.h:87:9: note: #pragma message: For the sleep routines, Global timer is being used
 #pragma message ("For the sleep routines, Global timer is being used")
         ^~~~~~~
Running Make libs in ps7_cortexa9_0/libsrc/qspips_v3_6/src
make -C ps7_cortexa9_0/libsrc/qspips_v3_6/src -s libs  "SHELL=/bin/sh" "COMPILER=arm-none-eabi-gcc" "ARCHIVER=arm-none-eabi-ar" "COMPILER_FLAGS=  -O2 -c" "EXTRA_COMPILER_FLAGS=-mcpu=cortex-a9 -mfpu=vfpv3 -mfloat-abi=hard -nostartfiles -g -Wall -Wextra"
Compiling qspips
Running Make libs in ps7_cortexa9_0/libsrc/xadcps_v2_3/src
make -C ps7_cortexa9_0/libsrc/xadcps_v2_3/src -s libs  "SHELL=/bin/sh" "COMPILER=arm-none-eabi-gcc" "ARCHIVER=arm-none-eabi-ar" "COMPILER_FLAGS=  -O2 -c" "EXTRA_COMPILER_FLAGS=-mcpu=cortex-a9 -mfpu=vfpv3 -mfloat-abi=hard -nostartfiles -g -Wall -Wextra"
Compiling xadcps
Running Make libs in ps7_cortexa9_0/libsrc/sdps_v3_7/src
make -C ps7_cortexa9_0/libsrc/sdps_v3_7/src -s libs  "SHELL=/bin/sh" "COMPILER=arm-none-eabi-gcc" "ARCHIVER=arm-none-eabi-ar" "COMPILER_FLAGS=  -O2 -c" "EXTRA_COMPILER_FLAGS=-mcpu=cortex-a9 -mfpu=vfpv3 -mfloat-abi=hard -nostartfiles -g -Wall -Wextra"
Compiling sdps
Running Make libs in ps7_cortexa9_0/libsrc/devcfg_v3_5/src
make -C ps7_cortexa9_0/libsrc/devcfg_v3_5/src -s libs  "SHELL=/bin/sh" "COMPILER=arm-none-eabi-gcc" "ARCHIVER=arm-none-eabi-ar" "COMPILER_FLAGS=  -O2 -c" "EXTRA_COMPILER_FLAGS=-mcpu=cortex-a9 -mfpu=vfpv3 -mfloat-abi=hard -nostartfiles -g -Wall -Wextra"
Compiling devcfg
Running Make libs in ps7_cortexa9_0/libsrc/scuwdt_v2_1/src
make -C ps7_cortexa9_0/libsrc/scuwdt_v2_1/src -s libs  "SHELL=/bin/sh" "COMPILER=arm-none-eabi-gcc" "ARCHIVER=arm-none-eabi-ar" "COMPILER_FLAGS=  -O2 -c" "EXTRA_COMPILER_FLAGS=-mcpu=cortex-a9 -mfpu=vfpv3 -mfloat-abi=hard -nostartfiles -g -Wall -Wextra"
Compiling scuwdt
Running Make libs in ps7_cortexa9_0/libsrc/uartps_v3_7/src
make -C ps7_cortexa9_0/libsrc/uartps_v3_7/src -s libs  "SHELL=/bin/sh" "COMPILER=arm-none-eabi-gcc" "ARCHIVER=arm-none-eabi-ar" "COMPILER_FLAGS=  -O2 -c" "EXTRA_COMPILER_FLAGS=-mcpu=cortex-a9 -mfpu=vfpv3 -mfloat-abi=hard -nostartfiles -g -Wall -Wextra"
Compiling uartps
Running Make libs in ps7_cortexa9_0/libsrc/usbps_v2_4/src
make -C ps7_cortexa9_0/libsrc/usbps_v2_4/src -s libs  "SHELL=/bin/sh" "COMPILER=arm-none-eabi-gcc" "ARCHIVER=arm-none-eabi-ar" "COMPILER_FLAGS=  -O2 -c" "EXTRA_COMPILER_FLAGS=-mcpu=cortex-a9 -mfpu=vfpv3 -mfloat-abi=hard -nostartfiles -g -Wall -Wextra"
Compiling usbps
Running Make libs in ps7_cortexa9_0/libsrc/axicdma_v4_5/src
make -C ps7_cortexa9_0/libsrc/axicdma_v4_5/src -s libs  "SHELL=/bin/sh" "COMPILER=arm-none-eabi-gcc" "ARCHIVER=arm-none-eabi-ar" "COMPILER_FLAGS=  -O2 -c" "EXTRA_COMPILER_FLAGS=-mcpu=cortex-a9 -mfpu=vfpv3 -mfloat-abi=hard -nostartfiles -g -Wall -Wextra"
Compiling axicdma
Running Make libs in ps7_cortexa9_0/libsrc/scutimer_v2_1/src
make -C ps7_cortexa9_0/libsrc/scutimer_v2_1/src -s libs  "SHELL=/bin/sh" "COMPILER=arm-none-eabi-gcc" "ARCHIVER=arm-none-eabi-ar" "COMPILER_FLAGS=  -O2 -c" "EXTRA_COMPILER_FLAGS=-mcpu=cortex-a9 -mfpu=vfpv3 -mfloat-abi=hard -nostartfiles -g -Wall -Wextra"
Compiling scutimer
Running Make libs in ps7_cortexa9_0/libsrc/coresightps_dcc_v1_5/src
make -C ps7_cortexa9_0/libsrc/coresightps_dcc_v1_5/src -s libs  "SHELL=/bin/sh" "COMPILER=arm-none-eabi-gcc" "ARCHIVER=arm-none-eabi-ar" "COMPILER_FLAGS=  -O2 -c" "EXTRA_COMPILER_FLAGS=-mcpu=cortex-a9 -mfpu=vfpv3 -mfloat-abi=hard -nostartfiles -g -Wall -Wextra"
Compiling coresightps_dcc
Finished building libraries
09:53:29 **** Build of configuration Debug for project Aloha-HE ****
make pre-build main-build 
a9-linaro-pre-build-step
 
Building file: ../src/Testing/ckksTest.c
Invoking: ARM v7 gcc compiler
arm-none-eabi-gcc -Wall -O0 -g3 -c -fmessage-length=0 -MT"src/Testing/ckksTest.o" -mcpu=cortex-a9 -mfpu=vfpv3 -mfloat-abi=hard -I../../Aloha-HE_bsp/ps7_cortexa9_0/include -MMD -MP -MF"src/Testing/ckksTest.d" -MT"src/Testing/ckksTest.o" -o "src/Testing/ckksTest.o" "../src/Testing/ckksTest.c"
In file included from ../src/Testing/ckksTest.c:27:
../../Aloha-HE_bsp/ps7_cortexa9_0/include/xtime_l.h:87:9: note: #pragma message: For the sleep routines, Global timer is being used
 #pragma message ("For the sleep routines, Global timer is being used")
         ^~~~~~~
../src/Testing/ckksTest.c: In function 'test_hardware':
../src/Testing/ckksTest.c:619:10: warning: unused variable 'rns_delta_max' [-Wunused-variable]
  int64_t rns_delta_max = 1; // +/- 1
          ^~~~~~~~~~~~~
../src/Testing/ckksTest.c:618:9: warning: unused variable 'eps_fft_tw_storage' [-Wunused-variable]
  double eps_fft_tw_storage = pow(2,-30);
         ^~~~~~~~~~~~~~~~~~
Finished building: ../src/Testing/ckksTest.c
 
Building file: ../src/ckksAccelerator.c
Invoking: ARM v7 gcc compiler
arm-none-eabi-gcc -Wall -O0 -g3 -c -fmessage-length=0 -MT"src/ckksAccelerator.o" -mcpu=cortex-a9 -mfpu=vfpv3 -mfloat-abi=hard -I../../Aloha-HE_bsp/ps7_cortexa9_0/include -MMD -MP -MF"src/ckksAccelerator.d" -MT"src/ckksAccelerator.o" -o "src/ckksAccelerator.o" "../src/ckksAccelerator.c"
Finished building: ../src/ckksAccelerator.c
 
Building file: ../src/communication.c
Invoking: ARM v7 gcc compiler
arm-none-eabi-gcc -Wall -O0 -g3 -c -fmessage-length=0 -MT"src/communication.o" -mcpu=cortex-a9 -mfpu=vfpv3 -mfloat-abi=hard -I../../Aloha-HE_bsp/ps7_cortexa9_0/include -MMD -MP -MF"src/communication.d" -MT"src/communication.o" -o "src/communication.o" "../src/communication.c"
Finished building: ../src/communication.c
 
Building file: ../src/instruction.c
Invoking: ARM v7 gcc compiler
arm-none-eabi-gcc -Wall -O0 -g3 -c -fmessage-length=0 -MT"src/instruction.o" -mcpu=cortex-a9 -mfpu=vfpv3 -mfloat-abi=hard -I../../Aloha-HE_bsp/ps7_cortexa9_0/include -MMD -MP -MF"src/instruction.d" -MT"src/instruction.o" -o "src/instruction.o" "../src/instruction.c"
Finished building: ../src/instruction.c
 
Building file: ../src/main.c
Invoking: ARM v7 gcc compiler
arm-none-eabi-gcc -Wall -O0 -g3 -c -fmessage-length=0 -MT"src/main.o" -mcpu=cortex-a9 -mfpu=vfpv3 -mfloat-abi=hard -I../../Aloha-HE_bsp/ps7_cortexa9_0/include -MMD -MP -MF"src/main.d" -MT"src/main.o" -o "src/main.o" "../src/main.c"
In file included from ../src/main.c:15:
../../Aloha-HE_bsp/ps7_cortexa9_0/include/xtime_l.h:87:9: note: #pragma message: For the sleep routines, Global timer is being used
 #pragma message ("For the sleep routines, Global timer is being used")
         ^~~~~~~
Finished building: ../src/main.c
 
Building file: ../src/platform.c
Invoking: ARM v7 gcc compiler
arm-none-eabi-gcc -Wall -O0 -g3 -c -fmessage-length=0 -MT"src/platform.o" -mcpu=cortex-a9 -mfpu=vfpv3 -mfloat-abi=hard -I../../Aloha-HE_bsp/ps7_cortexa9_0/include -MMD -MP -MF"src/platform.d" -MT"src/platform.o" -o "src/platform.o" "../src/platform.c"
Finished building: ../src/platform.c
 
Building target: Aloha-HE.elf
Invoking: ARM v7 gcc linker
arm-none-eabi-gcc -lm -mcpu=cortex-a9 -mfpu=vfpv3 -mfloat-abi=hard -Wl,-build-id=none -specs=Xilinx.spec -Wl,-T -Wl,../src/lscript.ld -L../../Aloha-HE_bsp/ps7_cortexa9_0/lib -o "Aloha-HE.elf"  ./src/Testing/ckksTest.o  ./src/ckksAccelerator.o ./src/communication.o ./src/instruction.o ./src/main.o ./src/platform.o   -Wl,--start-group,-lxil,-lgcc,-lc,--end-group
/opt/Xilinx/SDK/2019.1/gnu/aarch32/lin/gcc-arm-none-eabi/bin/../lib/gcc/arm-none-eabi/8.2.0/../../../../arm-none-eabi/bin/ld: ./src/Testing/ckksTest.o: in function `checkPolyFFT':
/home/fkrieger/Desktop/Aloha-HE/Aloha-HE_ZYNQ/Aloha-HE_ZYNQ.sdk/Aloha-HE/Debug/../src/Testing/ckksTest.c:395: undefined reference to `pow'
collect2: error: ld returned 1 exit status
make: *** [makefile:42: Aloha-HE.elf] Error 1
09:55:11 **** Clean-only build of configuration Debug for project Aloha-HE ****
make clean 
rm -rf  ./src/Testing/ckksTest.o  ./src/ckksAccelerator.o ./src/communication.o ./src/instruction.o ./src/main.o ./src/platform.o  ./src/Testing/ckksTest.d  ./src/ckksAccelerator.d ./src/communication.d ./src/instruction.d ./src/main.d ./src/platform.d  Aloha-HE.elf.size  Aloha-HE.elf
 
09:55:11 **** Auto Build of configuration Debug for project Aloha-HE ****
make pre-build main-build 
a9-linaro-pre-build-step
 
Building file: ../src/Testing/ckksTest.c
Invoking: ARM v7 gcc compiler
arm-none-eabi-gcc -Wall -O0 -g3 -c -fmessage-length=0 -MT"src/Testing/ckksTest.o" -mcpu=cortex-a9 -mfpu=vfpv3 -mfloat-abi=hard -I../../Aloha-HE_bsp/ps7_cortexa9_0/include -MMD -MP -MF"src/Testing/ckksTest.d" -MT"src/Testing/ckksTest.o" -o "src/Testing/ckksTest.o" "../src/Testing/ckksTest.c"
In file included from ../src/Testing/ckksTest.c:27:
../../Aloha-HE_bsp/ps7_cortexa9_0/include/xtime_l.h:87:9: note: #pragma message: For the sleep routines, Global timer is being used
 #pragma message ("For the sleep routines, Global timer is being used")
         ^~~~~~~
../src/Testing/ckksTest.c: In function 'test_hardware':
../src/Testing/ckksTest.c:619:10: warning: unused variable 'rns_delta_max' [-Wunused-variable]
  int64_t rns_delta_max = 1; // +/- 1
          ^~~~~~~~~~~~~
../src/Testing/ckksTest.c:618:9: warning: unused variable 'eps_fft_tw_storage' [-Wunused-variable]
  double eps_fft_tw_storage = pow(2,-30);
         ^~~~~~~~~~~~~~~~~~
Finished building: ../src/Testing/ckksTest.c
 
Building file: ../src/ckksAccelerator.c
Invoking: ARM v7 gcc compiler
arm-none-eabi-gcc -Wall -O0 -g3 -c -fmessage-length=0 -MT"src/ckksAccelerator.o" -mcpu=cortex-a9 -mfpu=vfpv3 -mfloat-abi=hard -I../../Aloha-HE_bsp/ps7_cortexa9_0/include -MMD -MP -MF"src/ckksAccelerator.d" -MT"src/ckksAccelerator.o" -o "src/ckksAccelerator.o" "../src/ckksAccelerator.c"
Finished building: ../src/ckksAccelerator.c
 
Building file: ../src/communication.c
Invoking: ARM v7 gcc compiler
arm-none-eabi-gcc -Wall -O0 -g3 -c -fmessage-length=0 -MT"src/communication.o" -mcpu=cortex-a9 -mfpu=vfpv3 -mfloat-abi=hard -I../../Aloha-HE_bsp/ps7_cortexa9_0/include -MMD -MP -MF"src/communication.d" -MT"src/communication.o" -o "src/communication.o" "../src/communication.c"
Finished building: ../src/communication.c
 
Building file: ../src/instruction.c
Invoking: ARM v7 gcc compiler
arm-none-eabi-gcc -Wall -O0 -g3 -c -fmessage-length=0 -MT"src/instruction.o" -mcpu=cortex-a9 -mfpu=vfpv3 -mfloat-abi=hard -I../../Aloha-HE_bsp/ps7_cortexa9_0/include -MMD -MP -MF"src/instruction.d" -MT"src/instruction.o" -o "src/instruction.o" "../src/instruction.c"
Finished building: ../src/instruction.c
 
Building file: ../src/main.c
Invoking: ARM v7 gcc compiler
arm-none-eabi-gcc -Wall -O0 -g3 -c -fmessage-length=0 -MT"src/main.o" -mcpu=cortex-a9 -mfpu=vfpv3 -mfloat-abi=hard -I../../Aloha-HE_bsp/ps7_cortexa9_0/include -MMD -MP -MF"src/main.d" -MT"src/main.o" -o "src/main.o" "../src/main.c"
In file included from ../src/main.c:15:
../../Aloha-HE_bsp/ps7_cortexa9_0/include/xtime_l.h:87:9: note: #pragma message: For the sleep routines, Global timer is being used
 #pragma message ("For the sleep routines, Global timer is being used")
         ^~~~~~~
Finished building: ../src/main.c
 
Building file: ../src/platform.c
Invoking: ARM v7 gcc compiler
arm-none-eabi-gcc -Wall -O0 -g3 -c -fmessage-length=0 -MT"src/platform.o" -mcpu=cortex-a9 -mfpu=vfpv3 -mfloat-abi=hard -I../../Aloha-HE_bsp/ps7_cortexa9_0/include -MMD -MP -MF"src/platform.d" -MT"src/platform.o" -o "src/platform.o" "../src/platform.c"
Finished building: ../src/platform.c
 
Building target: Aloha-HE.elf
Invoking: ARM v7 gcc linker
arm-none-eabi-gcc -mcpu=cortex-a9 -mfpu=vfpv3 -mfloat-abi=hard -Wl,-build-id=none -specs=Xilinx.spec -Wl,-T -Wl,../src/lscript.ld -L../../Aloha-HE_bsp/ps7_cortexa9_0/lib -o "Aloha-HE.elf"  ./src/Testing/ckksTest.o  ./src/ckksAccelerator.o ./src/communication.o ./src/instruction.o ./src/main.o ./src/platform.o   -lm -Wl,--start-group,-lxil,-lgcc,-lc,--end-group
Finished building target: Aloha-HE.elf
 
Invoking: ARM v7 Print Size
arm-none-eabi-size Aloha-HE.elf  |tee "Aloha-HE.elf.size"
   text	   data	    bss	    dec	    hex	filename
 128682	3041824	20896160	24066666	16f3a6a	Aloha-HE.elf
Finished building: Aloha-HE.elf.size
 
09:55:17 **** Clean-only build of configuration Debug for project Aloha-HE ****
make clean 
rm -rf  ./src/Testing/ckksTest.o  ./src/ckksAccelerator.o ./src/communication.o ./src/instruction.o ./src/main.o ./src/platform.o  ./src/Testing/ckksTest.d  ./src/ckksAccelerator.d ./src/communication.d ./src/instruction.d ./src/main.d ./src/platform.d  Aloha-HE.elf.size  Aloha-HE.elf
 
09:55:17 **** Auto Build of configuration Debug for project Aloha-HE ****
make pre-build main-build 
a9-linaro-pre-build-step
 
Building file: ../src/Testing/ckksTest.c
Invoking: ARM v7 gcc compiler
arm-none-eabi-gcc -Wall -O0 -g3 -c -fmessage-length=0 -MT"src/Testing/ckksTest.o" -mcpu=cortex-a9 -mfpu=vfpv3 -mfloat-abi=hard -I../../Aloha-HE_bsp/ps7_cortexa9_0/include -MMD -MP -MF"src/Testing/ckksTest.d" -MT"src/Testing/ckksTest.o" -o "src/Testing/ckksTest.o" "../src/Testing/ckksTest.c"
In file included from ../src/Testing/ckksTest.c:27:
../../Aloha-HE_bsp/ps7_cortexa9_0/include/xtime_l.h:87:9: note: #pragma message: For the sleep routines, Global timer is being used
 #pragma message ("For the sleep routines, Global timer is being used")
         ^~~~~~~
../src/Testing/ckksTest.c: In function 'test_hardware':
../src/Testing/ckksTest.c:619:10: warning: unused variable 'rns_delta_max' [-Wunused-variable]
  int64_t rns_delta_max = 1; // +/- 1
          ^~~~~~~~~~~~~
../src/Testing/ckksTest.c:618:9: warning: unused variable 'eps_fft_tw_storage' [-Wunused-variable]
  double eps_fft_tw_storage = pow(2,-30);
         ^~~~~~~~~~~~~~~~~~
Finished building: ../src/Testing/ckksTest.c
 
Building file: ../src/ckksAccelerator.c
Invoking: ARM v7 gcc compiler
arm-none-eabi-gcc -Wall -O0 -g3 -c -fmessage-length=0 -MT"src/ckksAccelerator.o" -mcpu=cortex-a9 -mfpu=vfpv3 -mfloat-abi=hard -I../../Aloha-HE_bsp/ps7_cortexa9_0/include -MMD -MP -MF"src/ckksAccelerator.d" -MT"src/ckksAccelerator.o" -o "src/ckksAccelerator.o" "../src/ckksAccelerator.c"
Finished building: ../src/ckksAccelerator.c
 
Building file: ../src/communication.c
Invoking: ARM v7 gcc compiler
arm-none-eabi-gcc -Wall -O0 -g3 -c -fmessage-length=0 -MT"src/communication.o" -mcpu=cortex-a9 -mfpu=vfpv3 -mfloat-abi=hard -I../../Aloha-HE_bsp/ps7_cortexa9_0/include -MMD -MP -MF"src/communication.d" -MT"src/communication.o" -o "src/communication.o" "../src/communication.c"
Finished building: ../src/communication.c
 
Building file: ../src/instruction.c
Invoking: ARM v7 gcc compiler
arm-none-eabi-gcc -Wall -O0 -g3 -c -fmessage-length=0 -MT"src/instruction.o" -mcpu=cortex-a9 -mfpu=vfpv3 -mfloat-abi=hard -I../../Aloha-HE_bsp/ps7_cortexa9_0/include -MMD -MP -MF"src/instruction.d" -MT"src/instruction.o" -o "src/instruction.o" "../src/instruction.c"
Finished building: ../src/instruction.c
 
Building file: ../src/main.c
Invoking: ARM v7 gcc compiler
arm-none-eabi-gcc -Wall -O0 -g3 -c -fmessage-length=0 -MT"src/main.o" -mcpu=cortex-a9 -mfpu=vfpv3 -mfloat-abi=hard -I../../Aloha-HE_bsp/ps7_cortexa9_0/include -MMD -MP -MF"src/main.d" -MT"src/main.o" -o "src/main.o" "../src/main.c"
In file included from ../src/main.c:15:
../../Aloha-HE_bsp/ps7_cortexa9_0/include/xtime_l.h:87:9: note: #pragma message: For the sleep routines, Global timer is being used
 #pragma message ("For the sleep routines, Global timer is being used")
         ^~~~~~~
Finished building: ../src/main.c
 
Building file: ../src/platform.c
Invoking: ARM v7 gcc compiler
arm-none-eabi-gcc -Wall -O0 -g3 -c -fmessage-length=0 -MT"src/platform.o" -mcpu=cortex-a9 -mfpu=vfpv3 -mfloat-abi=hard -I../../Aloha-HE_bsp/ps7_cortexa9_0/include -MMD -MP -MF"src/platform.d" -MT"src/platform.o" -o "src/platform.o" "../src/platform.c"
Finished building: ../src/platform.c
 
Building target: Aloha-HE.elf
Invoking: ARM v7 gcc linker
arm-none-eabi-gcc -mcpu=cortex-a9 -mfpu=vfpv3 -mfloat-abi=hard -Wl,-build-id=none -specs=Xilinx.spec -Wl,-T -Wl,../src/lscript.ld -L../../Aloha-HE_bsp/ps7_cortexa9_0/lib -o "Aloha-HE.elf"  ./src/Testing/ckksTest.o  ./src/ckksAccelerator.o ./src/communication.o ./src/instruction.o ./src/main.o ./src/platform.o   -lm -Wl,--start-group,-lxil,-lgcc,-lc,--end-group
Finished building target: Aloha-HE.elf
 
Invoking: ARM v7 Print Size
arm-none-eabi-size Aloha-HE.elf  |tee "Aloha-HE.elf.size"
   text	   data	    bss	    dec	    hex	filename
 128682	3041824	20896160	24066666	16f3a6a	Aloha-HE.elf
Finished building: Aloha-HE.elf.size
 
10:00:48 **** Auto Build of configuration Debug for project Aloha-HE ****
make pre-build main-build 
a9-linaro-pre-build-step
 
Building file: ../src/communication.c
Invoking: ARM v7 gcc compiler
arm-none-eabi-gcc -Wall -O0 -g3 -c -fmessage-length=0 -MT"src/communication.o" -mcpu=cortex-a9 -mfpu=vfpv3 -mfloat-abi=hard -I../../Aloha-HE_bsp/ps7_cortexa9_0/include -MMD -MP -MF"src/communication.d" -MT"src/communication.o" -o "src/communication.o" "../src/communication.c"
Finished building: ../src/communication.c
 
Building target: Aloha-HE.elf
Invoking: ARM v7 gcc linker
arm-none-eabi-gcc -mcpu=cortex-a9 -mfpu=vfpv3 -mfloat-abi=hard -Wl,-build-id=none -specs=Xilinx.spec -Wl,-T -Wl,../src/lscript.ld -L../../Aloha-HE_bsp/ps7_cortexa9_0/lib -o "Aloha-HE.elf"  ./src/Testing/ckksTest.o  ./src/ckksAccelerator.o ./src/communication.o ./src/instruction.o ./src/main.o ./src/platform.o   -lm -Wl,--start-group,-lxil,-lgcc,-lc,--end-group
Finished building target: Aloha-HE.elf
 
Invoking: ARM v7 Print Size
arm-none-eabi-size Aloha-HE.elf  |tee "Aloha-HE.elf.size"
   text	   data	    bss	    dec	    hex	filename
 128736	3041824	20896160	24066720	16f3aa0	Aloha-HE.elf
Finished building: Aloha-HE.elf.size
 
10:01:30 **** Auto Build of configuration Debug for project Aloha-HE ****
make pre-build main-build 
a9-linaro-pre-build-step
 
Building file: ../src/main.c
Invoking: ARM v7 gcc compiler
arm-none-eabi-gcc -Wall -O0 -g3 -c -fmessage-length=0 -MT"src/main.o" -mcpu=cortex-a9 -mfpu=vfpv3 -mfloat-abi=hard -I../../Aloha-HE_bsp/ps7_cortexa9_0/include -MMD -MP -MF"src/main.d" -MT"src/main.o" -o "src/main.o" "../src/main.c"
In file included from ../src/main.c:15:
../../Aloha-HE_bsp/ps7_cortexa9_0/include/xtime_l.h:87:9: note: #pragma message: For the sleep routines, Global timer is being used
 #pragma message ("For the sleep routines, Global timer is being used")
         ^~~~~~~
Finished building: ../src/main.c
 
Building target: Aloha-HE.elf
Invoking: ARM v7 gcc linker
arm-none-eabi-gcc -mcpu=cortex-a9 -mfpu=vfpv3 -mfloat-abi=hard -Wl,-build-id=none -specs=Xilinx.spec -Wl,-T -Wl,../src/lscript.ld -L../../Aloha-HE_bsp/ps7_cortexa9_0/lib -o "Aloha-HE.elf"  ./src/Testing/ckksTest.o  ./src/ckksAccelerator.o ./src/communication.o ./src/instruction.o ./src/main.o ./src/platform.o   -lm -Wl,--start-group,-lxil,-lgcc,-lc,--end-group
Finished building target: Aloha-HE.elf
 
Invoking: ARM v7 Print Size
arm-none-eabi-size Aloha-HE.elf  |tee "Aloha-HE.elf.size"
   text	   data	    bss	    dec	    hex	filename
 128682	3041824	20896160	24066666	16f3a6a	Aloha-HE.elf
Finished building: Aloha-HE.elf.size
 
10:04:31 **** Incremental Build of configuration Debug for project Aloha-HE ****
make pre-build main-build 
a9-linaro-pre-build-step
 
make: Nothing to be done for 'main-build'.
10:05:18 **** Auto Build of configuration Debug for project Aloha-HE ****
make pre-build main-build 
a9-linaro-pre-build-step
 
Building file: ../src/Testing/ckksTest.c
Invoking: ARM v7 gcc compiler
arm-none-eabi-gcc -Wall -O0 -g3 -c -fmessage-length=0 -MT"src/Testing/ckksTest.o" -mcpu=cortex-a9 -mfpu=vfpv3 -mfloat-abi=hard -I../../Aloha-HE_bsp/ps7_cortexa9_0/include -MMD -MP -MF"src/Testing/ckksTest.d" -MT"src/Testing/ckksTest.o" -o "src/Testing/ckksTest.o" "../src/Testing/ckksTest.c"
In file included from ../src/Testing/ckksTest.c:27:
../../Aloha-HE_bsp/ps7_cortexa9_0/include/xtime_l.h:87:9: note: #pragma message: For the sleep routines, Global timer is being used
 #pragma message ("For the sleep routines, Global timer is being used")
         ^~~~~~~
../src/Testing/ckksTest.c: In function 'test_hardware':
../src/Testing/ckksTest.c:619:10: warning: unused variable 'rns_delta_max' [-Wunused-variable]
  int64_t rns_delta_max = 1; // +/- 1
          ^~~~~~~~~~~~~
../src/Testing/ckksTest.c:618:9: warning: unused variable 'eps_fft_tw_storage' [-Wunused-variable]
  double eps_fft_tw_storage = pow(2,-30);
         ^~~~~~~~~~~~~~~~~~
Finished building: ../src/Testing/ckksTest.c
 
Building target: Aloha-HE.elf
Invoking: ARM v7 gcc linker
arm-none-eabi-gcc -mcpu=cortex-a9 -mfpu=vfpv3 -mfloat-abi=hard -Wl,-build-id=none -specs=Xilinx.spec -Wl,-T -Wl,../src/lscript.ld -L../../Aloha-HE_bsp/ps7_cortexa9_0/lib -o "Aloha-HE.elf"  ./src/Testing/ckksTest.o  ./src/ckksAccelerator.o ./src/communication.o ./src/instruction.o ./src/main.o ./src/platform.o   -lm -Wl,--start-group,-lxil,-lgcc,-lc,--end-group
Finished building target: Aloha-HE.elf
 
Invoking: ARM v7 Print Size
arm-none-eabi-size Aloha-HE.elf  |tee "Aloha-HE.elf.size"
   text	   data	    bss	    dec	    hex	filename
 128682	3041824	20896160	24066666	16f3a6a	Aloha-HE.elf
Finished building: Aloha-HE.elf.size
 
10:05:29 **** Incremental Build of configuration Debug for project Aloha-HE ****
make pre-build main-build 
a9-linaro-pre-build-step
 
make: Nothing to be done for 'main-build'.
10:06:37 **** Incremental Build of configuration Debug for project Aloha-HE ****
make pre-build main-build 
a9-linaro-pre-build-step
 
make: Nothing to be done for 'main-build'.
10:08:04 **** Auto Build of configuration Debug for project Aloha-HE ****
make pre-build main-build 
a9-linaro-pre-build-step
 
Building file: ../src/Testing/ckksTest.c
Invoking: ARM v7 gcc compiler
arm-none-eabi-gcc -Wall -O0 -g3 -c -fmessage-length=0 -MT"src/Testing/ckksTest.o" -mcpu=cortex-a9 -mfpu=vfpv3 -mfloat-abi=hard -I../../Aloha-HE_bsp/ps7_cortexa9_0/include -MMD -MP -MF"src/Testing/ckksTest.d" -MT"src/Testing/ckksTest.o" -o "src/Testing/ckksTest.o" "../src/Testing/ckksTest.c"
In file included from ../src/Testing/ckksTest.c:27:
../../Aloha-HE_bsp/ps7_cortexa9_0/include/xtime_l.h:87:9: note: #pragma message: For the sleep routines, Global timer is being used
 #pragma message ("For the sleep routines, Global timer is being used")
         ^~~~~~~
../src/Testing/ckksTest.c: In function 'test_hardware':
../src/Testing/ckksTest.c:619:10: warning: unused variable 'rns_delta_max' [-Wunused-variable]
  int64_t rns_delta_max = 1; // +/- 1
          ^~~~~~~~~~~~~
../src/Testing/ckksTest.c:618:9: warning: unused variable 'eps_fft_tw_storage' [-Wunused-variable]
  double eps_fft_tw_storage = pow(2,-30);
         ^~~~~~~~~~~~~~~~~~
Finished building: ../src/Testing/ckksTest.c
 
Building target: Aloha-HE.elf
Invoking: ARM v7 gcc linker
arm-none-eabi-gcc -mcpu=cortex-a9 -mfpu=vfpv3 -mfloat-abi=hard -Wl,-build-id=none -specs=Xilinx.spec -Wl,-T -Wl,../src/lscript.ld -L../../Aloha-HE_bsp/ps7_cortexa9_0/lib -o "Aloha-HE.elf"  ./src/Testing/ckksTest.o  ./src/ckksAccelerator.o ./src/communication.o ./src/instruction.o ./src/main.o ./src/platform.o   -lm -Wl,--start-group,-lxil,-lgcc,-lc,--end-group
Finished building target: Aloha-HE.elf
 
Invoking: ARM v7 Print Size
arm-none-eabi-size Aloha-HE.elf  |tee "Aloha-HE.elf.size"
   text	   data	    bss	    dec	    hex	filename
 128682	3041824	20896160	24066666	16f3a6a	Aloha-HE.elf
Finished building: Aloha-HE.elf.size
 
10:08:11 **** Incremental Build of configuration Debug for project Aloha-HE ****
make pre-build main-build 
a9-linaro-pre-build-step
 
make: Nothing to be done for 'main-build'.
10:08:38 **** Incremental Build of configuration Debug for project Aloha-HE ****
make pre-build main-build 
a9-linaro-pre-build-step
 
make: Nothing to be done for 'main-build'.
10:11:08 **** Auto Build of configuration Debug for project Aloha-HE ****
make pre-build main-build 
a9-linaro-pre-build-step
 
Building file: ../src/Testing/ckksTest.c
Invoking: ARM v7 gcc compiler
arm-none-eabi-gcc -Wall -O0 -g3 -c -fmessage-length=0 -MT"src/Testing/ckksTest.o" -mcpu=cortex-a9 -mfpu=vfpv3 -mfloat-abi=hard -I../../Aloha-HE_bsp/ps7_cortexa9_0/include -MMD -MP -MF"src/Testing/ckksTest.d" -MT"src/Testing/ckksTest.o" -o "src/Testing/ckksTest.o" "../src/Testing/ckksTest.c"
In file included from ../src/Testing/ckksTest.c:27:
../../Aloha-HE_bsp/ps7_cortexa9_0/include/xtime_l.h:87:9: note: #pragma message: For the sleep routines, Global timer is being used
 #pragma message ("For the sleep routines, Global timer is being used")
         ^~~~~~~
../src/Testing/ckksTest.c: In function 'test_hardware':
../src/Testing/ckksTest.c:1239:11: warning: unused variable 'result_fft' [-Wunused-variable]
  uint64_t result_fft[2*poly_size] ALIGN;
           ^~~~~~~~~~
../src/Testing/ckksTest.c:619:10: warning: unused variable 'rns_delta_max' [-Wunused-variable]
  int64_t rns_delta_max = 1; // +/- 1
          ^~~~~~~~~~~~~
../src/Testing/ckksTest.c:618:9: warning: unused variable 'eps_fft_tw_storage' [-Wunused-variable]
  double eps_fft_tw_storage = pow(2,-30);
         ^~~~~~~~~~~~~~~~~~
../src/Testing/ckksTest.c:617:15: warning: unused variable 'eps_fft' [-Wunused-variable]
  const double eps_fft = pow(2,-30); // ~0.9e-9%
               ^~~~~~~
Finished building: ../src/Testing/ckksTest.c
 
Building target: Aloha-HE.elf
Invoking: ARM v7 gcc linker
arm-none-eabi-gcc -mcpu=cortex-a9 -mfpu=vfpv3 -mfloat-abi=hard -Wl,-build-id=none -specs=Xilinx.spec -Wl,-T -Wl,../src/lscript.ld -L../../Aloha-HE_bsp/ps7_cortexa9_0/lib -o "Aloha-HE.elf"  ./src/Testing/ckksTest.o  ./src/ckksAccelerator.o ./src/communication.o ./src/instruction.o ./src/main.o ./src/platform.o   -lm -Wl,--start-group,-lxil,-lgcc,-lc,--end-group
Finished building target: Aloha-HE.elf
 
Invoking: ARM v7 Print Size
arm-none-eabi-size Aloha-HE.elf  |tee "Aloha-HE.elf.size"
   text	   data	    bss	    dec	    hex	filename
 128392	3041824	20896160	24066376	16f3948	Aloha-HE.elf
Finished building: Aloha-HE.elf.size
 
10:11:15 **** Incremental Build of configuration Debug for project Aloha-HE ****
make pre-build main-build 
a9-linaro-pre-build-step
 
make: Nothing to be done for 'main-build'.
10:15:29 **** Clean-only build of project Aloha-HE_bsp ****
make -k clean 
make -C ps7_cortexa9_0/libsrc/ddrps_v1_0/src -s clean 
make -C ps7_cortexa9_0/libsrc/dmaps_v2_4/src -s clean 
make -C ps7_cortexa9_0/libsrc/cpu_cortexa9_v2_7/src -s clean 
make -C ps7_cortexa9_0/libsrc/scugic_v4_0/src -s clean 
make -C ps7_cortexa9_0/libsrc/emacps_v3_9/src -s clean 
make -C ps7_cortexa9_0/libsrc/gpiops_v3_5/src -s clean 
make -C ps7_cortexa9_0/libsrc/standalone_v7_0/src -s clean 
make -C ps7_cortexa9_0/libsrc/qspips_v3_6/src -s clean 
make -C ps7_cortexa9_0/libsrc/xadcps_v2_3/src -s clean 
make -C ps7_cortexa9_0/libsrc/sdps_v3_7/src -s clean 
make -C ps7_cortexa9_0/libsrc/devcfg_v3_5/src -s clean 
make -C ps7_cortexa9_0/libsrc/scuwdt_v2_1/src -s clean 
make -C ps7_cortexa9_0/libsrc/uartps_v3_7/src -s clean 
make -C ps7_cortexa9_0/libsrc/usbps_v2_4/src -s clean 
make -C ps7_cortexa9_0/libsrc/axicdma_v4_5/src -s clean 
make -C ps7_cortexa9_0/libsrc/scutimer_v2_1/src -s clean 
make -C ps7_cortexa9_0/libsrc/coresightps_dcc_v1_5/src -s clean 
rm -f ps7_cortexa9_0/lib/libxil.a
10:15:30 **** Clean-only build of configuration Debug for project Aloha-HE ****
make clean 
rm -rf  ./src/Testing/ckksTest.o  ./src/ckksAccelerator.o ./src/communication.o ./src/instruction.o ./src/main.o ./src/platform.o  ./src/Testing/ckksTest.d  ./src/ckksAccelerator.d ./src/communication.d ./src/instruction.d ./src/main.d ./src/platform.d  Aloha-HE.elf.size  Aloha-HE.elf
 
10:15:30 **** Build of project Aloha-HE_bsp ****
make -k all 
Running Make include in ps7_cortexa9_0/libsrc/ddrps_v1_0/src
make -C ps7_cortexa9_0/libsrc/ddrps_v1_0/src -s include  "SHELL=/bin/sh" "COMPILER=arm-none-eabi-gcc" "ARCHIVER=arm-none-eabi-ar" "COMPILER_FLAGS=  -O2 -c" "EXTRA_COMPILER_FLAGS=-mcpu=cortex-a9 -mfpu=vfpv3 -mfloat-abi=hard -nostartfiles -g -Wall -Wextra"
Running Make include in ps7_cortexa9_0/libsrc/dmaps_v2_4/src
make -C ps7_cortexa9_0/libsrc/dmaps_v2_4/src -s include  "SHELL=/bin/sh" "COMPILER=arm-none-eabi-gcc" "ARCHIVER=arm-none-eabi-ar" "COMPILER_FLAGS=  -O2 -c" "EXTRA_COMPILER_FLAGS=-mcpu=cortex-a9 -mfpu=vfpv3 -mfloat-abi=hard -nostartfiles -g -Wall -Wextra"
Running Make include in ps7_cortexa9_0/libsrc/cpu_cortexa9_v2_7/src
make -C ps7_cortexa9_0/libsrc/cpu_cortexa9_v2_7/src -s include  "SHELL=/bin/sh" "COMPILER=arm-none-eabi-gcc" "ARCHIVER=arm-none-eabi-ar" "COMPILER_FLAGS=  -O2 -c" "EXTRA_COMPILER_FLAGS=-mcpu=cortex-a9 -mfpu=vfpv3 -mfloat-abi=hard -nostartfiles -g -Wall -Wextra"
Running Make include in ps7_cortexa9_0/libsrc/scugic_v4_0/src
make -C ps7_cortexa9_0/libsrc/scugic_v4_0/src -s include  "SHELL=/bin/sh" "COMPILER=arm-none-eabi-gcc" "ARCHIVER=arm-none-eabi-ar" "COMPILER_FLAGS=  -O2 -c" "EXTRA_COMPILER_FLAGS=-mcpu=cortex-a9 -mfpu=vfpv3 -mfloat-abi=hard -nostartfiles -g -Wall -Wextra"
Running Make include in ps7_cortexa9_0/libsrc/emacps_v3_9/src
make -C ps7_cortexa9_0/libsrc/emacps_v3_9/src -s include  "SHELL=/bin/sh" "COMPILER=arm-none-eabi-gcc" "ARCHIVER=arm-none-eabi-ar" "COMPILER_FLAGS=  -O2 -c" "EXTRA_COMPILER_FLAGS=-mcpu=cortex-a9 -mfpu=vfpv3 -mfloat-abi=hard -nostartfiles -g -Wall -Wextra"
Running Make include in ps7_cortexa9_0/libsrc/gpiops_v3_5/src
make -C ps7_cortexa9_0/libsrc/gpiops_v3_5/src -s include  "SHELL=/bin/sh" "COMPILER=arm-none-eabi-gcc" "ARCHIVER=arm-none-eabi-ar" "COMPILER_FLAGS=  -O2 -c" "EXTRA_COMPILER_FLAGS=-mcpu=cortex-a9 -mfpu=vfpv3 -mfloat-abi=hard -nostartfiles -g -Wall -Wextra"
Running Make include in ps7_cortexa9_0/libsrc/standalone_v7_0/src
make -C ps7_cortexa9_0/libsrc/standalone_v7_0/src -s include  "SHELL=/bin/sh" "COMPILER=arm-none-eabi-gcc" "ARCHIVER=arm-none-eabi-ar" "COMPILER_FLAGS=  -O2 -c" "EXTRA_COMPILER_FLAGS=-mcpu=cortex-a9 -mfpu=vfpv3 -mfloat-abi=hard -nostartfiles -g -Wall -Wextra"
Running Make include in ps7_cortexa9_0/libsrc/qspips_v3_6/src
make -C ps7_cortexa9_0/libsrc/qspips_v3_6/src -s include  "SHELL=/bin/sh" "COMPILER=arm-none-eabi-gcc" "ARCHIVER=arm-none-eabi-ar" "COMPILER_FLAGS=  -O2 -c" "EXTRA_COMPILER_FLAGS=-mcpu=cortex-a9 -mfpu=vfpv3 -mfloat-abi=hard -nostartfiles -g -Wall -Wextra"
Running Make include in ps7_cortexa9_0/libsrc/xadcps_v2_3/src
make -C ps7_cortexa9_0/libsrc/xadcps_v2_3/src -s include  "SHELL=/bin/sh" "COMPILER=arm-none-eabi-gcc" "ARCHIVER=arm-none-eabi-ar" "COMPILER_FLAGS=  -O2 -c" "EXTRA_COMPILER_FLAGS=-mcpu=cortex-a9 -mfpu=vfpv3 -mfloat-abi=hard -nostartfiles -g -Wall -Wextra"
Running Make include in ps7_cortexa9_0/libsrc/sdps_v3_7/src
make -C ps7_cortexa9_0/libsrc/sdps_v3_7/src -s include  "SHELL=/bin/sh" "COMPILER=arm-none-eabi-gcc" "ARCHIVER=arm-none-eabi-ar" "COMPILER_FLAGS=  -O2 -c" "EXTRA_COMPILER_FLAGS=-mcpu=cortex-a9 -mfpu=vfpv3 -mfloat-abi=hard -nostartfiles -g -Wall -Wextra"
Running Make include in ps7_cortexa9_0/libsrc/devcfg_v3_5/src
make -C ps7_cortexa9_0/libsrc/devcfg_v3_5/src -s include  "SHELL=/bin/sh" "COMPILER=arm-none-eabi-gcc" "ARCHIVER=arm-none-eabi-ar" "COMPILER_FLAGS=  -O2 -c" "EXTRA_COMPILER_FLAGS=-mcpu=cortex-a9 -mfpu=vfpv3 -mfloat-abi=hard -nostartfiles -g -Wall -Wextra"
Running Make include in ps7_cortexa9_0/libsrc/scuwdt_v2_1/src
make -C ps7_cortexa9_0/libsrc/scuwdt_v2_1/src -s include  "SHELL=/bin/sh" "COMPILER=arm-none-eabi-gcc" "ARCHIVER=arm-none-eabi-ar" "COMPILER_FLAGS=  -O2 -c" "EXTRA_COMPILER_FLAGS=-mcpu=cortex-a9 -mfpu=vfpv3 -mfloat-abi=hard -nostartfiles -g -Wall -Wextra"
Running Make include in ps7_cortexa9_0/libsrc/uartps_v3_7/src
make -C ps7_cortexa9_0/libsrc/uartps_v3_7/src -s include  "SHELL=/bin/sh" "COMPILER=arm-none-eabi-gcc" "ARCHIVER=arm-none-eabi-ar" "COMPILER_FLAGS=  -O2 -c" "EXTRA_COMPILER_FLAGS=-mcpu=cortex-a9 -mfpu=vfpv3 -mfloat-abi=hard -nostartfiles -g -Wall -Wextra"
Running Make include in ps7_cortexa9_0/libsrc/usbps_v2_4/src
make -C ps7_cortexa9_0/libsrc/usbps_v2_4/src -s include  "SHELL=/bin/sh" "COMPILER=arm-none-eabi-gcc" "ARCHIVER=arm-none-eabi-ar" "COMPILER_FLAGS=  -O2 -c" "EXTRA_COMPILER_FLAGS=-mcpu=cortex-a9 -mfpu=vfpv3 -mfloat-abi=hard -nostartfiles -g -Wall -Wextra"
Running Make include in ps7_cortexa9_0/libsrc/axicdma_v4_5/src
make -C ps7_cortexa9_0/libsrc/axicdma_v4_5/src -s include  "SHELL=/bin/sh" "COMPILER=arm-none-eabi-gcc" "ARCHIVER=arm-none-eabi-ar" "COMPILER_FLAGS=  -O2 -c" "EXTRA_COMPILER_FLAGS=-mcpu=cortex-a9 -mfpu=vfpv3 -mfloat-abi=hard -nostartfiles -g -Wall -Wextra"
Running Make include in ps7_cortexa9_0/libsrc/scutimer_v2_1/src
make -C ps7_cortexa9_0/libsrc/scutimer_v2_1/src -s include  "SHELL=/bin/sh" "COMPILER=arm-none-eabi-gcc" "ARCHIVER=arm-none-eabi-ar" "COMPILER_FLAGS=  -O2 -c" "EXTRA_COMPILER_FLAGS=-mcpu=cortex-a9 -mfpu=vfpv3 -mfloat-abi=hard -nostartfiles -g -Wall -Wextra"
Running Make include in ps7_cortexa9_0/libsrc/coresightps_dcc_v1_5/src
make -C ps7_cortexa9_0/libsrc/coresightps_dcc_v1_5/src -s include  "SHELL=/bin/sh" "COMPILER=arm-none-eabi-gcc" "ARCHIVER=arm-none-eabi-ar" "COMPILER_FLAGS=  -O2 -c" "EXTRA_COMPILER_FLAGS=-mcpu=cortex-a9 -mfpu=vfpv3 -mfloat-abi=hard -nostartfiles -g -Wall -Wextra"
Running Make libs in ps7_cortexa9_0/libsrc/ddrps_v1_0/src
make -C ps7_cortexa9_0/libsrc/ddrps_v1_0/src -s libs  "SHELL=/bin/sh" "COMPILER=arm-none-eabi-gcc" "ARCHIVER=arm-none-eabi-ar" "COMPILER_FLAGS=  -O2 -c" "EXTRA_COMPILER_FLAGS=-mcpu=cortex-a9 -mfpu=vfpv3 -mfloat-abi=hard -nostartfiles -g -Wall -Wextra"
Compiling ddrps
arm-none-eabi-ar: creating ../../../lib/libxil.a
Running Make libs in ps7_cortexa9_0/libsrc/dmaps_v2_4/src
make -C ps7_cortexa9_0/libsrc/dmaps_v2_4/src -s libs  "SHELL=/bin/sh" "COMPILER=arm-none-eabi-gcc" "ARCHIVER=arm-none-eabi-ar" "COMPILER_FLAGS=  -O2 -c" "EXTRA_COMPILER_FLAGS=-mcpu=cortex-a9 -mfpu=vfpv3 -mfloat-abi=hard -nostartfiles -g -Wall -Wextra"
Compiling dmaps
Running Make libs in ps7_cortexa9_0/libsrc/cpu_cortexa9_v2_7/src
make -C ps7_cortexa9_0/libsrc/cpu_cortexa9_v2_7/src -s libs  "SHELL=/bin/sh" "COMPILER=arm-none-eabi-gcc" "ARCHIVER=arm-none-eabi-ar" "COMPILER_FLAGS=  -O2 -c" "EXTRA_COMPILER_FLAGS=-mcpu=cortex-a9 -mfpu=vfpv3 -mfloat-abi=hard -nostartfiles -g -Wall -Wextra"
Compiling cpu_cortexa9
Running Make libs in ps7_cortexa9_0/libsrc/scugic_v4_0/src
make -C ps7_cortexa9_0/libsrc/scugic_v4_0/src -s libs  "SHELL=/bin/sh" "COMPILER=arm-none-eabi-gcc" "ARCHIVER=arm-none-eabi-ar" "COMPILER_FLAGS=  -O2 -c" "EXTRA_COMPILER_FLAGS=-mcpu=cortex-a9 -mfpu=vfpv3 -mfloat-abi=hard -nostartfiles -g -Wall -Wextra"
Compiling scugic
Running Make libs in ps7_cortexa9_0/libsrc/emacps_v3_9/src
make -C ps7_cortexa9_0/libsrc/emacps_v3_9/src -s libs  "SHELL=/bin/sh" "COMPILER=arm-none-eabi-gcc" "ARCHIVER=arm-none-eabi-ar" "COMPILER_FLAGS=  -O2 -c" "EXTRA_COMPILER_FLAGS=-mcpu=cortex-a9 -mfpu=vfpv3 -mfloat-abi=hard -nostartfiles -g -Wall -Wextra"
Compiling emacps
Running Make libs in ps7_cortexa9_0/libsrc/gpiops_v3_5/src
make -C ps7_cortexa9_0/libsrc/gpiops_v3_5/src -s libs  "SHELL=/bin/sh" "COMPILER=arm-none-eabi-gcc" "ARCHIVER=arm-none-eabi-ar" "COMPILER_FLAGS=  -O2 -c" "EXTRA_COMPILER_FLAGS=-mcpu=cortex-a9 -mfpu=vfpv3 -mfloat-abi=hard -nostartfiles -g -Wall -Wextra"
Compiling gpiops
Running Make libs in ps7_cortexa9_0/libsrc/standalone_v7_0/src
make -C ps7_cortexa9_0/libsrc/standalone_v7_0/src -s libs  "SHELL=/bin/sh" "COMPILER=arm-none-eabi-gcc" "ARCHIVER=arm-none-eabi-ar" "COMPILER_FLAGS=  -O2 -c" "EXTRA_COMPILER_FLAGS=-mcpu=cortex-a9 -mfpu=vfpv3 -mfloat-abi=hard -nostartfiles -g -Wall -Wextra"
Compiling standalone
In file included from sleep.c:53:
xtime_l.h:87:9: note: #pragma message: For the sleep routines, Global timer is being used
 #pragma message ("For the sleep routines, Global timer is being used")
         ^~~~~~~
In file included from xtime_l.c:49:
xtime_l.h:87:9: note: #pragma message: For the sleep routines, Global timer is being used
 #pragma message ("For the sleep routines, Global timer is being used")
         ^~~~~~~
In file included from xil_sleeptimer.c:51:
xtime_l.h:87:9: note: #pragma message: For the sleep routines, Global timer is being used
 #pragma message ("For the sleep routines, Global timer is being used")
         ^~~~~~~
In file included from usleep.c:56:
xtime_l.h:87:9: note: #pragma message: For the sleep routines, Global timer is being used
 #pragma message ("For the sleep routines, Global timer is being used")
         ^~~~~~~
Running Make libs in ps7_cortexa9_0/libsrc/qspips_v3_6/src
make -C ps7_cortexa9_0/libsrc/qspips_v3_6/src -s libs  "SHELL=/bin/sh" "COMPILER=arm-none-eabi-gcc" "ARCHIVER=arm-none-eabi-ar" "COMPILER_FLAGS=  -O2 -c" "EXTRA_COMPILER_FLAGS=-mcpu=cortex-a9 -mfpu=vfpv3 -mfloat-abi=hard -nostartfiles -g -Wall -Wextra"
Compiling qspips
Running Make libs in ps7_cortexa9_0/libsrc/xadcps_v2_3/src
make -C ps7_cortexa9_0/libsrc/xadcps_v2_3/src -s libs  "SHELL=/bin/sh" "COMPILER=arm-none-eabi-gcc" "ARCHIVER=arm-none-eabi-ar" "COMPILER_FLAGS=  -O2 -c" "EXTRA_COMPILER_FLAGS=-mcpu=cortex-a9 -mfpu=vfpv3 -mfloat-abi=hard -nostartfiles -g -Wall -Wextra"
Compiling xadcps
Running Make libs in ps7_cortexa9_0/libsrc/sdps_v3_7/src
make -C ps7_cortexa9_0/libsrc/sdps_v3_7/src -s libs  "SHELL=/bin/sh" "COMPILER=arm-none-eabi-gcc" "ARCHIVER=arm-none-eabi-ar" "COMPILER_FLAGS=  -O2 -c" "EXTRA_COMPILER_FLAGS=-mcpu=cortex-a9 -mfpu=vfpv3 -mfloat-abi=hard -nostartfiles -g -Wall -Wextra"
Compiling sdps
Running Make libs in ps7_cortexa9_0/libsrc/devcfg_v3_5/src
make -C ps7_cortexa9_0/libsrc/devcfg_v3_5/src -s libs  "SHELL=/bin/sh" "COMPILER=arm-none-eabi-gcc" "ARCHIVER=arm-none-eabi-ar" "COMPILER_FLAGS=  -O2 -c" "EXTRA_COMPILER_FLAGS=-mcpu=cortex-a9 -mfpu=vfpv3 -mfloat-abi=hard -nostartfiles -g -Wall -Wextra"
Compiling devcfg
Running Make libs in ps7_cortexa9_0/libsrc/scuwdt_v2_1/src
make -C ps7_cortexa9_0/libsrc/scuwdt_v2_1/src -s libs  "SHELL=/bin/sh" "COMPILER=arm-none-eabi-gcc" "ARCHIVER=arm-none-eabi-ar" "COMPILER_FLAGS=  -O2 -c" "EXTRA_COMPILER_FLAGS=-mcpu=cortex-a9 -mfpu=vfpv3 -mfloat-abi=hard -nostartfiles -g -Wall -Wextra"
Compiling scuwdt
Running Make libs in ps7_cortexa9_0/libsrc/uartps_v3_7/src
make -C ps7_cortexa9_0/libsrc/uartps_v3_7/src -s libs  "SHELL=/bin/sh" "COMPILER=arm-none-eabi-gcc" "ARCHIVER=arm-none-eabi-ar" "COMPILER_FLAGS=  -O2 -c" "EXTRA_COMPILER_FLAGS=-mcpu=cortex-a9 -mfpu=vfpv3 -mfloat-abi=hard -nostartfiles -g -Wall -Wextra"
Compiling uartps
Running Make libs in ps7_cortexa9_0/libsrc/usbps_v2_4/src
make -C ps7_cortexa9_0/libsrc/usbps_v2_4/src -s libs  "SHELL=/bin/sh" "COMPILER=arm-none-eabi-gcc" "ARCHIVER=arm-none-eabi-ar" "COMPILER_FLAGS=  -O2 -c" "EXTRA_COMPILER_FLAGS=-mcpu=cortex-a9 -mfpu=vfpv3 -mfloat-abi=hard -nostartfiles -g -Wall -Wextra"
Compiling usbps
Running Make libs in ps7_cortexa9_0/libsrc/axicdma_v4_5/src
make -C ps7_cortexa9_0/libsrc/axicdma_v4_5/src -s libs  "SHELL=/bin/sh" "COMPILER=arm-none-eabi-gcc" "ARCHIVER=arm-none-eabi-ar" "COMPILER_FLAGS=  -O2 -c" "EXTRA_COMPILER_FLAGS=-mcpu=cortex-a9 -mfpu=vfpv3 -mfloat-abi=hard -nostartfiles -g -Wall -Wextra"
Compiling axicdma
Running Make libs in ps7_cortexa9_0/libsrc/scutimer_v2_1/src
make -C ps7_cortexa9_0/libsrc/scutimer_v2_1/src -s libs  "SHELL=/bin/sh" "COMPILER=arm-none-eabi-gcc" "ARCHIVER=arm-none-eabi-ar" "COMPILER_FLAGS=  -O2 -c" "EXTRA_COMPILER_FLAGS=-mcpu=cortex-a9 -mfpu=vfpv3 -mfloat-abi=hard -nostartfiles -g -Wall -Wextra"
Compiling scutimer
Running Make libs in ps7_cortexa9_0/libsrc/coresightps_dcc_v1_5/src
make -C ps7_cortexa9_0/libsrc/coresightps_dcc_v1_5/src -s libs  "SHELL=/bin/sh" "COMPILER=arm-none-eabi-gcc" "ARCHIVER=arm-none-eabi-ar" "COMPILER_FLAGS=  -O2 -c" "EXTRA_COMPILER_FLAGS=-mcpu=cortex-a9 -mfpu=vfpv3 -mfloat-abi=hard -nostartfiles -g -Wall -Wextra"
Compiling coresightps_dcc
Finished building libraries
10:15:42 **** Build of configuration Debug for project Aloha-HE ****
make pre-build main-build 
a9-linaro-pre-build-step
 
Building file: ../src/Testing/ckksTest.c
Invoking: ARM v7 gcc compiler
arm-none-eabi-gcc -Wall -O0 -g3 -c -fmessage-length=0 -MT"src/Testing/ckksTest.o" -mcpu=cortex-a9 -mfpu=vfpv3 -mfloat-abi=hard -I../../Aloha-HE_bsp/ps7_cortexa9_0/include -MMD -MP -MF"src/Testing/ckksTest.d" -MT"src/Testing/ckksTest.o" -o "src/Testing/ckksTest.o" "../src/Testing/ckksTest.c"
In file included from ../src/Testing/ckksTest.c:27:
../../Aloha-HE_bsp/ps7_cortexa9_0/include/xtime_l.h:87:9: note: #pragma message: For the sleep routines, Global timer is being used
 #pragma message ("For the sleep routines, Global timer is being used")
         ^~~~~~~
../src/Testing/ckksTest.c: In function 'test_hardware':
../src/Testing/ckksTest.c:1239:11: warning: unused variable 'result_fft' [-Wunused-variable]
  uint64_t result_fft[2*poly_size] ALIGN;
           ^~~~~~~~~~
../src/Testing/ckksTest.c:619:10: warning: unused variable 'rns_delta_max' [-Wunused-variable]
  int64_t rns_delta_max = 1; // +/- 1
          ^~~~~~~~~~~~~
../src/Testing/ckksTest.c:618:9: warning: unused variable 'eps_fft_tw_storage' [-Wunused-variable]
  double eps_fft_tw_storage = pow(2,-30);
         ^~~~~~~~~~~~~~~~~~
../src/Testing/ckksTest.c:617:15: warning: unused variable 'eps_fft' [-Wunused-variable]
  const double eps_fft = pow(2,-30); // ~0.9e-9%
               ^~~~~~~
Finished building: ../src/Testing/ckksTest.c
 
Building file: ../src/ckksAccelerator.c
Invoking: ARM v7 gcc compiler
arm-none-eabi-gcc -Wall -O0 -g3 -c -fmessage-length=0 -MT"src/ckksAccelerator.o" -mcpu=cortex-a9 -mfpu=vfpv3 -mfloat-abi=hard -I../../Aloha-HE_bsp/ps7_cortexa9_0/include -MMD -MP -MF"src/ckksAccelerator.d" -MT"src/ckksAccelerator.o" -o "src/ckksAccelerator.o" "../src/ckksAccelerator.c"
Finished building: ../src/ckksAccelerator.c
 
Building file: ../src/communication.c
Invoking: ARM v7 gcc compiler
arm-none-eabi-gcc -Wall -O0 -g3 -c -fmessage-length=0 -MT"src/communication.o" -mcpu=cortex-a9 -mfpu=vfpv3 -mfloat-abi=hard -I../../Aloha-HE_bsp/ps7_cortexa9_0/include -MMD -MP -MF"src/communication.d" -MT"src/communication.o" -o "src/communication.o" "../src/communication.c"
Finished building: ../src/communication.c
 
Building file: ../src/instruction.c
Invoking: ARM v7 gcc compiler
arm-none-eabi-gcc -Wall -O0 -g3 -c -fmessage-length=0 -MT"src/instruction.o" -mcpu=cortex-a9 -mfpu=vfpv3 -mfloat-abi=hard -I../../Aloha-HE_bsp/ps7_cortexa9_0/include -MMD -MP -MF"src/instruction.d" -MT"src/instruction.o" -o "src/instruction.o" "../src/instruction.c"
Finished building: ../src/instruction.c
 
Building file: ../src/main.c
Invoking: ARM v7 gcc compiler
arm-none-eabi-gcc -Wall -O0 -g3 -c -fmessage-length=0 -MT"src/main.o" -mcpu=cortex-a9 -mfpu=vfpv3 -mfloat-abi=hard -I../../Aloha-HE_bsp/ps7_cortexa9_0/include -MMD -MP -MF"src/main.d" -MT"src/main.o" -o "src/main.o" "../src/main.c"
In file included from ../src/main.c:15:
../../Aloha-HE_bsp/ps7_cortexa9_0/include/xtime_l.h:87:9: note: #pragma message: For the sleep routines, Global timer is being used
 #pragma message ("For the sleep routines, Global timer is being used")
         ^~~~~~~
Finished building: ../src/main.c
 
Building file: ../src/platform.c
Invoking: ARM v7 gcc compiler
arm-none-eabi-gcc -Wall -O0 -g3 -c -fmessage-length=0 -MT"src/platform.o" -mcpu=cortex-a9 -mfpu=vfpv3 -mfloat-abi=hard -I../../Aloha-HE_bsp/ps7_cortexa9_0/include -MMD -MP -MF"src/platform.d" -MT"src/platform.o" -o "src/platform.o" "../src/platform.c"
Finished building: ../src/platform.c
 
Building target: Aloha-HE.elf
Invoking: ARM v7 gcc linker
arm-none-eabi-gcc -mcpu=cortex-a9 -mfpu=vfpv3 -mfloat-abi=hard -Wl,-build-id=none -specs=Xilinx.spec -Wl,-T -Wl,../src/lscript.ld -L../../Aloha-HE_bsp/ps7_cortexa9_0/lib -o "Aloha-HE.elf"  ./src/Testing/ckksTest.o  ./src/ckksAccelerator.o ./src/communication.o ./src/instruction.o ./src/main.o ./src/platform.o   -lm -Wl,--start-group,-lxil,-lgcc,-lc,--end-group
Finished building target: Aloha-HE.elf
 
Invoking: ARM v7 Print Size
arm-none-eabi-size Aloha-HE.elf  |tee "Aloha-HE.elf.size"
   text	   data	    bss	    dec	    hex	filename
 128392	3041824	20896160	24066376	16f3948	Aloha-HE.elf
Finished building: Aloha-HE.elf.size
 
10:16:15 **** Auto Build of configuration Debug for project Aloha-HE ****
make pre-build main-build 
a9-linaro-pre-build-step
 
Building file: ../src/Testing/ckksTest.c
Invoking: ARM v7 gcc compiler
arm-none-eabi-gcc -Wall -O0 -g3 -c -fmessage-length=0 -MT"src/Testing/ckksTest.o" -mcpu=cortex-a9 -mfpu=vfpv3 -mfloat-abi=hard -I../../Aloha-HE_bsp/ps7_cortexa9_0/include -MMD -MP -MF"src/Testing/ckksTest.d" -MT"src/Testing/ckksTest.o" -o "src/Testing/ckksTest.o" "../src/Testing/ckksTest.c"
In file included from ../src/Testing/ckksTest.c:27:
../../Aloha-HE_bsp/ps7_cortexa9_0/include/xtime_l.h:87:9: note: #pragma message: For the sleep routines, Global timer is being used
 #pragma message ("For the sleep routines, Global timer is being used")
         ^~~~~~~
../src/Testing/ckksTest.c: In function 'test_hardware':
../src/Testing/ckksTest.c:619:10: warning: unused variable 'rns_delta_max' [-Wunused-variable]
  int64_t rns_delta_max = 1; // +/- 1
          ^~~~~~~~~~~~~
../src/Testing/ckksTest.c:618:9: warning: unused variable 'eps_fft_tw_storage' [-Wunused-variable]
  double eps_fft_tw_storage = pow(2,-30);
         ^~~~~~~~~~~~~~~~~~
Finished building: ../src/Testing/ckksTest.c
 
Building target: Aloha-HE.elf
Invoking: ARM v7 gcc linker
arm-none-eabi-gcc -mcpu=cortex-a9 -mfpu=vfpv3 -mfloat-abi=hard -Wl,-build-id=none -specs=Xilinx.spec -Wl,-T -Wl,../src/lscript.ld -L../../Aloha-HE_bsp/ps7_cortexa9_0/lib -o "Aloha-HE.elf"  ./src/Testing/ckksTest.o  ./src/ckksAccelerator.o ./src/communication.o ./src/instruction.o ./src/main.o ./src/platform.o   -lm -Wl,--start-group,-lxil,-lgcc,-lc,--end-group
Finished building target: Aloha-HE.elf
 
Invoking: ARM v7 Print Size
arm-none-eabi-size Aloha-HE.elf  |tee "Aloha-HE.elf.size"
   text	   data	    bss	    dec	    hex	filename
 128682	3041824	20896160	24066666	16f3a6a	Aloha-HE.elf
Finished building: Aloha-HE.elf.size
 
10:17:39 **** Incremental Build of configuration Debug for project Aloha-HE ****
make pre-build main-build 
a9-linaro-pre-build-step
 
make: Nothing to be done for 'main-build'.
10:18:37 **** Incremental Build of configuration Debug for project Aloha-HE ****
make pre-build main-build 
a9-linaro-pre-build-step
 
make: Nothing to be done for 'main-build'.
10:19:01 **** Auto Build of configuration Debug for project Aloha-HE ****
make pre-build main-build 
a9-linaro-pre-build-step
 
Building file: ../src/Testing/ckksTest.c
Invoking: ARM v7 gcc compiler
arm-none-eabi-gcc -Wall -O0 -g3 -c -fmessage-length=0 -MT"src/Testing/ckksTest.o" -mcpu=cortex-a9 -mfpu=vfpv3 -mfloat-abi=hard -I../../Aloha-HE_bsp/ps7_cortexa9_0/include -MMD -MP -MF"src/Testing/ckksTest.d" -MT"src/Testing/ckksTest.o" -o "src/Testing/ckksTest.o" "../src/Testing/ckksTest.c"
In file included from ../src/Testing/ckksTest.c:27:
../../Aloha-HE_bsp/ps7_cortexa9_0/include/xtime_l.h:87:9: note: #pragma message: For the sleep routines, Global timer is being used
 #pragma message ("For the sleep routines, Global timer is being used")
         ^~~~~~~
../src/Testing/ckksTest.c: In function 'test_hardware':
../src/Testing/ckksTest.c:619:10: warning: unused variable 'rns_delta_max' [-Wunused-variable]
  int64_t rns_delta_max = 1; // +/- 1
          ^~~~~~~~~~~~~
../src/Testing/ckksTest.c:618:9: warning: unused variable 'eps_fft_tw_storage' [-Wunused-variable]
  double eps_fft_tw_storage = pow(2,-30);
         ^~~~~~~~~~~~~~~~~~
../src/Testing/ckksTest.c:617:15: warning: unused variable 'eps_fft' [-Wunused-variable]
  const double eps_fft = pow(2,-30); // ~0.9e-9%
               ^~~~~~~
Finished building: ../src/Testing/ckksTest.c
 
Building target: Aloha-HE.elf
Invoking: ARM v7 gcc linker
arm-none-eabi-gcc -mcpu=cortex-a9 -mfpu=vfpv3 -mfloat-abi=hard -Wl,-build-id=none -specs=Xilinx.spec -Wl,-T -Wl,../src/lscript.ld -L../../Aloha-HE_bsp/ps7_cortexa9_0/lib -o "Aloha-HE.elf"  ./src/Testing/ckksTest.o  ./src/ckksAccelerator.o ./src/communication.o ./src/instruction.o ./src/main.o ./src/platform.o   -lm -Wl,--start-group,-lxil,-lgcc,-lc,--end-group
Finished building target: Aloha-HE.elf
 
Invoking: ARM v7 Print Size
arm-none-eabi-size Aloha-HE.elf  |tee "Aloha-HE.elf.size"
   text	   data	    bss	    dec	    hex	filename
 123716	 199192	20626592	20949500	13fa9fc	Aloha-HE.elf
Finished building: Aloha-HE.elf.size
 
10:19:07 **** Incremental Build of configuration Debug for project Aloha-HE ****
make pre-build main-build 
a9-linaro-pre-build-step
 
make: Nothing to be done for 'main-build'.
10:19:20 **** Auto Build of configuration Debug for project Aloha-HE ****
make pre-build main-build 
a9-linaro-pre-build-step
 
Building file: ../src/Testing/ckksTest.c
Invoking: ARM v7 gcc compiler
arm-none-eabi-gcc -Wall -O0 -g3 -c -fmessage-length=0 -MT"src/Testing/ckksTest.o" -mcpu=cortex-a9 -mfpu=vfpv3 -mfloat-abi=hard -I../../Aloha-HE_bsp/ps7_cortexa9_0/include -MMD -MP -MF"src/Testing/ckksTest.d" -MT"src/Testing/ckksTest.o" -o "src/Testing/ckksTest.o" "../src/Testing/ckksTest.c"
In file included from ../src/Testing/ckksTest.c:27:
../../Aloha-HE_bsp/ps7_cortexa9_0/include/xtime_l.h:87:9: note: #pragma message: For the sleep routines, Global timer is being used
 #pragma message ("For the sleep routines, Global timer is being used")
         ^~~~~~~
../src/Testing/ckksTest.c: In function 'test_hardware':
../src/Testing/ckksTest.c:619:10: warning: unused variable 'rns_delta_max' [-Wunused-variable]
  int64_t rns_delta_max = 1; // +/- 1
          ^~~~~~~~~~~~~
../src/Testing/ckksTest.c:618:9: warning: unused variable 'eps_fft_tw_storage' [-Wunused-variable]
  double eps_fft_tw_storage = pow(2,-30);
         ^~~~~~~~~~~~~~~~~~
../src/Testing/ckksTest.c:617:15: warning: unused variable 'eps_fft' [-Wunused-variable]
  const double eps_fft = pow(2,-30); // ~0.9e-9%
               ^~~~~~~
Finished building: ../src/Testing/ckksTest.c
 
Building target: Aloha-HE.elf
Invoking: ARM v7 gcc linker
arm-none-eabi-gcc -mcpu=cortex-a9 -mfpu=vfpv3 -mfloat-abi=hard -Wl,-build-id=none -specs=Xilinx.spec -Wl,-T -Wl,../src/lscript.ld -L../../Aloha-HE_bsp/ps7_cortexa9_0/lib -o "Aloha-HE.elf"  ./src/Testing/ckksTest.o  ./src/ckksAccelerator.o ./src/communication.o ./src/instruction.o ./src/main.o ./src/platform.o   -lm -Wl,--start-group,-lxil,-lgcc,-lc,--end-group
Finished building target: Aloha-HE.elf
 
Invoking: ARM v7 Print Size
arm-none-eabi-size Aloha-HE.elf  |tee "Aloha-HE.elf.size"
   text	   data	    bss	    dec	    hex	filename
 123716	 264728	20626592	21015036	140a9fc	Aloha-HE.elf
Finished building: Aloha-HE.elf.size
 
10:19:24 **** Incremental Build of configuration Debug for project Aloha-HE ****
make pre-build main-build 
a9-linaro-pre-build-step
 
make: Nothing to be done for 'main-build'.
10:19:57 **** Incremental Build of configuration Debug for project Aloha-HE ****
make pre-build main-build 
a9-linaro-pre-build-step
 
make: Nothing to be done for 'main-build'.
10:20:11 **** Auto Build of configuration Debug for project Aloha-HE ****
make pre-build main-build 
a9-linaro-pre-build-step
 
Building file: ../src/Testing/ckksTest.c
Invoking: ARM v7 gcc compiler
arm-none-eabi-gcc -Wall -O0 -g3 -c -fmessage-length=0 -MT"src/Testing/ckksTest.o" -mcpu=cortex-a9 -mfpu=vfpv3 -mfloat-abi=hard -I../../Aloha-HE_bsp/ps7_cortexa9_0/include -MMD -MP -MF"src/Testing/ckksTest.d" -MT"src/Testing/ckksTest.o" -o "src/Testing/ckksTest.o" "../src/Testing/ckksTest.c"
In file included from ../src/Testing/ckksTest.c:27:
../../Aloha-HE_bsp/ps7_cortexa9_0/include/xtime_l.h:87:9: note: #pragma message: For the sleep routines, Global timer is being used
 #pragma message ("For the sleep routines, Global timer is being used")
         ^~~~~~~
../src/Testing/ckksTest.c: In function 'test_hardware':
../src/Testing/ckksTest.c:619:10: warning: unused variable 'rns_delta_max' [-Wunused-variable]
  int64_t rns_delta_max = 1; // +/- 1
          ^~~~~~~~~~~~~
../src/Testing/ckksTest.c:618:9: warning: unused variable 'eps_fft_tw_storage' [-Wunused-variable]
  double eps_fft_tw_storage = pow(2,-30);
         ^~~~~~~~~~~~~~~~~~
../src/Testing/ckksTest.c:617:15: warning: unused variable 'eps_fft' [-Wunused-variable]
  const double eps_fft = pow(2,-30); // ~0.9e-9%
               ^~~~~~~
Finished building: ../src/Testing/ckksTest.c
 
Building target: Aloha-HE.elf
Invoking: ARM v7 gcc linker
arm-none-eabi-gcc -mcpu=cortex-a9 -mfpu=vfpv3 -mfloat-abi=hard -Wl,-build-id=none -specs=Xilinx.spec -Wl,-T -Wl,../src/lscript.ld -L../../Aloha-HE_bsp/ps7_cortexa9_0/lib -o "Aloha-HE.elf"  ./src/Testing/ckksTest.o  ./src/ckksAccelerator.o ./src/communication.o ./src/instruction.o ./src/main.o ./src/platform.o   -lm -Wl,--start-group,-lxil,-lgcc,-lc,--end-group
Finished building target: Aloha-HE.elf
 
Invoking: ARM v7 Print Size
arm-none-eabi-size Aloha-HE.elf  |tee "Aloha-HE.elf.size"
   text	   data	    bss	    dec	    hex	filename
 124276	3148440	20692128	23964844	16dacac	Aloha-HE.elf
Finished building: Aloha-HE.elf.size
 
10:20:18 **** Incremental Build of configuration Debug for project Aloha-HE ****
make pre-build main-build 
a9-linaro-pre-build-step
 
make: Nothing to be done for 'main-build'.
10:24:54 **** Auto Build of configuration Debug for project Aloha-HE ****
make pre-build main-build 
a9-linaro-pre-build-step
 
Building file: ../src/Testing/ckksTest.c
Invoking: ARM v7 gcc compiler
arm-none-eabi-gcc -Wall -O0 -g3 -c -fmessage-length=0 -MT"src/Testing/ckksTest.o" -mcpu=cortex-a9 -mfpu=vfpv3 -mfloat-abi=hard -I../../Aloha-HE_bsp/ps7_cortexa9_0/include -MMD -MP -MF"src/Testing/ckksTest.d" -MT"src/Testing/ckksTest.o" -o "src/Testing/ckksTest.o" "../src/Testing/ckksTest.c"
In file included from ../src/Testing/ckksTest.c:27:
../../Aloha-HE_bsp/ps7_cortexa9_0/include/xtime_l.h:87:9: note: #pragma message: For the sleep routines, Global timer is being used
 #pragma message ("For the sleep routines, Global timer is being used")
         ^~~~~~~
../src/Testing/ckksTest.c: In function 'test_hardware':
../src/Testing/ckksTest.c:619:10: warning: unused variable 'rns_delta_max' [-Wunused-variable]
  int64_t rns_delta_max = 1; // +/- 1
          ^~~~~~~~~~~~~
../src/Testing/ckksTest.c:618:9: warning: unused variable 'eps_fft_tw_storage' [-Wunused-variable]
  double eps_fft_tw_storage = pow(2,-30);
         ^~~~~~~~~~~~~~~~~~
../src/Testing/ckksTest.c:617:15: warning: unused variable 'eps_fft' [-Wunused-variable]
  const double eps_fft = pow(2,-30); // ~0.9e-9%
               ^~~~~~~
Finished building: ../src/Testing/ckksTest.c
 
Building target: Aloha-HE.elf
Invoking: ARM v7 gcc linker
arm-none-eabi-gcc -mcpu=cortex-a9 -mfpu=vfpv3 -mfloat-abi=hard -Wl,-build-id=none -specs=Xilinx.spec -Wl,-T -Wl,../src/lscript.ld -L../../Aloha-HE_bsp/ps7_cortexa9_0/lib -o "Aloha-HE.elf"  ./src/Testing/ckksTest.o  ./src/ckksAccelerator.o ./src/communication.o ./src/instruction.o ./src/main.o ./src/platform.o   -lm -Wl,--start-group,-lxil,-lgcc,-lc,--end-group
Finished building target: Aloha-HE.elf
 
Invoking: ARM v7 Print Size
arm-none-eabi-size Aloha-HE.elf  |tee "Aloha-HE.elf.size"
   text	   data	    bss	    dec	    hex	filename
 123564	 592560	20692128	21408252	146a9fc	Aloha-HE.elf
Finished building: Aloha-HE.elf.size
 
10:24:59 **** Incremental Build of configuration Debug for project Aloha-HE ****
make pre-build main-build 
a9-linaro-pre-build-step
 
make: Nothing to be done for 'main-build'.
10:25:12 **** Auto Build of configuration Debug for project Aloha-HE ****
make pre-build main-build 
a9-linaro-pre-build-step
 
Building file: ../src/Testing/ckksTest.c
Invoking: ARM v7 gcc compiler
arm-none-eabi-gcc -Wall -O0 -g3 -c -fmessage-length=0 -MT"src/Testing/ckksTest.o" -mcpu=cortex-a9 -mfpu=vfpv3 -mfloat-abi=hard -I../../Aloha-HE_bsp/ps7_cortexa9_0/include -MMD -MP -MF"src/Testing/ckksTest.d" -MT"src/Testing/ckksTest.o" -o "src/Testing/ckksTest.o" "../src/Testing/ckksTest.c"
In file included from ../src/Testing/ckksTest.c:27:
../../Aloha-HE_bsp/ps7_cortexa9_0/include/xtime_l.h:87:9: note: #pragma message: For the sleep routines, Global timer is being used
 #pragma message ("For the sleep routines, Global timer is being used")
         ^~~~~~~
../src/Testing/ckksTest.c: In function 'test_hardware':
../src/Testing/ckksTest.c:619:10: warning: unused variable 'rns_delta_max' [-Wunused-variable]
  int64_t rns_delta_max = 1; // +/- 1
          ^~~~~~~~~~~~~
../src/Testing/ckksTest.c:618:9: warning: unused variable 'eps_fft_tw_storage' [-Wunused-variable]
  double eps_fft_tw_storage = pow(2,-30);
         ^~~~~~~~~~~~~~~~~~
../src/Testing/ckksTest.c:617:15: warning: unused variable 'eps_fft' [-Wunused-variable]
  const double eps_fft = pow(2,-30); // ~0.9e-9%
               ^~~~~~~
Finished building: ../src/Testing/ckksTest.c
 
Building target: Aloha-HE.elf
Invoking: ARM v7 gcc linker
arm-none-eabi-gcc -mcpu=cortex-a9 -mfpu=vfpv3 -mfloat-abi=hard -Wl,-build-id=none -specs=Xilinx.spec -Wl,-T -Wl,../src/lscript.ld -L../../Aloha-HE_bsp/ps7_cortexa9_0/lib -o "Aloha-HE.elf"  ./src/Testing/ckksTest.o  ./src/ckksAccelerator.o ./src/communication.o ./src/instruction.o ./src/main.o ./src/platform.o   -lm -Wl,--start-group,-lxil,-lgcc,-lc,--end-group
Finished building target: Aloha-HE.elf
 
Invoking: ARM v7 Print Size
arm-none-eabi-size Aloha-HE.elf  |tee "Aloha-HE.elf.size"
   text	   data	    bss	    dec	    hex	filename
 123564	 592560	20692128	21408252	146a9fc	Aloha-HE.elf
Finished building: Aloha-HE.elf.size
 
10:25:16 **** Incremental Build of configuration Debug for project Aloha-HE ****
make pre-build main-build 
a9-linaro-pre-build-step
 
make: Nothing to be done for 'main-build'.
10:25:30 **** Auto Build of configuration Debug for project Aloha-HE ****
make pre-build main-build 
a9-linaro-pre-build-step
 
Building file: ../src/Testing/ckksTest.c
Invoking: ARM v7 gcc compiler
arm-none-eabi-gcc -Wall -O0 -g3 -c -fmessage-length=0 -MT"src/Testing/ckksTest.o" -mcpu=cortex-a9 -mfpu=vfpv3 -mfloat-abi=hard -I../../Aloha-HE_bsp/ps7_cortexa9_0/include -MMD -MP -MF"src/Testing/ckksTest.d" -MT"src/Testing/ckksTest.o" -o "src/Testing/ckksTest.o" "../src/Testing/ckksTest.c"
In file included from ../src/Testing/ckksTest.c:27:
../../Aloha-HE_bsp/ps7_cortexa9_0/include/xtime_l.h:87:9: note: #pragma message: For the sleep routines, Global timer is being used
 #pragma message ("For the sleep routines, Global timer is being used")
         ^~~~~~~
../src/Testing/ckksTest.c: In function 'test_hardware':
../src/Testing/ckksTest.c:619:10: warning: unused variable 'rns_delta_max' [-Wunused-variable]
  int64_t rns_delta_max = 1; // +/- 1
          ^~~~~~~~~~~~~
../src/Testing/ckksTest.c:618:9: warning: unused variable 'eps_fft_tw_storage' [-Wunused-variable]
  double eps_fft_tw_storage = pow(2,-30);
         ^~~~~~~~~~~~~~~~~~
../src/Testing/ckksTest.c:617:15: warning: unused variable 'eps_fft' [-Wunused-variable]
  const double eps_fft = pow(2,-30); // ~0.9e-9%
               ^~~~~~~
Finished building: ../src/Testing/ckksTest.c
 
Building target: Aloha-HE.elf
Invoking: ARM v7 gcc linker
arm-none-eabi-gcc -mcpu=cortex-a9 -mfpu=vfpv3 -mfloat-abi=hard -Wl,-build-id=none -specs=Xilinx.spec -Wl,-T -Wl,../src/lscript.ld -L../../Aloha-HE_bsp/ps7_cortexa9_0/lib -o "Aloha-HE.elf"  ./src/Testing/ckksTest.o  ./src/ckksAccelerator.o ./src/communication.o ./src/instruction.o ./src/main.o ./src/platform.o   -lm -Wl,--start-group,-lxil,-lgcc,-lc,--end-group
Finished building target: Aloha-HE.elf
 
Invoking: ARM v7 Print Size
arm-none-eabi-size Aloha-HE.elf  |tee "Aloha-HE.elf.size"
   text	   data	    bss	    dec	    hex	filename
 125140	   2584	20495520	20623244	13aaf8c	Aloha-HE.elf
Finished building: Aloha-HE.elf.size
 
10:25:34 **** Incremental Build of configuration Debug for project Aloha-HE ****
make pre-build main-build 
a9-linaro-pre-build-step
 
make: Nothing to be done for 'main-build'.
10:25:46 **** Auto Build of configuration Debug for project Aloha-HE ****
make pre-build main-build 
a9-linaro-pre-build-step
 
Building file: ../src/Testing/ckksTest.c
Invoking: ARM v7 gcc compiler
arm-none-eabi-gcc -Wall -O0 -g3 -c -fmessage-length=0 -MT"src/Testing/ckksTest.o" -mcpu=cortex-a9 -mfpu=vfpv3 -mfloat-abi=hard -I../../Aloha-HE_bsp/ps7_cortexa9_0/include -MMD -MP -MF"src/Testing/ckksTest.d" -MT"src/Testing/ckksTest.o" -o "src/Testing/ckksTest.o" "../src/Testing/ckksTest.c"
In file included from ../src/Testing/ckksTest.c:27:
../../Aloha-HE_bsp/ps7_cortexa9_0/include/xtime_l.h:87:9: note: #pragma message: For the sleep routines, Global timer is being used
 #pragma message ("For the sleep routines, Global timer is being used")
         ^~~~~~~
../src/Testing/ckksTest.c: In function 'test_hardware':
../src/Testing/ckksTest.c:619:10: warning: unused variable 'rns_delta_max' [-Wunused-variable]
  int64_t rns_delta_max = 1; // +/- 1
          ^~~~~~~~~~~~~
../src/Testing/ckksTest.c:618:9: warning: unused variable 'eps_fft_tw_storage' [-Wunused-variable]
  double eps_fft_tw_storage = pow(2,-30);
         ^~~~~~~~~~~~~~~~~~
../src/Testing/ckksTest.c:617:15: warning: unused variable 'eps_fft' [-Wunused-variable]
  const double eps_fft = pow(2,-30); // ~0.9e-9%
               ^~~~~~~
Finished building: ../src/Testing/ckksTest.c
 
Building target: Aloha-HE.elf
Invoking: ARM v7 gcc linker
arm-none-eabi-gcc -mcpu=cortex-a9 -mfpu=vfpv3 -mfloat-abi=hard -Wl,-build-id=none -specs=Xilinx.spec -Wl,-T -Wl,../src/lscript.ld -L../../Aloha-HE_bsp/ps7_cortexa9_0/lib -o "Aloha-HE.elf"  ./src/Testing/ckksTest.o  ./src/ckksAccelerator.o ./src/communication.o ./src/instruction.o ./src/main.o ./src/platform.o   -lm -Wl,--start-group,-lxil,-lgcc,-lc,--end-group
Finished building target: Aloha-HE.elf
 
Invoking: ARM v7 Print Size
arm-none-eabi-size Aloha-HE.elf  |tee "Aloha-HE.elf.size"
   text	   data	    bss	    dec	    hex	filename
 123796	2362048	20626592	23112436	160aaf4	Aloha-HE.elf
Finished building: Aloha-HE.elf.size
 
10:25:53 **** Incremental Build of configuration Debug for project Aloha-HE ****
make pre-build main-build 
a9-linaro-pre-build-step
 
make: Nothing to be done for 'main-build'.
10:26:28 **** Auto Build of configuration Debug for project Aloha-HE ****
make pre-build main-build 
a9-linaro-pre-build-step
 
Building file: ../src/Testing/ckksTest.c
Invoking: ARM v7 gcc compiler
arm-none-eabi-gcc -Wall -O0 -g3 -c -fmessage-length=0 -MT"src/Testing/ckksTest.o" -mcpu=cortex-a9 -mfpu=vfpv3 -mfloat-abi=hard -I../../Aloha-HE_bsp/ps7_cortexa9_0/include -MMD -MP -MF"src/Testing/ckksTest.d" -MT"src/Testing/ckksTest.o" -o "src/Testing/ckksTest.o" "../src/Testing/ckksTest.c"
In file included from ../src/Testing/ckksTest.c:27:
../../Aloha-HE_bsp/ps7_cortexa9_0/include/xtime_l.h:87:9: note: #pragma message: For the sleep routines, Global timer is being used
 #pragma message ("For the sleep routines, Global timer is being used")
         ^~~~~~~
../src/Testing/ckksTest.c: In function 'test_hardware':
../src/Testing/ckksTest.c:619:10: warning: unused variable 'rns_delta_max' [-Wunused-variable]
  int64_t rns_delta_max = 1; // +/- 1
          ^~~~~~~~~~~~~
../src/Testing/ckksTest.c:618:9: warning: unused variable 'eps_fft_tw_storage' [-Wunused-variable]
  double eps_fft_tw_storage = pow(2,-30);
         ^~~~~~~~~~~~~~~~~~
../src/Testing/ckksTest.c:617:15: warning: unused variable 'eps_fft' [-Wunused-variable]
  const double eps_fft = pow(2,-30); // ~0.9e-9%
               ^~~~~~~
Finished building: ../src/Testing/ckksTest.c
 
Building target: Aloha-HE.elf
Invoking: ARM v7 gcc linker
arm-none-eabi-gcc -mcpu=cortex-a9 -mfpu=vfpv3 -mfloat-abi=hard -Wl,-build-id=none -specs=Xilinx.spec -Wl,-T -Wl,../src/lscript.ld -L../../Aloha-HE_bsp/ps7_cortexa9_0/lib -o "Aloha-HE.elf"  ./src/Testing/ckksTest.o  ./src/ckksAccelerator.o ./src/communication.o ./src/instruction.o ./src/main.o ./src/platform.o   -lm -Wl,--start-group,-lxil,-lgcc,-lc,--end-group
Finished building target: Aloha-HE.elf
 
Invoking: ARM v7 Print Size
arm-none-eabi-size Aloha-HE.elf  |tee "Aloha-HE.elf.size"
   text	   data	    bss	    dec	    hex	filename
 123868	 264736	20626592	21015196	140aa9c	Aloha-HE.elf
Finished building: Aloha-HE.elf.size
 
10:26:36 **** Incremental Build of configuration Debug for project Aloha-HE ****
make pre-build main-build 
a9-linaro-pre-build-step
 
make: Nothing to be done for 'main-build'.
10:26:51 **** Auto Build of configuration Debug for project Aloha-HE ****
make pre-build main-build 
a9-linaro-pre-build-step
 
Building file: ../src/Testing/ckksTest.c
Invoking: ARM v7 gcc compiler
arm-none-eabi-gcc -Wall -O0 -g3 -c -fmessage-length=0 -MT"src/Testing/ckksTest.o" -mcpu=cortex-a9 -mfpu=vfpv3 -mfloat-abi=hard -I../../Aloha-HE_bsp/ps7_cortexa9_0/include -MMD -MP -MF"src/Testing/ckksTest.d" -MT"src/Testing/ckksTest.o" -o "src/Testing/ckksTest.o" "../src/Testing/ckksTest.c"
In file included from ../src/Testing/ckksTest.c:27:
../../Aloha-HE_bsp/ps7_cortexa9_0/include/xtime_l.h:87:9: note: #pragma message: For the sleep routines, Global timer is being used
 #pragma message ("For the sleep routines, Global timer is being used")
         ^~~~~~~
../src/Testing/ckksTest.c: In function 'test_hardware':
../src/Testing/ckksTest.c:619:10: warning: unused variable 'rns_delta_max' [-Wunused-variable]
  int64_t rns_delta_max = 1; // +/- 1
          ^~~~~~~~~~~~~
../src/Testing/ckksTest.c:618:9: warning: unused variable 'eps_fft_tw_storage' [-Wunused-variable]
  double eps_fft_tw_storage = pow(2,-30);
         ^~~~~~~~~~~~~~~~~~
../src/Testing/ckksTest.c:617:15: warning: unused variable 'eps_fft' [-Wunused-variable]
  const double eps_fft = pow(2,-30); // ~0.9e-9%
               ^~~~~~~
Finished building: ../src/Testing/ckksTest.c
 
Building target: Aloha-HE.elf
Invoking: ARM v7 gcc linker
arm-none-eabi-gcc -mcpu=cortex-a9 -mfpu=vfpv3 -mfloat-abi=hard -Wl,-build-id=none -specs=Xilinx.spec -Wl,-T -Wl,../src/lscript.ld -L../../Aloha-HE_bsp/ps7_cortexa9_0/lib -o "Aloha-HE.elf"  ./src/Testing/ckksTest.o  ./src/ckksAccelerator.o ./src/communication.o ./src/instruction.o ./src/main.o ./src/platform.o   -lm -Wl,--start-group,-lxil,-lgcc,-lc,--end-group
Finished building target: Aloha-HE.elf
 
Invoking: ARM v7 Print Size
arm-none-eabi-size Aloha-HE.elf  |tee "Aloha-HE.elf.size"
   text	   data	    bss	    dec	    hex	filename
 123516	 789088	20495520	21408124	146a97c	Aloha-HE.elf
Finished building: Aloha-HE.elf.size
 
10:26:56 **** Incremental Build of configuration Debug for project Aloha-HE ****
make pre-build main-build 
a9-linaro-pre-build-step
 
make: Nothing to be done for 'main-build'.
10:27:14 **** Auto Build of configuration Debug for project Aloha-HE ****
make pre-build main-build 
a9-linaro-pre-build-step
 
Building file: ../src/Testing/ckksTest.c
Invoking: ARM v7 gcc compiler
arm-none-eabi-gcc -Wall -O0 -g3 -c -fmessage-length=0 -MT"src/Testing/ckksTest.o" -mcpu=cortex-a9 -mfpu=vfpv3 -mfloat-abi=hard -I../../Aloha-HE_bsp/ps7_cortexa9_0/include -MMD -MP -MF"src/Testing/ckksTest.d" -MT"src/Testing/ckksTest.o" -o "src/Testing/ckksTest.o" "../src/Testing/ckksTest.c"
In file included from ../src/Testing/ckksTest.c:27:
../../Aloha-HE_bsp/ps7_cortexa9_0/include/xtime_l.h:87:9: note: #pragma message: For the sleep routines, Global timer is being used
 #pragma message ("For the sleep routines, Global timer is being used")
         ^~~~~~~
../src/Testing/ckksTest.c: In function 'test_hardware':
../src/Testing/ckksTest.c:619:10: warning: unused variable 'rns_delta_max' [-Wunused-variable]
  int64_t rns_delta_max = 1; // +/- 1
          ^~~~~~~~~~~~~
../src/Testing/ckksTest.c:618:9: warning: unused variable 'eps_fft_tw_storage' [-Wunused-variable]
  double eps_fft_tw_storage = pow(2,-30);
         ^~~~~~~~~~~~~~~~~~
../src/Testing/ckksTest.c:617:15: warning: unused variable 'eps_fft' [-Wunused-variable]
  const double eps_fft = pow(2,-30); // ~0.9e-9%
               ^~~~~~~
Finished building: ../src/Testing/ckksTest.c
 
Building target: Aloha-HE.elf
Invoking: ARM v7 gcc linker
arm-none-eabi-gcc -mcpu=cortex-a9 -mfpu=vfpv3 -mfloat-abi=hard -Wl,-build-id=none -specs=Xilinx.spec -Wl,-T -Wl,../src/lscript.ld -L../../Aloha-HE_bsp/ps7_cortexa9_0/lib -o "Aloha-HE.elf"  ./src/Testing/ckksTest.o  ./src/ckksAccelerator.o ./src/communication.o ./src/instruction.o ./src/main.o ./src/platform.o   -lm -Wl,--start-group,-lxil,-lgcc,-lc,--end-group
Finished building target: Aloha-HE.elf
 
Invoking: ARM v7 Print Size
arm-none-eabi-size Aloha-HE.elf  |tee "Aloha-HE.elf.size"
   text	   data	    bss	    dec	    hex	filename
 123124	 264848	20495520	20883492	13ea824	Aloha-HE.elf
Finished building: Aloha-HE.elf.size
 
10:27:20 **** Incremental Build of configuration Debug for project Aloha-HE ****
make pre-build main-build 
a9-linaro-pre-build-step
 
make: Nothing to be done for 'main-build'.
10:27:32 **** Auto Build of configuration Debug for project Aloha-HE ****
make pre-build main-build 
a9-linaro-pre-build-step
 
Building file: ../src/Testing/ckksTest.c
Invoking: ARM v7 gcc compiler
arm-none-eabi-gcc -Wall -O0 -g3 -c -fmessage-length=0 -MT"src/Testing/ckksTest.o" -mcpu=cortex-a9 -mfpu=vfpv3 -mfloat-abi=hard -I../../Aloha-HE_bsp/ps7_cortexa9_0/include -MMD -MP -MF"src/Testing/ckksTest.d" -MT"src/Testing/ckksTest.o" -o "src/Testing/ckksTest.o" "../src/Testing/ckksTest.c"
In file included from ../src/Testing/ckksTest.c:27:
../../Aloha-HE_bsp/ps7_cortexa9_0/include/xtime_l.h:87:9: note: #pragma message: For the sleep routines, Global timer is being used
 #pragma message ("For the sleep routines, Global timer is being used")
         ^~~~~~~
../src/Testing/ckksTest.c: In function 'test_hardware':
../src/Testing/ckksTest.c:619:10: warning: unused variable 'rns_delta_max' [-Wunused-variable]
  int64_t rns_delta_max = 1; // +/- 1
          ^~~~~~~~~~~~~
../src/Testing/ckksTest.c:618:9: warning: unused variable 'eps_fft_tw_storage' [-Wunused-variable]
  double eps_fft_tw_storage = pow(2,-30);
         ^~~~~~~~~~~~~~~~~~
../src/Testing/ckksTest.c:617:15: warning: unused variable 'eps_fft' [-Wunused-variable]
  const double eps_fft = pow(2,-30); // ~0.9e-9%
               ^~~~~~~
Finished building: ../src/Testing/ckksTest.c
 
Building target: Aloha-HE.elf
Invoking: ARM v7 gcc linker
[...]
../src/Testing/ckksTest.c:617:15: warning: unused variable 'eps_fft' [-Wunused-variable]
  const double eps_fft = pow(2,-30); // ~0.9e-9%
               ^~~~~~~
Finished building: ../src/Testing/ckksTest.c
 
Building target: Aloha-HE.elf
Invoking: ARM v7 gcc linker
arm-none-eabi-gcc -mcpu=cortex-a9 -mfpu=vfpv3 -mfloat-abi=hard -Wl,-build-id=none -specs=Xilinx.spec -Wl,-T -Wl,../src/lscript.ld -L../../Aloha-HE_bsp/ps7_cortexa9_0/lib -o "Aloha-HE.elf"  ./src/Testing/ckksTest.o  ./src/ckksAccelerator.o ./src/communication.o ./src/instruction.o ./src/main.o ./src/platform.o   -lm -Wl,--start-group,-lxil,-lgcc,-lc,--end-group
Finished building target: Aloha-HE.elf
 
Invoking: ARM v7 Print Size
arm-none-eabi-size Aloha-HE.elf  |tee "Aloha-HE.elf.size"
   text	   data	    bss	    dec	    hex	filename
 125140	   2584	20495520	20623244	13aaf8c	Aloha-HE.elf
Finished building: Aloha-HE.elf.size
 
09:04:41 **** Incremental Build of configuration Debug for project Aloha-HE ****
make pre-build main-build 
a9-linaro-pre-build-step
 
make: Nothing to be done for 'main-build'.
09:04:49 **** Auto Build of configuration Debug for project Aloha-HE ****
make pre-build main-build 
a9-linaro-pre-build-step
 
Building file: ../src/Testing/ckksTest.c
Invoking: ARM v7 gcc compiler
arm-none-eabi-gcc -Wall -O0 -g3 -c -fmessage-length=0 -MT"src/Testing/ckksTest.o" -mcpu=cortex-a9 -mfpu=vfpv3 -mfloat-abi=hard -I../../Aloha-HE_bsp/ps7_cortexa9_0/include -MMD -MP -MF"src/Testing/ckksTest.d" -MT"src/Testing/ckksTest.o" -o "src/Testing/ckksTest.o" "../src/Testing/ckksTest.c"
In file included from ../src/Testing/ckksTest.c:27:
../../Aloha-HE_bsp/ps7_cortexa9_0/include/xtime_l.h:87:9: note: #pragma message: For the sleep routines, Global timer is being used
 #pragma message ("For the sleep routines, Global timer is being used")
         ^~~~~~~
../src/Testing/ckksTest.c: In function 'test_hardware':
../src/Testing/ckksTest.c:619:10: warning: unused variable 'rns_delta_max' [-Wunused-variable]
  int64_t rns_delta_max = 1; // +/- 1
          ^~~~~~~~~~~~~
../src/Testing/ckksTest.c:618:9: warning: unused variable 'eps_fft_tw_storage' [-Wunused-variable]
  double eps_fft_tw_storage = pow(2,-30);
         ^~~~~~~~~~~~~~~~~~
../src/Testing/ckksTest.c:617:15: warning: unused variable 'eps_fft' [-Wunused-variable]
  const double eps_fft = pow(2,-30); // ~0.9e-9%
               ^~~~~~~
Finished building: ../src/Testing/ckksTest.c
 
Building target: Aloha-HE.elf
Invoking: ARM v7 gcc linker
arm-none-eabi-gcc -mcpu=cortex-a9 -mfpu=vfpv3 -mfloat-abi=hard -Wl,-build-id=none -specs=Xilinx.spec -Wl,-T -Wl,../src/lscript.ld -L../../Aloha-HE_bsp/ps7_cortexa9_0/lib -o "Aloha-HE.elf"  ./src/Testing/ckksTest.o  ./src/ckksAccelerator.o ./src/communication.o ./src/instruction.o ./src/main.o ./src/platform.o   -lm -Wl,--start-group,-lxil,-lgcc,-lc,--end-group
Finished building target: Aloha-HE.elf
 
Invoking: ARM v7 Print Size
arm-none-eabi-size Aloha-HE.elf  |tee "Aloha-HE.elf.size"
   text	   data	    bss	    dec	    hex	filename
 123796	2362048	20626592	23112436	160aaf4	Aloha-HE.elf
Finished building: Aloha-HE.elf.size
 
09:05:21 **** Incremental Build of configuration Debug for project Aloha-HE ****
make pre-build main-build 
a9-linaro-pre-build-step
 
make: Nothing to be done for 'main-build'.
09:05:35 **** Auto Build of configuration Debug for project Aloha-HE ****
make pre-build main-build 
a9-linaro-pre-build-step
 
Building file: ../src/Testing/ckksTest.c
Invoking: ARM v7 gcc compiler
arm-none-eabi-gcc -Wall -O0 -g3 -c -fmessage-length=0 -MT"src/Testing/ckksTest.o" -mcpu=cortex-a9 -mfpu=vfpv3 -mfloat-abi=hard -I../../Aloha-HE_bsp/ps7_cortexa9_0/include -MMD -MP -MF"src/Testing/ckksTest.d" -MT"src/Testing/ckksTest.o" -o "src/Testing/ckksTest.o" "../src/Testing/ckksTest.c"
In file included from ../src/Testing/ckksTest.c:27:
../../Aloha-HE_bsp/ps7_cortexa9_0/include/xtime_l.h:87:9: note: #pragma message: For the sleep routines, Global timer is being used
 #pragma message ("For the sleep routines, Global timer is being used")
         ^~~~~~~
../src/Testing/ckksTest.c: In function 'test_hardware':
../src/Testing/ckksTest.c:619:10: warning: unused variable 'rns_delta_max' [-Wunused-variable]
  int64_t rns_delta_max = 1; // +/- 1
          ^~~~~~~~~~~~~
../src/Testing/ckksTest.c:618:9: warning: unused variable 'eps_fft_tw_storage' [-Wunused-variable]
  double eps_fft_tw_storage = pow(2,-30);
         ^~~~~~~~~~~~~~~~~~
../src/Testing/ckksTest.c:617:15: warning: unused variable 'eps_fft' [-Wunused-variable]
  const double eps_fft = pow(2,-30); // ~0.9e-9%
               ^~~~~~~
Finished building: ../src/Testing/ckksTest.c
 
Building target: Aloha-HE.elf
Invoking: ARM v7 gcc linker
arm-none-eabi-gcc -mcpu=cortex-a9 -mfpu=vfpv3 -mfloat-abi=hard -Wl,-build-id=none -specs=Xilinx.spec -Wl,-T -Wl,../src/lscript.ld -L../../Aloha-HE_bsp/ps7_cortexa9_0/lib -o "Aloha-HE.elf"  ./src/Testing/ckksTest.o  ./src/ckksAccelerator.o ./src/communication.o ./src/instruction.o ./src/main.o ./src/platform.o   -lm -Wl,--start-group,-lxil,-lgcc,-lc,--end-group
Finished building target: Aloha-HE.elf
 
Invoking: ARM v7 Print Size
arm-none-eabi-size Aloha-HE.elf  |tee "Aloha-HE.elf.size"
   text	   data	    bss	    dec	    hex	filename
 123868	 264736	20626592	21015196	140aa9c	Aloha-HE.elf
Finished building: Aloha-HE.elf.size
 
09:05:45 **** Incremental Build of configuration Debug for project Aloha-HE ****
make pre-build main-build 
a9-linaro-pre-build-step
 
make: Nothing to be done for 'main-build'.
09:06:02 **** Auto Build of configuration Debug for project Aloha-HE ****
make pre-build main-build 
a9-linaro-pre-build-step
 
Building file: ../src/Testing/ckksTest.c
Invoking: ARM v7 gcc compiler
arm-none-eabi-gcc -Wall -O0 -g3 -c -fmessage-length=0 -MT"src/Testing/ckksTest.o" -mcpu=cortex-a9 -mfpu=vfpv3 -mfloat-abi=hard -I../../Aloha-HE_bsp/ps7_cortexa9_0/include -MMD -MP -MF"src/Testing/ckksTest.d" -MT"src/Testing/ckksTest.o" -o "src/Testing/ckksTest.o" "../src/Testing/ckksTest.c"
In file included from ../src/Testing/ckksTest.c:27:
../../Aloha-HE_bsp/ps7_cortexa9_0/include/xtime_l.h:87:9: note: #pragma message: For the sleep routines, Global timer is being used
 #pragma message ("For the sleep routines, Global timer is being used")
         ^~~~~~~
../src/Testing/ckksTest.c: In function 'test_hardware':
../src/Testing/ckksTest.c:619:10: warning: unused variable 'rns_delta_max' [-Wunused-variable]
  int64_t rns_delta_max = 1; // +/- 1
          ^~~~~~~~~~~~~
../src/Testing/ckksTest.c:618:9: warning: unused variable 'eps_fft_tw_storage' [-Wunused-variable]
  double eps_fft_tw_storage = pow(2,-30);
         ^~~~~~~~~~~~~~~~~~
../src/Testing/ckksTest.c:617:15: warning: unused variable 'eps_fft' [-Wunused-variable]
  const double eps_fft = pow(2,-30); // ~0.9e-9%
               ^~~~~~~
Finished building: ../src/Testing/ckksTest.c
 
Building target: Aloha-HE.elf
Invoking: ARM v7 gcc linker
arm-none-eabi-gcc -mcpu=cortex-a9 -mfpu=vfpv3 -mfloat-abi=hard -Wl,-build-id=none -specs=Xilinx.spec -Wl,-T -Wl,../src/lscript.ld -L../../Aloha-HE_bsp/ps7_cortexa9_0/lib -o "Aloha-HE.elf"  ./src/Testing/ckksTest.o  ./src/ckksAccelerator.o ./src/communication.o ./src/instruction.o ./src/main.o ./src/platform.o   -lm -Wl,--start-group,-lxil,-lgcc,-lc,--end-group
Finished building target: Aloha-HE.elf
 
Invoking: ARM v7 Print Size
arm-none-eabi-size Aloha-HE.elf  |tee "Aloha-HE.elf.size"
   text	   data	    bss	    dec	    hex	filename
 123516	 789088	20495520	21408124	146a97c	Aloha-HE.elf
Finished building: Aloha-HE.elf.size
 
09:06:15 **** Incremental Build of configuration Debug for project Aloha-HE ****
make pre-build main-build 
a9-linaro-pre-build-step
 
make: Nothing to be done for 'main-build'.
09:06:28 **** Auto Build of configuration Debug for project Aloha-HE ****
make pre-build main-build 
a9-linaro-pre-build-step
 
Building file: ../src/Testing/ckksTest.c
Invoking: ARM v7 gcc compiler
arm-none-eabi-gcc -Wall -O0 -g3 -c -fmessage-length=0 -MT"src/Testing/ckksTest.o" -mcpu=cortex-a9 -mfpu=vfpv3 -mfloat-abi=hard -I../../Aloha-HE_bsp/ps7_cortexa9_0/include -MMD -MP -MF"src/Testing/ckksTest.d" -MT"src/Testing/ckksTest.o" -o "src/Testing/ckksTest.o" "../src/Testing/ckksTest.c"
In file included from ../src/Testing/ckksTest.c:27:
../../Aloha-HE_bsp/ps7_cortexa9_0/include/xtime_l.h:87:9: note: #pragma message: For the sleep routines, Global timer is being used
 #pragma message ("For the sleep routines, Global timer is being used")
         ^~~~~~~
../src/Testing/ckksTest.c: In function 'test_hardware':
../src/Testing/ckksTest.c:619:10: warning: unused variable 'rns_delta_max' [-Wunused-variable]
  int64_t rns_delta_max = 1; // +/- 1
          ^~~~~~~~~~~~~
../src/Testing/ckksTest.c:618:9: warning: unused variable 'eps_fft_tw_storage' [-Wunused-variable]
  double eps_fft_tw_storage = pow(2,-30);
         ^~~~~~~~~~~~~~~~~~
../src/Testing/ckksTest.c:617:15: warning: unused variable 'eps_fft' [-Wunused-variable]
  const double eps_fft = pow(2,-30); // ~0.9e-9%
               ^~~~~~~
Finished building: ../src/Testing/ckksTest.c
 
Building target: Aloha-HE.elf
Invoking: ARM v7 gcc linker
arm-none-eabi-gcc -mcpu=cortex-a9 -mfpu=vfpv3 -mfloat-abi=hard -Wl,-build-id=none -specs=Xilinx.spec -Wl,-T -Wl,../src/lscript.ld -L../../Aloha-HE_bsp/ps7_cortexa9_0/lib -o "Aloha-HE.elf"  ./src/Testing/ckksTest.o  ./src/ckksAccelerator.o ./src/communication.o ./src/instruction.o ./src/main.o ./src/platform.o   -lm -Wl,--start-group,-lxil,-lgcc,-lc,--end-group
Finished building target: Aloha-HE.elf
 
Invoking: ARM v7 Print Size
arm-none-eabi-size Aloha-HE.elf  |tee "Aloha-HE.elf.size"
   text	   data	    bss	    dec	    hex	filename
 123124	 264848	20495520	20883492	13ea824	Aloha-HE.elf
Finished building: Aloha-HE.elf.size
 
09:06:39 **** Incremental Build of configuration Debug for project Aloha-HE ****
make pre-build main-build 
a9-linaro-pre-build-step
 
make: Nothing to be done for 'main-build'.
09:06:47 **** Auto Build of configuration Debug for project Aloha-HE ****
make pre-build main-build 
a9-linaro-pre-build-step
 
Building file: ../src/Testing/ckksTest.c
Invoking: ARM v7 gcc compiler
arm-none-eabi-gcc -Wall -O0 -g3 -c -fmessage-length=0 -MT"src/Testing/ckksTest.o" -mcpu=cortex-a9 -mfpu=vfpv3 -mfloat-abi=hard -I../../Aloha-HE_bsp/ps7_cortexa9_0/include -MMD -MP -MF"src/Testing/ckksTest.d" -MT"src/Testing/ckksTest.o" -o "src/Testing/ckksTest.o" "../src/Testing/ckksTest.c"
In file included from ../src/Testing/ckksTest.c:27:
../../Aloha-HE_bsp/ps7_cortexa9_0/include/xtime_l.h:87:9: note: #pragma message: For the sleep routines, Global timer is being used
 #pragma message ("For the sleep routines, Global timer is being used")
         ^~~~~~~
../src/Testing/ckksTest.c: In function 'test_hardware':
../src/Testing/ckksTest.c:619:10: warning: unused variable 'rns_delta_max' [-Wunused-variable]
  int64_t rns_delta_max = 1; // +/- 1
          ^~~~~~~~~~~~~
../src/Testing/ckksTest.c:618:9: warning: unused variable 'eps_fft_tw_storage' [-Wunused-variable]
  double eps_fft_tw_storage = pow(2,-30);
         ^~~~~~~~~~~~~~~~~~
../src/Testing/ckksTest.c:617:15: warning: unused variable 'eps_fft' [-Wunused-variable]
  const double eps_fft = pow(2,-30); // ~0.9e-9%
               ^~~~~~~
Finished building: ../src/Testing/ckksTest.c
 
Building target: Aloha-HE.elf
Invoking: ARM v7 gcc linker
arm-none-eabi-gcc -mcpu=cortex-a9 -mfpu=vfpv3 -mfloat-abi=hard -Wl,-build-id=none -specs=Xilinx.spec -Wl,-T -Wl,../src/lscript.ld -L../../Aloha-HE_bsp/ps7_cortexa9_0/lib -o "Aloha-HE.elf"  ./src/Testing/ckksTest.o  ./src/ckksAccelerator.o ./src/communication.o ./src/instruction.o ./src/main.o ./src/platform.o   -lm -Wl,--start-group,-lxil,-lgcc,-lc,--end-group
Finished building target: Aloha-HE.elf
 
Invoking: ARM v7 Print Size
arm-none-eabi-size Aloha-HE.elf  |tee "Aloha-HE.elf.size"
   text	   data	    bss	    dec	    hex	filename
 127108	   2608	20961696	21091412	141d454	Aloha-HE.elf
Finished building: Aloha-HE.elf.size
 
09:07:02 **** Incremental Build of configuration Debug for project Aloha-HE ****
make pre-build main-build 
a9-linaro-pre-build-step
 
make: Nothing to be done for 'main-build'.
09:07:15 **** Auto Build of configuration Debug for project Aloha-HE ****
make pre-build main-build 
a9-linaro-pre-build-step
 
Building file: ../src/Testing/ckksTest.c
Invoking: ARM v7 gcc compiler
arm-none-eabi-gcc -Wall -O0 -g3 -c -fmessage-length=0 -MT"src/Testing/ckksTest.o" -mcpu=cortex-a9 -mfpu=vfpv3 -mfloat-abi=hard -I../../Aloha-HE_bsp/ps7_cortexa9_0/include -MMD -MP -MF"src/Testing/ckksTest.d" -MT"src/Testing/ckksTest.o" -o "src/Testing/ckksTest.o" "../src/Testing/ckksTest.c"
In file included from ../src/Testing/ckksTest.c:27:
../../Aloha-HE_bsp/ps7_cortexa9_0/include/xtime_l.h:87:9: note: #pragma message: For the sleep routines, Global timer is being used
 #pragma message ("For the sleep routines, Global timer is being used")
         ^~~~~~~
Finished building: ../src/Testing/ckksTest.c
 
Building target: Aloha-HE.elf
Invoking: ARM v7 gcc linker
arm-none-eabi-gcc -mcpu=cortex-a9 -mfpu=vfpv3 -mfloat-abi=hard -Wl,-build-id=none -specs=Xilinx.spec -Wl,-T -Wl,../src/lscript.ld -L../../Aloha-HE_bsp/ps7_cortexa9_0/lib -o "Aloha-HE.elf"  ./src/Testing/ckksTest.o  ./src/ckksAccelerator.o ./src/communication.o ./src/instruction.o ./src/main.o ./src/platform.o   -lm -Wl,--start-group,-lxil,-lgcc,-lc,--end-group
Finished building target: Aloha-HE.elf
 
Invoking: ARM v7 Print Size
arm-none-eabi-size Aloha-HE.elf  |tee "Aloha-HE.elf.size"
   text	   data	    bss	    dec	    hex	filename
 130544	3041824	20896160	24068528	16f41b0	Aloha-HE.elf
Finished building: Aloha-HE.elf.size
 
09:07:27 **** Incremental Build of configuration Debug for project Aloha-HE ****
make pre-build main-build 
a9-linaro-pre-build-step
 
make: Nothing to be done for 'main-build'.
09:07:39 **** Auto Build of configuration Debug for project Aloha-HE ****
make pre-build main-build 
a9-linaro-pre-build-step
 
Building file: ../src/Testing/ckksTest.c
Invoking: ARM v7 gcc compiler
arm-none-eabi-gcc -Wall -O0 -g3 -c -fmessage-length=0 -MT"src/Testing/ckksTest.o" -mcpu=cortex-a9 -mfpu=vfpv3 -mfloat-abi=hard -I../../Aloha-HE_bsp/ps7_cortexa9_0/include -MMD -MP -MF"src/Testing/ckksTest.d" -MT"src/Testing/ckksTest.o" -o "src/Testing/ckksTest.o" "../src/Testing/ckksTest.c"
In file included from ../src/Testing/ckksTest.c:27:
../../Aloha-HE_bsp/ps7_cortexa9_0/include/xtime_l.h:87:9: note: #pragma message: For the sleep routines, Global timer is being used
 #pragma message ("For the sleep routines, Global timer is being used")
         ^~~~~~~
Finished building: ../src/Testing/ckksTest.c
 
Building target: Aloha-HE.elf
Invoking: ARM v7 gcc linker
arm-none-eabi-gcc -mcpu=cortex-a9 -mfpu=vfpv3 -mfloat-abi=hard -Wl,-build-id=none -specs=Xilinx.spec -Wl,-T -Wl,../src/lscript.ld -L../../Aloha-HE_bsp/ps7_cortexa9_0/lib -o "Aloha-HE.elf"  ./src/Testing/ckksTest.o  ./src/ckksAccelerator.o ./src/communication.o ./src/instruction.o ./src/main.o ./src/platform.o   -lm -Wl,--start-group,-lxil,-lgcc,-lc,--end-group
Finished building target: Aloha-HE.elf
 
Invoking: ARM v7 Print Size
arm-none-eabi-size Aloha-HE.elf  |tee "Aloha-HE.elf.size"
   text	   data	    bss	    dec	    hex	filename
 131168	3041824	20896160	24069152	16f4420	Aloha-HE.elf
Finished building: Aloha-HE.elf.size
 
09:07:54 **** Incremental Build of configuration Debug for project Aloha-HE ****
make pre-build main-build 
a9-linaro-pre-build-step
 
make: Nothing to be done for 'main-build'.
09:08:10 **** Auto Build of configuration Debug for project Aloha-HE ****
make pre-build main-build 
a9-linaro-pre-build-step
 
Building file: ../src/Testing/ckksTest.c
Invoking: ARM v7 gcc compiler
arm-none-eabi-gcc -Wall -O0 -g3 -c -fmessage-length=0 -MT"src/Testing/ckksTest.o" -mcpu=cortex-a9 -mfpu=vfpv3 -mfloat-abi=hard -I../../Aloha-HE_bsp/ps7_cortexa9_0/include -MMD -MP -MF"src/Testing/ckksTest.d" -MT"src/Testing/ckksTest.o" -o "src/Testing/ckksTest.o" "../src/Testing/ckksTest.c"
In file included from ../src/Testing/ckksTest.c:27:
../../Aloha-HE_bsp/ps7_cortexa9_0/include/xtime_l.h:87:9: note: #pragma message: For the sleep routines, Global timer is being used
 #pragma message ("For the sleep routines, Global timer is being used")
         ^~~~~~~
../src/Testing/ckksTest.c: In function 'test_hardware':
../src/Testing/ckksTest.c:619:10: warning: unused variable 'rns_delta_max' [-Wunused-variable]
  int64_t rns_delta_max = 1; // +/- 1
          ^~~~~~~~~~~~~
../src/Testing/ckksTest.c:618:9: warning: unused variable 'eps_fft_tw_storage' [-Wunused-variable]
  double eps_fft_tw_storage = pow(2,-30);
         ^~~~~~~~~~~~~~~~~~
../src/Testing/ckksTest.c:617:15: warning: unused variable 'eps_fft' [-Wunused-variable]
  const double eps_fft = pow(2,-30); // ~0.9e-9%
               ^~~~~~~
../src/Testing/ckksTest.c:616:12: warning: unused variable 'poly_size' [-Wunused-variable]
  const int poly_size = 8192; // 2^13
            ^~~~~~~~~
Finished building: ../src/Testing/ckksTest.c
 
Building target: Aloha-HE.elf
Invoking: ARM v7 gcc linker
arm-none-eabi-gcc -mcpu=cortex-a9 -mfpu=vfpv3 -mfloat-abi=hard -Wl,-build-id=none -specs=Xilinx.spec -Wl,-T -Wl,../src/lscript.ld -L../../Aloha-HE_bsp/ps7_cortexa9_0/lib -o "Aloha-HE.elf"  ./src/Testing/ckksTest.o  ./src/ckksAccelerator.o ./src/communication.o ./src/instruction.o ./src/main.o ./src/platform.o   -lm -Wl,--start-group,-lxil,-lgcc,-lc,--end-group
Finished building target: Aloha-HE.elf
 
Invoking: ARM v7 Print Size
arm-none-eabi-size Aloha-HE.elf  |tee "Aloha-HE.elf.size"
   text	   data	    bss	    dec	    hex	filename
 122732	   2584	20495520	20620836	13aa624	Aloha-HE.elf
Finished building: Aloha-HE.elf.size
 
09:08:24 **** Incremental Build of configuration Debug for project Aloha-HE ****
make pre-build main-build 
a9-linaro-pre-build-step
 
make: Nothing to be done for 'main-build'.
09:08:38 **** Auto Build of configuration Debug for project Aloha-HE ****
make pre-build main-build 
a9-linaro-pre-build-step
 
Building file: ../src/Testing/ckksTest.c
Invoking: ARM v7 gcc compiler
arm-none-eabi-gcc -Wall -O0 -g3 -c -fmessage-length=0 -MT"src/Testing/ckksTest.o" -mcpu=cortex-a9 -mfpu=vfpv3 -mfloat-abi=hard -I../../Aloha-HE_bsp/ps7_cortexa9_0/include -MMD -MP -MF"src/Testing/ckksTest.d" -MT"src/Testing/ckksTest.o" -o "src/Testing/ckksTest.o" "../src/Testing/ckksTest.c"
In file included from ../src/Testing/ckksTest.c:27:
../../Aloha-HE_bsp/ps7_cortexa9_0/include/xtime_l.h:87:9: note: #pragma message: For the sleep routines, Global timer is being used
 #pragma message ("For the sleep routines, Global timer is being used")
         ^~~~~~~
../src/Testing/ckksTest.c: In function 'test_hardware':
../src/Testing/ckksTest.c:619:10: warning: unused variable 'rns_delta_max' [-Wunused-variable]
  int64_t rns_delta_max = 1; // +/- 1
          ^~~~~~~~~~~~~
../src/Testing/ckksTest.c:618:9: warning: unused variable 'eps_fft_tw_storage' [-Wunused-variable]
  double eps_fft_tw_storage = pow(2,-30);
         ^~~~~~~~~~~~~~~~~~
Finished building: ../src/Testing/ckksTest.c
 
Building target: Aloha-HE.elf
Invoking: ARM v7 gcc linker
arm-none-eabi-gcc -mcpu=cortex-a9 -mfpu=vfpv3 -mfloat-abi=hard -Wl,-build-id=none -specs=Xilinx.spec -Wl,-T -Wl,../src/lscript.ld -L../../Aloha-HE_bsp/ps7_cortexa9_0/lib -o "Aloha-HE.elf"  ./src/Testing/ckksTest.o  ./src/ckksAccelerator.o ./src/communication.o ./src/instruction.o ./src/main.o ./src/platform.o   -lm -Wl,--start-group,-lxil,-lgcc,-lc,--end-group
Finished building target: Aloha-HE.elf
 
Invoking: ARM v7 Print Size
arm-none-eabi-size Aloha-HE.elf  |tee "Aloha-HE.elf.size"
   text	   data	    bss	    dec	    hex	filename
 128682	3041824	20896160	24066666	16f3a6a	Aloha-HE.elf
Finished building: Aloha-HE.elf.size
 
09:08:50 **** Incremental Build of configuration Debug for project Aloha-HE ****
make pre-build main-build 
a9-linaro-pre-build-step
 
make: Nothing to be done for 'main-build'.
