08:34:24 **** Clean-only build of configuration Debug for project Aloha-HE ****
make clean 
rm -rf  ./src/Testing/ckksTest.o ./src/Testing/xtime_l.o  ./src/ckksAccelerator.o ./src/communication.o ./src/instruction.o ./src/main.o ./src/platform.o  ./src/Testing/ckksTest.d ./src/Testing/xtime_l.d  ./src/ckksAccelerator.d ./src/communication.d ./src/instruction.d ./src/main.d ./src/platform.d  Aloha-HE.elf.size  Aloha-HE.elf
 
08:34:24 **** Clean-only build of project Aloha-HE_bsp ****
make -k clean 
make -C microblaze_1/libsrc/tmrctr_v4_5/src -s clean 
make -C microblaze_1/libsrc/standalone_v7_0/src -s clean 
make -C microblaze_1/libsrc/uartlite_v3_2/src -s clean 
make -C microblaze_1/libsrc/bram_v4_3/src -s clean 
make -C microblaze_1/libsrc/cpu_v2_9/src -s clean 
make -C microblaze_1/libsrc/axicdma_v4_5/src -s clean 
rm -f microblaze_1/lib/libxil.a
08:34:25 **** Build of project Aloha-HE_bsp ****
make -k all 
Running Make include in microblaze_1/libsrc/tmrctr_v4_5/src
make -C microblaze_1/libsrc/tmrctr_v4_5/src -s include  "SHELL=/bin/sh" "COMPILER=mb-gcc" "ARCHIVER=mb-ar" "COMPILER_FLAGS=  -O2 -c -mcpu=v11.0 -mlittle-endian -mxl-soft-mul" "EXTRA_COMPILER_FLAGS=-ffunction-sections -fdata-sections -Wall -Wextra"
Running Make include in microblaze_1/libsrc/standalone_v7_0/src
make -C microblaze_1/libsrc/standalone_v7_0/src -s include  "SHELL=/bin/sh" "COMPILER=mb-gcc" "ARCHIVER=mb-ar" "COMPILER_FLAGS=  -O2 -c -mcpu=v11.0 -mlittle-endian -mxl-soft-mul" "EXTRA_COMPILER_FLAGS=-ffunction-sections -fdata-sections -Wall -Wextra"
Running Make include in microblaze_1/libsrc/uartlite_v3_2/src
make -C microblaze_1/libsrc/uartlite_v3_2/src -s include  "SHELL=/bin/sh" "COMPILER=mb-gcc" "ARCHIVER=mb-ar" "COMPILER_FLAGS=  -O2 -c -mcpu=v11.0 -mlittle-endian -mxl-soft-mul" "EXTRA_COMPILER_FLAGS=-ffunction-sections -fdata-sections -Wall -Wextra"
Running Make include in microblaze_1/libsrc/bram_v4_3/src
make -C microblaze_1/libsrc/bram_v4_3/src -s include  "SHELL=/bin/sh" "COMPILER=mb-gcc" "ARCHIVER=mb-ar" "COMPILER_FLAGS=  -O2 -c -mcpu=v11.0 -mlittle-endian -mxl-soft-mul" "EXTRA_COMPILER_FLAGS=-ffunction-sections -fdata-sections -Wall -Wextra"
Running Make include in microblaze_1/libsrc/cpu_v2_9/src
make -C microblaze_1/libsrc/cpu_v2_9/src -s include  "SHELL=/bin/sh" "COMPILER=mb-gcc" "ARCHIVER=mb-ar" "COMPILER_FLAGS=  -O2 -c -mcpu=v11.0 -mlittle-endian -mxl-soft-mul" "EXTRA_COMPILER_FLAGS=-ffunction-sections -fdata-sections -Wall -Wextra"
Running Make include in microblaze_1/libsrc/axicdma_v4_5/src
make -C microblaze_1/libsrc/axicdma_v4_5/src -s include  "SHELL=/bin/sh" "COMPILER=mb-gcc" "ARCHIVER=mb-ar" "COMPILER_FLAGS=  -O2 -c -mcpu=v11.0 -mlittle-endian -mxl-soft-mul" "EXTRA_COMPILER_FLAGS=-ffunction-sections -fdata-sections -Wall -Wextra"
Running Make libs in microblaze_1/libsrc/tmrctr_v4_5/src
make -C microblaze_1/libsrc/tmrctr_v4_5/src -s libs  "SHELL=/bin/sh" "COMPILER=mb-gcc" "ARCHIVER=mb-ar" "COMPILER_FLAGS=  -O2 -c -mcpu=v11.0 -mlittle-endian -mxl-soft-mul" "EXTRA_COMPILER_FLAGS=-ffunction-sections -fdata-sections -Wall -Wextra"
Compiling tmrctr
mb-ar: creating ../../../lib/libxil.a
Running Make libs in microblaze_1/libsrc/standalone_v7_0/src
make -C microblaze_1/libsrc/standalone_v7_0/src -s libs  "SHELL=/bin/sh" "COMPILER=mb-gcc" "ARCHIVER=mb-ar" "COMPILER_FLAGS=  -O2 -c -mcpu=v11.0 -mlittle-endian -mxl-soft-mul" "EXTRA_COMPILER_FLAGS=-ffunction-sections -fdata-sections -Wall -Wextra"
Compiling standalone
microblaze_sleep.c:77:9: note: #pragma message: For the sleep routines, assembly instructions are used
 #pragma message ("For the sleep routines, assembly instructions are used")
         ^~~~~~~
Running Make libs in microblaze_1/libsrc/uartlite_v3_2/src
make -C microblaze_1/libsrc/uartlite_v3_2/src -s libs  "SHELL=/bin/sh" "COMPILER=mb-gcc" "ARCHIVER=mb-ar" "COMPILER_FLAGS=  -O2 -c -mcpu=v11.0 -mlittle-endian -mxl-soft-mul" "EXTRA_COMPILER_FLAGS=-ffunction-sections -fdata-sections -Wall -Wextra"
Compiling uartlite
Running Make libs in microblaze_1/libsrc/bram_v4_3/src
make -C microblaze_1/libsrc/bram_v4_3/src -s libs  "SHELL=/bin/sh" "COMPILER=mb-gcc" "ARCHIVER=mb-ar" "COMPILER_FLAGS=  -O2 -c -mcpu=v11.0 -mlittle-endian -mxl-soft-mul" "EXTRA_COMPILER_FLAGS=-ffunction-sections -fdata-sections -Wall -Wextra"
Compiling bram
Running Make libs in microblaze_1/libsrc/cpu_v2_9/src
make -C microblaze_1/libsrc/cpu_v2_9/src -s libs  "SHELL=/bin/sh" "COMPILER=mb-gcc" "ARCHIVER=mb-ar" "COMPILER_FLAGS=  -O2 -c -mcpu=v11.0 -mlittle-endian -mxl-soft-mul" "EXTRA_COMPILER_FLAGS=-ffunction-sections -fdata-sections -Wall -Wextra"
Compiling cpu
Running Make libs in microblaze_1/libsrc/axicdma_v4_5/src
make -C microblaze_1/libsrc/axicdma_v4_5/src -s libs  "SHELL=/bin/sh" "COMPILER=mb-gcc" "ARCHIVER=mb-ar" "COMPILER_FLAGS=  -O2 -c -mcpu=v11.0 -mlittle-endian -mxl-soft-mul" "EXTRA_COMPILER_FLAGS=-ffunction-sections -fdata-sections -Wall -Wextra"
Compiling axicdma
Finished building libraries
08:34:28 **** Build of configuration Debug for project Aloha-HE ****
make all 
Building file: ../src/Testing/ckksTest.c
Invoking: MicroBlaze gcc compiler
mb-gcc -Wall -O0 -g3 -c -fmessage-length=0 -MT"src/Testing/ckksTest.o" -I../../Aloha-HE_bsp/microblaze_1/include -mlittle-endian -mcpu=v11.0 -mxl-soft-mul -Wl,--no-relax -ffunction-sections -fdata-sections -MMD -MP -MF"src/Testing/ckksTest.d" -MT"src/Testing/ckksTest.o" -o "src/Testing/ckksTest.o" "../src/Testing/ckksTest.c"
../src/Testing/ckksTest.c: In function 'test_hardware':
../src/Testing/ckksTest.c:655:10: warning: unused variable 'rns_delta_max' [-Wunused-variable]
  int64_t rns_delta_max = 1; // +/- 1
          ^~~~~~~~~~~~~
../src/Testing/ckksTest.c:654:9: warning: unused variable 'eps_fft_tw_storage' [-Wunused-variable]
  double eps_fft_tw_storage = pow(2,-30);
         ^~~~~~~~~~~~~~~~~~
../src/Testing/ckksTest.c:653:15: warning: unused variable 'eps_fft' [-Wunused-variable]
  const double eps_fft = pow(2,-30); // ~0.9e-9%
               ^~~~~~~
Finished building: ../src/Testing/ckksTest.c
 
Building file: ../src/Testing/xtime_l.c
Invoking: MicroBlaze gcc compiler
mb-gcc -Wall -O0 -g3 -c -fmessage-length=0 -MT"src/Testing/xtime_l.o" -I../../Aloha-HE_bsp/microblaze_1/include -mlittle-endian -mcpu=v11.0 -mxl-soft-mul -Wl,--no-relax -ffunction-sections -fdata-sections -MMD -MP -MF"src/Testing/xtime_l.d" -MT"src/Testing/xtime_l.o" -o "src/Testing/xtime_l.o" "../src/Testing/xtime_l.c"
Finished building: ../src/Testing/xtime_l.c
 
Building file: ../src/ckksAccelerator.c
Invoking: MicroBlaze gcc compiler
mb-gcc -Wall -O0 -g3 -c -fmessage-length=0 -MT"src/ckksAccelerator.o" -I../../Aloha-HE_bsp/microblaze_1/include -mlittle-endian -mcpu=v11.0 -mxl-soft-mul -Wl,--no-relax -ffunction-sections -fdata-sections -MMD -MP -MF"src/ckksAccelerator.d" -MT"src/ckksAccelerator.o" -o "src/ckksAccelerator.o" "../src/ckksAccelerator.c"
Finished building: ../src/ckksAccelerator.c
 
Building file: ../src/communication.c
Invoking: MicroBlaze gcc compiler
mb-gcc -Wall -O0 -g3 -c -fmessage-length=0 -MT"src/communication.o" -I../../Aloha-HE_bsp/microblaze_1/include -mlittle-endian -mcpu=v11.0 -mxl-soft-mul -Wl,--no-relax -ffunction-sections -fdata-sections -MMD -MP -MF"src/communication.d" -MT"src/communication.o" -o "src/communication.o" "../src/communication.c"
Finished building: ../src/communication.c
 
Building file: ../src/instruction.c
Invoking: MicroBlaze gcc compiler
mb-gcc -Wall -O0 -g3 -c -fmessage-length=0 -MT"src/instruction.o" -I../../Aloha-HE_bsp/microblaze_1/include -mlittle-endian -mcpu=v11.0 -mxl-soft-mul -Wl,--no-relax -ffunction-sections -fdata-sections -MMD -MP -MF"src/instruction.d" -MT"src/instruction.o" -o "src/instruction.o" "../src/instruction.c"
Finished building: ../src/instruction.c
 
Building file: ../src/main.c
Invoking: MicroBlaze gcc compiler
mb-gcc -Wall -O0 -g3 -c -fmessage-length=0 -MT"src/main.o" -I../../Aloha-HE_bsp/microblaze_1/include -mlittle-endian -mcpu=v11.0 -mxl-soft-mul -Wl,--no-relax -ffunction-sections -fdata-sections -MMD -MP -MF"src/main.d" -MT"src/main.o" -o "src/main.o" "../src/main.c"
Finished building: ../src/main.c
 
Building file: ../src/platform.c
Invoking: MicroBlaze gcc compiler
mb-gcc -Wall -O0 -g3 -c -fmessage-length=0 -MT"src/platform.o" -I../../Aloha-HE_bsp/microblaze_1/include -mlittle-endian -mcpu=v11.0 -mxl-soft-mul -Wl,--no-relax -ffunction-sections -fdata-sections -MMD -MP -MF"src/platform.d" -MT"src/platform.o" -o "src/platform.o" "../src/platform.c"
Finished building: ../src/platform.c
 
Building target: Aloha-HE.elf
Invoking: MicroBlaze gcc linker
mb-gcc -Wl,-T -Wl,../src/lscript.ld -L../../Aloha-HE_bsp/microblaze_1/lib -mlittle-endian -mcpu=v11.0 -mxl-soft-mul -Wl,--no-relax -Wl,--gc-sections -o "Aloha-HE.elf"  ./src/Testing/ckksTest.o ./src/Testing/xtime_l.o  ./src/ckksAccelerator.o ./src/communication.o ./src/instruction.o ./src/main.o ./src/platform.o   -Wl,--start-group,-lxil,-lgcc,-lc,--end-group
Finished building target: Aloha-HE.elf
 
Invoking: MicroBlaze Print Size
mb-size Aloha-HE.elf  |tee "Aloha-HE.elf.size"
   text	   data	    bss	    dec	    hex	filename
 163892	 591648	1257956	2013496	 1eb938	Aloha-HE.elf
Finished building: Aloha-HE.elf.size
 
08:38:08 **** Clean-only build of configuration Debug for project Aloha-HE ****
make clean 
rm -rf  ./src/Testing/ckksTest.o ./src/Testing/xtime_l.o  ./src/ckksAccelerator.o ./src/communication.o ./src/instruction.o ./src/main.o ./src/platform.o  ./src/Testing/ckksTest.d ./src/Testing/xtime_l.d  ./src/ckksAccelerator.d ./src/communication.d ./src/instruction.d ./src/main.d ./src/platform.d  Aloha-HE.elf.size  Aloha-HE.elf
 
08:38:09 **** Auto Build of configuration Debug for project Aloha-HE ****
make all 
Building file: ../src/Testing/ckksTest.c
Invoking: MicroBlaze gcc compiler
mb-gcc -Wall -O0 -g3 -c -fmessage-length=0 -MT"src/Testing/ckksTest.o" -I../../Aloha-HE_bsp/microblaze_1/include -mlittle-endian -mcpu=v11.0 -mxl-soft-mul -Wl,--no-relax -ffunction-sections -fdata-sections -MMD -MP -MF"src/Testing/ckksTest.d" -MT"src/Testing/ckksTest.o" -o "src/Testing/ckksTest.o" "../src/Testing/ckksTest.c"
../src/Testing/ckksTest.c:10:10: fatal error: ../Testing/xtime_l.h: No such file or directory
 #include "../Testing/xtime_l.h"
          ^~~~~~~~~~~~~~~~~~~~~~
compilation terminated.
make: *** [src/Testing/subdir.mk:20: src/Testing/ckksTest.o] Error 1
08:38:29 **** Auto Build of configuration Debug for project Aloha-HE ****
make all 
Building file: ../src/Testing/ckksTest.c
Invoking: MicroBlaze gcc compiler
mb-gcc -Wall -O0 -g3 -c -fmessage-length=0 -MT"src/Testing/ckksTest.o" -I../../Aloha-HE_bsp/microblaze_1/include -mlittle-endian -mcpu=v11.0 -mxl-soft-mul -Wl,--no-relax -ffunction-sections -fdata-sections -MMD -MP -MF"src/Testing/ckksTest.d" -MT"src/Testing/ckksTest.o" -o "src/Testing/ckksTest.o" "../src/Testing/ckksTest.c"
../src/Testing/ckksTest.c:10:10: fatal error: ../Testing/xtime_l.h: No such file or directory
 #include "../Testing/xtime_l.h"
          ^~~~~~~~~~~~~~~~~~~~~~
compilation terminated.
make: *** [src/Testing/subdir.mk:20: src/Testing/ckksTest.o] Error 1
08:39:18 **** Auto Build of configuration Debug for project Aloha-HE ****
make all 
Building file: ../src/Testing/ckksTest.c
Invoking: MicroBlaze gcc compiler
mb-gcc -Wall -O0 -g3 -c -fmessage-length=0 -MT"src/Testing/ckksTest.o" -I../../Aloha-HE_bsp/microblaze_1/include -mlittle-endian -mcpu=v11.0 -mxl-soft-mul -Wl,--no-relax -ffunction-sections -fdata-sections -MMD -MP -MF"src/Testing/ckksTest.d" -MT"src/Testing/ckksTest.o" -o "src/Testing/ckksTest.o" "../src/Testing/ckksTest.c"
../src/Testing/ckksTest.c:10:10: fatal error: ../Testing/xtime_l.h: No such file or directory
 #include "../Testing/xtime_l.h"
          ^~~~~~~~~~~~~~~~~~~~~~
compilation terminated.
make: *** [src/Testing/subdir.mk:20: src/Testing/ckksTest.o] Error 1
08:39:22 **** Auto Build of configuration Debug for project Aloha-HE ****
make all 
Building file: ../src/Testing/ckksTest.c
Invoking: MicroBlaze gcc compiler
mb-gcc -Wall -O0 -g3 -c -fmessage-length=0 -MT"src/Testing/ckksTest.o" -I../../Aloha-HE_bsp/microblaze_1/include -mlittle-endian -mcpu=v11.0 -mxl-soft-mul -Wl,--no-relax -ffunction-sections -fdata-sections -MMD -MP -MF"src/Testing/ckksTest.d" -MT"src/Testing/ckksTest.o" -o "src/Testing/ckksTest.o" "../src/Testing/ckksTest.c"
../src/Testing/ckksTest.c:10:10: fatal error: ../Testing/xtime_l.h: No such file or directory
 #include "../Testing/xtime_l.h"
          ^~~~~~~~~~~~~~~~~~~~~~
compilation terminated.
make: *** [src/Testing/subdir.mk:20: src/Testing/ckksTest.o] Error 1
08:39:35 **** Auto Build of configuration Debug for project Aloha-HE ****
make all 
Building file: ../src/Testing/ckksTest.c
Invoking: MicroBlaze gcc compiler
mb-gcc -Wall -O0 -g3 -c -fmessage-length=0 -MT"src/Testing/ckksTest.o" -I../../Aloha-HE_bsp/microblaze_1/include -mlittle-endian -mcpu=v11.0 -mxl-soft-mul -Wl,--no-relax -ffunction-sections -fdata-sections -MMD -MP -MF"src/Testing/ckksTest.d" -MT"src/Testing/ckksTest.o" -o "src/Testing/ckksTest.o" "../src/Testing/ckksTest.c"
../src/Testing/ckksTest.c: In function 'test_hardware':
../src/Testing/ckksTest.c:655:10: warning: unused variable 'rns_delta_max' [-Wunused-variable]
  int64_t rns_delta_max = 1; // +/- 1
          ^~~~~~~~~~~~~
../src/Testing/ckksTest.c:654:9: warning: unused variable 'eps_fft_tw_storage' [-Wunused-variable]
  double eps_fft_tw_storage = pow(2,-30);
         ^~~~~~~~~~~~~~~~~~
../src/Testing/ckksTest.c:653:15: warning: unused variable 'eps_fft' [-Wunused-variable]
  const double eps_fft = pow(2,-30); // ~0.9e-9%
               ^~~~~~~
Finished building: ../src/Testing/ckksTest.c
 
Building file: ../src/ckksAccelerator.c
Invoking: MicroBlaze gcc compiler
mb-gcc -Wall -O0 -g3 -c -fmessage-length=0 -MT"src/ckksAccelerator.o" -I../../Aloha-HE_bsp/microblaze_1/include -mlittle-endian -mcpu=v11.0 -mxl-soft-mul -Wl,--no-relax -ffunction-sections -fdata-sections -MMD -MP -MF"src/ckksAccelerator.d" -MT"src/ckksAccelerator.o" -o "src/ckksAccelerator.o" "../src/ckksAccelerator.c"
Finished building: ../src/ckksAccelerator.c
 
Building file: ../src/communication.c
Invoking: MicroBlaze gcc compiler
mb-gcc -Wall -O0 -g3 -c -fmessage-length=0 -MT"src/communication.o" -I../../Aloha-HE_bsp/microblaze_1/include -mlittle-endian -mcpu=v11.0 -mxl-soft-mul -Wl,--no-relax -ffunction-sections -fdata-sections -MMD -MP -MF"src/communication.d" -MT"src/communication.o" -o "src/communication.o" "../src/communication.c"
Finished building: ../src/communication.c
 
Building file: ../src/instruction.c
Invoking: MicroBlaze gcc compiler
mb-gcc -Wall -O0 -g3 -c -fmessage-length=0 -MT"src/instruction.o" -I../../Aloha-HE_bsp/microblaze_1/include -mlittle-endian -mcpu=v11.0 -mxl-soft-mul -Wl,--no-relax -ffunction-sections -fdata-sections -MMD -MP -MF"src/instruction.d" -MT"src/instruction.o" -o "src/instruction.o" "../src/instruction.c"
Finished building: ../src/instruction.c
 
Building file: ../src/main.c
Invoking: MicroBlaze gcc compiler
mb-gcc -Wall -O0 -g3 -c -fmessage-length=0 -MT"src/main.o" -I../../Aloha-HE_bsp/microblaze_1/include -mlittle-endian -mcpu=v11.0 -mxl-soft-mul -Wl,--no-relax -ffunction-sections -fdata-sections -MMD -MP -MF"src/main.d" -MT"src/main.o" -o "src/main.o" "../src/main.c"
../src/main.c:15:10: fatal error: Testing/xtime_l.h: No such file or directory
 #include "Testing/xtime_l.h"
          ^~~~~~~~~~~~~~~~~~~
compilation terminated.
make: *** [src/subdir.mk:38: src/main.o] Error 1
08:39:56 **** Auto Build of configuration Debug for project Aloha-HE ****
make all 
Building file: ../src/main.c
Invoking: MicroBlaze gcc compiler
mb-gcc -Wall -O0 -g3 -c -fmessage-length=0 -MT"src/main.o" -I../../Aloha-HE_bsp/microblaze_1/include -mlittle-endian -mcpu=v11.0 -mxl-soft-mul -Wl,--no-relax -ffunction-sections -fdata-sections -MMD -MP -MF"src/main.d" -MT"src/main.o" -o "src/main.o" "../src/main.c"
Finished building: ../src/main.c
 
Building file: ../src/platform.c
Invoking: MicroBlaze gcc compiler
mb-gcc -Wall -O0 -g3 -c -fmessage-length=0 -MT"src/platform.o" -I../../Aloha-HE_bsp/microblaze_1/include -mlittle-endian -mcpu=v11.0 -mxl-soft-mul -Wl,--no-relax -ffunction-sections -fdata-sections -MMD -MP -MF"src/platform.d" -MT"src/platform.o" -o "src/platform.o" "../src/platform.c"
Finished building: ../src/platform.c
 
Building file: ../src/xtime_l.c
Invoking: MicroBlaze gcc compiler
mb-gcc -Wall -O0 -g3 -c -fmessage-length=0 -MT"src/xtime_l.o" -I../../Aloha-HE_bsp/microblaze_1/include -mlittle-endian -mcpu=v11.0 -mxl-soft-mul -Wl,--no-relax -ffunction-sections -fdata-sections -MMD -MP -MF"src/xtime_l.d" -MT"src/xtime_l.o" -o "src/xtime_l.o" "../src/xtime_l.c"
Finished building: ../src/xtime_l.c
 
Building target: Aloha-HE.elf
Invoking: MicroBlaze gcc linker
mb-gcc -Wl,-T -Wl,../src/lscript.ld -L../../Aloha-HE_bsp/microblaze_1/lib -mlittle-endian -mcpu=v11.0 -mxl-soft-mul -Wl,--no-relax -Wl,--gc-sections -o "Aloha-HE.elf"  ./src/Testing/ckksTest.o  ./src/ckksAccelerator.o ./src/communication.o ./src/instruction.o ./src/main.o ./src/platform.o ./src/xtime_l.o   -Wl,--start-group,-lxil,-lgcc,-lc,--end-group
Finished building target: Aloha-HE.elf
 
Invoking: MicroBlaze Print Size
mb-size Aloha-HE.elf  |tee "Aloha-HE.elf.size"
   text	   data	    bss	    dec	    hex	filename
 163892	 591648	1257956	2013496	 1eb938	Aloha-HE.elf
Finished building: Aloha-HE.elf.size
 
08:42:06 **** Auto Build of configuration Debug for project Aloha-HE ****
make all 
Building file: ../src/Testing/ckksTest.c
Invoking: MicroBlaze gcc compiler
mb-gcc -Wall -O0 -g3 -c -fmessage-length=0 -MT"src/Testing/ckksTest.o" -I../../Aloha-HE_bsp/microblaze_1/include -mlittle-endian -mcpu=v11.0 -mxl-soft-mul -Wl,--no-relax -ffunction-sections -fdata-sections -MMD -MP -MF"src/Testing/ckksTest.d" -MT"src/Testing/ckksTest.o" -o "src/Testing/ckksTest.o" "../src/Testing/ckksTest.c"
../src/Testing/ckksTest.c: In function 'test_hardware':
../src/Testing/ckksTest.c:655:10: warning: unused variable 'rns_delta_max' [-Wunused-variable]
  int64_t rns_delta_max = 1; // +/- 1
          ^~~~~~~~~~~~~
../src/Testing/ckksTest.c:654:9: warning: unused variable 'eps_fft_tw_storage' [-Wunused-variable]
  double eps_fft_tw_storage = pow(2,-30);
         ^~~~~~~~~~~~~~~~~~
../src/Testing/ckksTest.c:653:15: warning: unused variable 'eps_fft' [-Wunused-variable]
  const double eps_fft = pow(2,-30); // ~0.9e-9%
               ^~~~~~~
Finished building: ../src/Testing/ckksTest.c
 
Building target: Aloha-HE.elf
Invoking: MicroBlaze gcc linker
mb-gcc -Wl,-T -Wl,../src/lscript.ld -L../../Aloha-HE_bsp/microblaze_1/lib -mlittle-endian -mcpu=v11.0 -mxl-soft-mul -Wl,--no-relax -Wl,--gc-sections -o "Aloha-HE.elf"  ./src/Testing/ckksTest.o  ./src/ckksAccelerator.o ./src/communication.o ./src/instruction.o ./src/main.o ./src/platform.o ./src/xtime_l.o   -Wl,--start-group,-lxil,-lgcc,-lc,--end-group
Finished building target: Aloha-HE.elf
 
Invoking: MicroBlaze Print Size
mb-size Aloha-HE.elf  |tee "Aloha-HE.elf.size"
   text	   data	    bss	    dec	    hex	filename
 163892	 591648	1257956	2013496	 1eb938	Aloha-HE.elf
Finished building: Aloha-HE.elf.size
 
08:42:13 **** Auto Build of configuration Debug for project Aloha-HE ****
make all 
Building file: ../src/Testing/ckksTest.c
Invoking: MicroBlaze gcc compiler
mb-gcc -Wall -O0 -g3 -c -fmessage-length=0 -MT"src/Testing/ckksTest.o" -I../../Aloha-HE_bsp/microblaze_1/include -mlittle-endian -mcpu=v11.0 -mxl-soft-mul -Wl,--no-relax -ffunction-sections -fdata-sections -MMD -MP -MF"src/Testing/ckksTest.d" -MT"src/Testing/ckksTest.o" -o "src/Testing/ckksTest.o" "../src/Testing/ckksTest.c"
In file included from ../src/Testing/ckksTest.c:104:
../src/Testing/../Testing/fullEnc.h:4:10: error: conflicting types for 'qm'
 uint32_t qm[] = {0x9, 0x28, 0x5, 0x7, 0xff};
          ^~
In file included from ../src/Testing/ckksTest.c:70:
../src/Testing/../Testing/nttInRes.h:4:10: note: previous definition of 'qm' was here
 uint64_t qm[] = {0x9, 0x1, 0x28, 0x5, 0x1c, 0x7, 0xd, 0x1, 0xff};
          ^~
In file included from ../src/Testing/ckksTest.c:104:
../src/Testing/../Testing/fullEnc.h:7:10: error: conflicting types for 'current_k'
 uint32_t current_k[] = {0x0, 0x2, 0x3, 0x5, 0xff};
          ^~~~~~~~~
In file included from ../src/Testing/ckksTest.c:70:
../src/Testing/../Testing/nttInRes.h:3:10: note: previous definition of 'current_k' was here
 uint64_t current_k[] = {0x0, 0x1, 0x2, 0x3, 0x4, 0x5, 0x6, 0x8, 0xff};
          ^~~~~~~~~
In file included from ../src/Testing/ckksTest.c:104:
../src/Testing/../Testing/fullEnc.h:36:10: error: redefinition of 'input'
 uint64_t input[] __attribute__((aligned(8192))) = {0x3ff554a536955295, 0x4009c69301ba4150, 0x3ff903b89c240ee2, 0x3ff225178992802b, 0x3ff7886d09de21b4, 0x3ff0795622d66ed1, 0x3ff87d8cad21f633, 0x3ff6ef932c9f1edf, 0x3fb9ed1fdc67b47f, 0x3ff04a48069eef99, 0x3fddcf6be4773db0, 0x40060b195ea939f7, 0x3ffb0dd91cec3764, 0x40183328c1c2aa91, 0x3fd999ba216666e9, 0x3ff1dab0cffeb24a, 0x3fdec9597c7b2566, 0x400df6ad39ff4fca, 0x3ffe2f8119f8be04, 0x3ff5f51113547409, 0x3ff00c9be1003270, 0x3ff90dd73a5fe6bf, 0x3fe9d71a4f675c69, 0x3ff056166ee304c5, 0x3fdca0949b728252, 0x400494c291e28366, 0x3fe898c79c62631e, 0x3ffa35be9d7c4ac2, 0x3ffe936776fa4d9e, 0x401aa8092028eb17, 0x3ff39843bf0e610f, 0x3ff9b866947f162c, 0x3fed77a6a075de9b, 0x40044d6cf788d781, 0x3ff01fae50007eb9, 0x40146cfc6d223a9f, 0x3fe76096e75d825c, 0x400db7eb739b3bf1, 0x3ffc96f9c8325be7, 0x40033c2bb4c2ed01, 0x3fe016a0bac05a83, 0x401faa4224d5f57f, 0x3ff8ec2a40e3b0a9, 0x4024a8146b986436, 0x3fe2a9c7764aa71e, 0x3ff0589396fb8b90, 0x3fffc661063f1984, 0x3ffe1155dcb0f792, 0x3fdf7724317ddc91, 0x3ff116d45cbfc3ba, 0x3fe0b1445242c511, 0x3ff5689b31447353, 0x3ff265730dc995cc, 0x3ff8135a53b7fe35, 0x3ff741c3605d070e, 0x3ff409657f1cbfc4, 0x3fbb4776bc6d1ddb, 0x40220059a7768458, 0x3fea2ce40c68b390, 0x405c7ee25f83fb12, 0x3fe0b6da87c2db6a, 0x404771ceb3b7b7a0, 0x3ff42feb8f90bfae, 0x3ff62c5db95c0255, 0x3fea95643fea5591, 0x401db11fa0cbdc0c, 0x3ffd5b80edf56e04, 0x3ff47efcaa2b70c1, 0x3fe9d9a9b7e766a7, 0x3ff3bb7dfb653a33, 0x3fd9286c1264a1b0, 0x3ff86aa804ac0fbe, 0x3ffdfd4f76b7f53e, 0x3ff0676946104cd3, 0x3ff8114eb320453b, 0x40117bd582a62216, 0x3ffe88de0e7a2378, 0x3ff5796780ff060c, 0x3ff8596d4be165b5, 0x4013ff35d503e6fb, 0x3ff5cd91d8173647, 0x404700e10ca3bb30, 0x3ffe510c08394430, 0x400f38e24232c776, 0x3ff5f63ec597d8fb, 0x3ff7bb9bc1143c82, 0x3fbc09d19c702746, 0x3ff5a2365db2f667, 0x3ff920f6966483da, 0x400140267bdbbe85, 0x3ff7f29513dfca54, 0x40358929829fc156, 0x3fef0b89c9fc2e27, 0x400518ad44e5e7ba, 0x3ff893a46e624e92, 0x3ff1c4d995c1ff6f, 0x3ff0721a8201c86a, 0x3ff757b36752736c, 0x3ff5cb7498172dd2, 0x3ff16ea853ddec05, 0x3fefc340227f0d01, 0x3ff23b1abcc92d78, 0x3ff2571496c95c52, 0x400274bb26664330, 0x3ffb4bd4e1ed2f54, 0x400898d647a15815, 0x3ff53122b914c48b, 0x3ff3d23dd77e8080, 0x3fc200980e480260, 0x4002e7ba1429a4d6, 0x3f8dad050076b414, 0x3ff5493b74f804e0, 0x3fec793ef271e4fc, 0x3ff0c2a11b0cfb53, 0x3f902a6fc040a9bf, 0x401e7c5046792cc3, 0x3ff41f357a107cd6, 0x402feb9f75d855be, 0x3ffbdd946faf7652, 0x400351dcbc0ef837, 0x3ff0d855f8c36158, 0x3ff9d768f2bf34c4, 0x3fed791fd3f5e47f, 0x4055c34fe2f347f8, 0x3ffff2aa25ffcaa9, 0x4011809ac943045d, 0x3ffd2e91e274ba48, 0x3fff3b4d7e025687, 0x3ffd3f59b3f4fd67, 0x3ffafb02b34a5441, 0x3feb87680a6e1da0, 0x40037fc5026c5645, 0x3fee1f2c2cf87cb1, 0x40731dbc707d4202, 0x3ffaffe94c6bffa5, 0x4008b7a3af517a7b, 0x3fe50657ca54195f, 0x3fff9f111a31402e, 0x3fd0c0779e4301de, 0x40040ef8e3e2b611, 0x3ffdbb9c09b6ee70, 0x401cf5e972a53af9, 0x3fd3438f024d0e3c, 0x4005632d63a974f8, 0x3fc7bef01c5efbc0, 0x401940f21d2c480f, 0x3ff02b19c0c0ac67, 0x3ff62c8905c8965f, 0x3fdc4b5161712d46, 0x400545f1e8997ab0, 0x3fd15cfe344573f9, 0x3ff567ea84454852, 0x3fffd8d7b33f635f, 0x3ffad68b246c91a8, 0x3ff849452ee12515, 0x3ff01a6a68adb1c6, 0x3ffa6403cf29900f, 0x3ff7d96c72ff641f, 0x3ff030468040c11a, 0x3ff5a8ef91509bc7, 0x3fe0e3bb15438eec, 0x3ff117ea8e286989, 0x3fd3115d1c4c4574, 0x3ff5c82fb59d85f0, 0x3ffe0ec321383b0d, 0x3ff01e17e67612ac, 0x3fbdcde98c7737a6, 0x400ddf17eea80e2f, 0x3fefea99307faa65, 0x4015278bfc0de46f, 0x3ff5552ded5554b8, 0x4002b2c6e175b6cd, 0x3fe4f0e8e453c3a4, 0x3ff3948fb650d3a9, 0x3ff9a9242426a491, 0x40030ca41b9e7fbe, 0x3fff379f2dbcde7d, 0x400a0b91b3fd3544, 0x3fd21d97cb48765f, 0x401458db06b8ba33, 0x3ff5dcec14d773b0, 0x400cdcbd62a7591c, 0x3ffe359dd6f8d677, 0x3ff795659e450f86, 0x3ffbf274f72fc9d4, 0x3ff6c28c5c7707f1, 0x3ff58145a0160517, 0x3ff6ebba25cb22ed, 0x3fe7ed742bdfb5d1, 0x40167b4a48d8100b, 0x3febf3ac906fceb2, 0x3ff91666e9b4400b, 0x3fcd2c352874b0d5, 0x3ffb512944b0c29e, 0x3fe7d41682df505a, 0x4032c6cdfa18b444, 0x3ff2826e228a09b9, 0x400294e9647e01fd, 0x3fe48c7197d231c6, 0x4029ef6650a12878, 0x3ff3d3e65acf4f99, 0x3ff032ecbb364be2, 0x3ff028a35c00a28d, 0x3ff0e60e9371b9ac, 0x3ff9c17866e705e2, 0x400a1219c3a2be9c, 0x3fe7795a845de56a, 0x3ff4808b8966b79c, 0x3ff3a605648e9816, 0x3fff7a136496fee2, 0x3fff438b19bd0e2c, 0x400aea300c49056a, 0x3ff922b8b5248ae3, 0x3ff15f2585462200, 0x3fff38b5407ce2d5, 0x3ff849083f66af9f, 0x3ff3f80bf54fe030, 0x3ff8b3e3c15f3428, 0x3fe6d74ce2db5d34, 0x3ff008a19fff0b30, 0x3ffa6b870029ae1c, 0x3ff4290a19ba9085, 0x3ff4575dab915d77, 0x3ff1076300a5c43b, 0x3fe8475491611d52, 0x405f4f6d84359fcf, 0x3fffc5576b3f155e, 0x3ff0b493be2f2a7c, 0x3fec10a58df04296, 0x40097c2187bcf066, 0x3fb1dd32544774c9, 0x403133b7852c8c74, 0x3fe34deddf4d37b7, 0x3ffda345ce5c3499, 0x3f8449f7005127dc, 0x4022c79579bab788, 0x3ffb183e012c60f8, 0x4005854c58615956, 0x3ffc6186ea31861c, 0x40015d29c4bc4e26, 0x3ffc29546570a552, 0x3ff28549d82e8d8e, 0x3ff84134de2104d3, 0x3ff80a75cff690f1, 0x3ff91e3af36478ec, 0x3ff5cf2df87d3ada, 0x3fe4c2758b5309d6, 0x40038fb5cb5c4a82, 0x3fe867c9fc619f28, 0x3ff77c64229931f6, 0x3fea0a19e6682868, 0x401353ccc590b836, 0x3fee64bbe0f992f0, 0x4037831869168b8d, 0x3fd2c1e68b4b079a, 0x3ff2bad696a20a39, 0x3fb9dd38b06774e3, 0x401cb2b88e7317ad, 0x3ff9fc20a427f083, 0x40005bdd9068b5f9, 0x3fed02c288740b0a, 0x3ff2e45c0d42a726, 0x3ff1825f7386097e, 0x3ff531b499c431a9, 0x3fe8c0d494e30352, 0x3ffcfab431e6ebc7, 0x3ffb90c789ee431e, 0x401121d6dd55431b, 0x3ffd9034923640d2, 0x3ff5618856604365, 0x3ff636ebb098dbaf, 0x3ff3e72bf7f99238, 0x3ff3976076ce5d82, 0x4001b15498d10014, 0x3fee0b2c21f82cb1, 0x4004247f4c900775, 0x3fd7c82ab05f20ab, 0x3ff427fc2a8c451e, 0x3ff9cbe252272f89, 0x3ffc365198d08e4b, 0x3fee67641a799d90, 0x4012c767bf07e1a3, 0x3ff8c55ba863156f, 0x3ff0d7c415a416e5, 0x3fe05ab3c6c16acf, 0x3ff1611bb48761d1, 0x3ff9bc1836e6f061, 0x400a23acb8e7d5fe, 0x3fbeba65847ae996, 0x3ff9f6c8356df3d9, 0x3ff97153c0a5c54f, 0x3fff2b982f83fdd5, 0x3feda45947769165, 0x40075ff499ffb0d6, 0x3fe12abfa044aaff, 0x3ff2d33efa894887, 0x3ffc9ea695727a9a, 0x401ed9bc08407bbb, 0x3fc559f9c65567e7, 0x3ff38dfd800da634, 0x3ffc1875cd7061d7, 0x3ff4936ee1ec825b, 0x3ff3e8641e0fa190, 0x400051c36294dac5, 0x3fdd692ddd75a4b7, 0x4025d893269bb54b, 0x3ffc6571ad7195c7, 0x4003403090edb267, 0x3ffc54cb0531532c, 0x3ff71216e5e38cd5, 0x3fff7245cdfdc917, 0x40063265f863227b, 0x3ffd02434474090d, 0x3ff52453d9cdd8a6, 0x3fe3dd1a1ecf7468, 0x4018ae8f5e02acb3, 0x3ff5ad76c096b5db, 0x40217476c4e75cfe, 0x3fedf5952bf7d655, 0x3ff5b2586db0815b, 0x3ff762de209d8b79, 0x400e65365f6be148, 0x3fe00c4969c03126, 0x40149f08dd0c2334, 0x3ff35fd189cd7f46, 0x3ffed45797970f40, 0x3fb67a1b1859e86c, 0x4000018806a1b10d, 0x3ff4c1abded306af, 0x401f6bb493941e10, 0x3fe45aa68b516a9a, 0x3ffe61cb9a4d7415, 0x3ffcf50bd3f3d42f, 0x3ff104bf4f5ad260, 0x3fa13efde044fbf8, 0x401db2ea4dd710df, 0x3fb03b191c40ec64, 0x3ff1b1d85dcc0203, 0x3ff19bad6e466eb6, 0x3ff1727cf132deb9, 0x3ff320bd9b4c82f6, 0x3ffe057b71754da3, 0x3fe1c1f3514707cd, 0x3fffba961d27acff, 0x3fe28b29624a2ca6, 0x3ffb37f7c464c1f5, 0x3ff5529e06d54a78, 0x3ff08b0ae940f542, 0x3ff67a2bfe19e8b0, 0x401dc0410aecab59, 0x3ff68c288a1a30a2, 0x400277415d5fc53c, 0x3fe9730de4e5cc38, 0x3ff0bf64a17538e4, 0x3ff41214e2104854, 0x4074336204a18c95, 0x3fee5ba387796e8e, 0x3ff7d757ef16b65a, 0x3ff017d09ac05f42, 0x4020431e7d5dad9d, 0x3ff98c977de6325e, 0x3ff37d67138a403a, 0x3ff4c99f4dd3267d, 0x3ff6bfc42136c809, 0x3ff85adb43e16b6d, 0x3ff801f604c19bd1, 0x3ffad0fa9c2b43ea, 0x3ff42e8d5a085a3b, 0x3ff24300d9090c03, 0x40049ac3ea0dbef1, 0x3ff6b7096c5adc26, 0x4017bfd45a4c3f0a, 0x3ffd7a9b45f5ea6d, 0x3ff034a997bb7e7c, 0x3ff586bf53561afd, 0x4012f5fe022fdac2, 0x3ff26789ccc99e27, 0x400798b2385c1d1e, 0x3fd6cceda05b33b7, 0x400cd2c8b8c520d9, 0x3fee4d8bebf93630, 0x3ff2201ba1397a67, 0x3ff6bebfe89afb00, 0x3ff25defc3dd01c1, 0x3ffad1b1312b46c5, 0x4007ab5039ee7e98, 0x3ffbf9a5642fe696, 0x40099ad9c71e927b, 0x3f92a2d7504a8b5d, 0x4005367796ce8a16, 0x3febde012d6f7805, 0x3ff3d05f4153c858, 0x3fd95a677b65699e, 0x402784e556538ac0, 0x3ff058c62c416319, 0x3ff0ae649db89c48, 0x3ff80c37212030dd, 0x4006eec59462bf85, 0x3ff81001f8204008, 0x4008d4e331bc6030, 0x3ff79668d21e59a3, 0x400152d852725c80, 0x3fef65ecdafd97b3, 0x3ff84dd4a38e48db, 0x3fecbe1cf172f874, 0x40187edf3d0edfcf, 0x3ffbd1340eaf44d0, 0x40449ffa1f592cbd, 0x3ff013131a004c4c, 0x403516f8f021e87f, 0x3fe3509c1ecd4270, 0x3ff065882e4b3bf8, 0x3ffdc3d368b70f4e, 0x4053df7ae008458f, 0x3ffb1a25f7ec6898, 0x3ff4d396016423b3, 0x3fe66fc58359bf16, 0x3ff62fb044869db3, 0x3fc4a83c6c52a0f2, 0x40063e1515cf4d63, 0x3fc92a0ad064a82b, 0x3fff002eb87669bd, 0x3fd56643e7559910, 0x400afe4cd696823c, 0x3ff33ca8084cf2a0, 0x3ff7991e7d2df6e5, 0x3fe05aa0b6416a83, 0x4006af88493469d0, 0x3fab82fdb06e0bf7, 0x4060b2e7fe8b898d, 0x3ff598172296605d, 0x3ff4f16a4319960d, 0x3fee08bb6e7822ee, 0x40182e9cd240c227, 0x3feb0709ae6c1c27, 0x3ff16bfee2303633, 0x3fe50986a054261b, 0x400b6f82b5a6201a, 0x3ffe2a047538a812, 0x3ff340cb615619f0, 0x3fe5b250b756c943, 0x40105d707adbc472, 0x3ff9d1af79e746be, 0x400db8c595774f2b, 0x3fe072c0f7c1cb04, 0x3ff87906615700e9, 0x3fb32805d04ca017, 0x3ffa558b198b7c26, 0x3fe7ff4199dffd06, 0x4020ef0f337ddc84, 0x3ffef3b15cbbcec5, 0x4000e78033c44503, 0x3ff44b900ed12e40, 0x401dc149bf240718, 0x3ff8a0bd5fe282f5, 0x4010fe718100f486, 0x3ff9ff997c27fe66, 0x4043e0d9997f9a57, 0x3ff2d1173fcb445d, 0x3ff3102718eebf77, 0x3fb0b600d842d803, 0x400e6fd3cc0e0f9e, 0x3ff34e32290d38c9, 0x3fffe0a3519b7484, 0x3feb6877e3eda1e0, 0x4043880232731049, 0x3feae653e8eb9950, 0x3ff523228aafcd9e, 0x3fe44cdfca51337f, 0x40060ad998895f4d, 0x3ff2d0d5ac0b4357, 0x3ff861fe8dbe7f62, 0x3ff36f80ed4dbe04, 0x400442ed059fedeb, 0x3ffd9c9405367250, 0x3ff282bcba53f111, 0x3fb8e5a96c6396a6, 0x3ff09e5abae90f62, 0x3fee34494cf8d125, 0x4002e2f52948696a, 0x3fc4b4e26452d38a, 0x40023724103fcf12, 0x3ffcb2dd8ab2cb76, 0x3ff65fcc3d37d82c, 0x3ff25b1858c96c61, 0x3ff801f1e12d402c, 0x3ffe6a647239a992, 0x4004b8b8d7af54ed, 0x3ff621a8a49886a3, 0x3ffdb628186e01a3, 0x3fdcd98cf6736634, 0x3ff61786d58f734b, 0x3ff9a4aa13e692a8, 0x3ff34ec60ca8f837, 0x3fdcf319da73cc67, 0x40116be4dc95b3be, 0x3ffb564c66ad5932, 0x3ff8bfe124bd722a, 0x3fff91e5477e4795, 0x401753a9e0d562bc, 0x3f9347b4f04d1ed4, 0x3ffbd90842daee90, 0x3ffa7c548ca9f152, 0x3ff9f0fdc1f6214a, 0x3fff054018fc1500, 0x3ff53f4828e9e153, 0x3feecb0253fb2c09, 0x404bbff833337134, 0x3ff6e7fcf31b9ff4, 0x3ff0c9a2f393ada0, 0x3fec432c25f10cb1, 0x3ff4152e9de347bc, 0x3fe91af7a5646bdf, 0x4007a3669c99d53a, 0x3ff060c59ac18316, 0x3ff090a4efd557e4, 0x3f84074360501d0e, 0x40014e054c20910e, 0x3fe6868bfeda1a30, 0x3ff6f8d87a4c9013, 0x3f5a96f7006a5bdc, 0x3ffbb677f4f97cc6, 0x3feaed7fba6bb5ff, 0x3ff3f2333099cc12, 0x3fe9fc7d4767f1f5, 0x3ff8bb97baf93f89, 0x3fb0435d68410d76, 0x400ebb3befc4d62f, 0x3fe2c6ed7d4b1bb6, 0x404b4992e3fb1c33, 0x3feba28eaaee8a3b, 0x400a6b69bd6b04bb, 0x3ff2f8d6110be358, 0x400ed4e617261b0d, 0x3ffd6d3553f5b4d5, 0x3ffc74cd7f875520, 0x3f99a11ca0668473, 0x4003f6c71eba84e2, 0x3ff291b0d8ca46c3, 0x3ff5f7ccbd7e46d0, 0x3fe6a4b89b5a92e2, 0x4046d8ea1b36f539, 0x3ff0cd1aa503346b, 0x3ff572110d6b8f0b, 0x3fe70f7510dc3dd4, 0x403b2310ae21d18d, 0x3ff6c86c4b9b21b1, 0x4005e7c2b1fd3f66, 0x3feff21497ffc852, 0x402f49095aac2ac8, 0x3fbf9803a07e600f, 0x4000004ff7efa833, 0x3ff4855b87d2156e, 0x400094fa61499544, 0x3fe355ffb64d57ff, 0x40352293f1692136, 0x3fd08f19ac423c67, 0x4007f5cb891ecb37, 0x3fe3b04a6a4ec12a, 0x4002ec5f1c76568b, 0x3fe68aa19eda2a86, 0x3ff5a363c2e711e6, 0x3ff737d2bc5cdf4b, 0x3ff0edfe35917aba, 0x3ffff7086c7fdc22, 0x3ff8ccf4b7ad87a7, 0x3ff03c3d0980f0f4, 0x4055e45859e49c7c, 0x3fb77be8d05defa3, 0x4026d23992db8003, 0x3ff7ac0e445eb039, 0x40040436ed9c75f0, 0x3fcc09a66870269a, 0x400e366e3c56e563, 0x3fd2a7cbea4a9f30, 0x400106eca17fa995, 0x3fe34e1250cd3849, 0x3ff2a77fb2fdcc00, 0x3ffab8b864aae2e2, 0x3ff3faf2148a194e, 0x3ffd7e1190f5f846, 0x3ff1d793c06ce679, 0x3fe33f86fbccfe1c, 0x3ffc6c5e1d860082, 0x3fe844f16be113c6, 0x3ffa8a18a7f67627, 0x3ff38707438e1c1d, 0x3fff75e02a7e29e1, 0x3ffdf9f90ab7e7e4, 0x3ff16e840fd62e77, 0x3ffdcd7c4ab735f1, 0x400baf1a3a8c0816, 0x3ff5089902d42264, 0x3ff85b5dd35c9f7f, 0x3fddf5c2e777d70c, 0x3ff861f3e54beb76, 0x3fe354ae2c4d52b9, 0x3ff5949097c8c8e3, 0x3ff55d2e4d9574b9, 0x4006fe9160d463b3, 0x3ffa879ba56a1e6f, 0x4003a34728f5f8aa, 0x3ff7ec307ddfb0c2, 0x3ff10c0eded815c3, 0x3ff582657a960996, 0x3ff1e91ad228a9fd, 0x3fea237f8f688dfe, 0x3ff06e2b652a372d, 0x3ff80882be60220b, 0x40106def438630fa, 0x3ff8c98217232608, 0x3ff7c917e6adfccd, 0x3fd1f2c32a47cb0d, 0x402a8ae80093d175, 0x3fde28059b78a016, 0x3ffecd95201af29b, 0x3ff5b408ed96d024, 0x3ff2ea95a2a83c79, 0x3facad142072b451, 0x3ffa0442191bb0af, 0x3ff8703522a1c0d5, 0x3ff0ad9cc48a1676, 0x3ffced4bd1f3b52f, 0x400300a553a5a3b5, 0x3ff3b833f20ee0d0, 0x401cfab62bea4987, 0x3fc3c37c9c4f0df2, 0x3ff16c845fba28ce, 0x3ffc246a4ef091a9, 0x3ff57b44e10638c2, 0x3fe1094156442505, 0x3ff6953c95aaa2da, 0x3fd37b69c84deda7, 0x4052273de1889f91, 0x3ff4b4d66652d35a, 0x3ff368a2871a1103, 0x3ffd06f4a1741bd3, 0x4032055104b2f1cc, 0x3ff98aae8fa62aba, 0x3ff84f9e75da13f0, 0x3fe3221cb34c8873, 0x3ffbef1fb3ab4edc, 0x3fe52c175bd4b05d, 0x40023741b46e89a8, 0x3ff4bd763b12f5d9, 0x3ffc3f7a9ee12323, 0x3ffeace8a4bab3a3, 0x4008836211cbe29b, 0x3fea622b7d6988ae, 0x3ff03795e351b721, 0x3ffe1f8120387e05, 0x4016bc32be8da7ee, 0x3ffe4536313914d9, 0x3ff2ed8b7e3e403f, 0x3ff31a1905cc6864, 0x3ffc75dd9b9f00df, 0x3fff77897d3dde26, 0x3ff7bbe9a7334c7c, 0x3feebfea557affa9, 0x3ff28b67ac3a2842, 0x3fead04cf3eb4134, 0x3ff56dcfa9828513, 0x3ff247f9bf491fe7, 0x3ffc0346f88ed4c5, 0x3ff85566fee1559c, 0x4012517b950529b4, 0x3fe95081b1654207, 0x3ff7f81b85abd657, 0x3fe186cca5c61b33, 0x4014a60b131b253b, 0x3fe4d7a5fd535e98, 0x3ffbeeb80903f5dc, 0x3ff887200e221c80, 0x3ff85f5a8cb4075e, 0x3f988cf4206233d1, 0x40034b6efcfe1a45, 0x3fdc87af03721ebc, 0x3ff07c17eb4a5ad7, 0x3ff7b615711ed856, 0x3ff9310c2a936fcd, 0x3ffea16dbaba85b7, 0x3ff773062763e589, 0x3ff9f44c6067d132, 0x3ff1b7374ca24ece, 0x3ff0e2638243898e, 0x40039b8481e39196, 0x3fedc81c1b772070, 0x3fff50031fa3fb6b, 0x3fc5076ff6541dc0, 0x3ff0eab6f6c20767, 0x3fe7ebc1945faf06, 0x3fffede156ae50fe, 0x3ff628990e58a264, 0x3ff0ee28f1dc4d9c, 0x3fc280ab264a02ad, 0x4001aa2910c7e684, 0x3fd4eaaab953aaab, 0x400119cd93bdfdc4, 0x3fced2dd607b4b76, 0x40024bab7203d792, 0x3ff52b45a554ad17, 0x4001ef3c9b33dca4, 0x3f94a16b605285ae, 0x4002b0beaa1f1660, 0x3fca406ab86901ab, 0x4046aa10fd01247a, 0x3ffaf6fbfbebdbf0, 0x40089517cb2b5d3f, 0x3fffc3d5f33f0f58, 0x3ffb6a2ffeab8572, 0x3ffebcfa97baf3ea, 0x3ff0d8354cb08252, 0x3fe1054ff9c41540, 0x3ff4bc2c3f109b19, 0x3ffb4be7986d2f9e, 0x3ff42963fdaf58b4, 0x3fd6feb1745bfac6, 0x40092114d2eafa2a, 0x3fe37df0fb4df7c4, 0x400e8efe72557758, 0x3fe0e7f1bc439fc7, 0x3ff796646534e03f, 0x3ff869aed521a6bb, 0x3ff0b9c67ad0df69, 0x3ff3f2b3d14fcacf, 0x3ff3285a23e72980, 0x3fea3523f168d490, 0x3ff455f9a8294e4a, 0x3fe36434edcd90d4, 0x3ffe31c858a0f4cb, 0x3fdcadbe0272b6f8, 0x3ff096a8373af48f, 0x3fff3b1c4f7cec71, 0x401115b80a25054f, 0x3fe91f8b9d647e2e, 0x4029795f9183ac37, 0x3fe0655d58419575, 0x401101bea39bcf69, 0x3fe9da457c676916, 0x4010130d5736d4c7, 0x3ffa33d336a8cf4d, 0x4005f268f4f3b915, 0x3fd96f213065bc85, 0x4027977a47cf6832, 0x3fd16d913245b645, 0x403355c42cf1354f, 0x3ffc1b86b2706e1b, 0x40095509c8e7f953, 0x3fe7af4b13debd2c, 0x4015de03e478622a, 0x3ff27bab0609eeac, 0x3ff93a377a9342d5, 0x3ffb8f5877ee3d62, 0x40077ebcfb8f4e28, 0x3ff2e830540ba0c1, 0x400081f2aa9cbed4, 0x3fd67c785059f1e1, 0x40a7326f66ea18f0, 0x3fe15ed58fc57b56, 0x4000b691ca89c5b8, 0x3ff0f7aff103dec0, 0x4000257cc07c20de, 0x3fec5d314d7174c5, 0x3fff9ba619bb367c, 0x3ff758cf769d633e, 0x3ff3250e1efec5ad, 0x3ff2b5f5e64ad7d8, 0x3ff03b1815e1ec16, 0x3fc22901fa48a408, 0x3ff02efc16530495, 0x3fde080b0578202c, 0x3ff1fb7714450258, 0x3fe69a6bf2da69b0, 0x400276406f1afb72, 0x3fff2f6ea93cbdbb, 0x4000594d8736c49b, 0x3fef0af5e2fc2bd8, 0x3ff2c270080cb247, 0x3ff9c3aaf0270eac, 0x3ff2b5fb67549851, 0x3fb25748ac495d23, 0x4004e702cbdd246d, 0x3fef517dc67d45f7, 0x3ff1d5f94af2ace6, 0x3ff724afd05c92bf, 0x4028f0a959a2b49f, 0x3fe86db295e1b6ca, 0x3ff1ccabbabf85b2, 0x3fc49d8c1a527630, 0x3ff87f8b73c925bd, 0x3fe82a0cdde0a833, 0x3ffa325a1c10e216, 0x3fd304796c4c11e6, 0x3ff37e879694e9cf, 0x3fcdf16da277c5b7, 0x3ff238454b400d2b, 0x3ff501fd8a9407f6, 0x3ff6cd714f493f60, 0x3ffba56bf42e95b0, 0x3ff5fec5e8de2f00, 0x3ff6173c3ed85cf1, 0x40244a9e7b49966e, 0x3ff3c0113f8f0045, 0x4036fb80b77c6973, 0x3ff10539c28414e7, 0x3ffb0a02164869f1, 0x3ff10d0c7e043432, 0x404d87b58fe0851b, 0x3fec74ea8671d3aa, 0x4007ab907bbaefc4, 0x3ffbe7d52f2f9f55, 0x4000a6991405efa8, 0x3ff7100d635c4036, 0x400622defc6c244d, 0x3fe8296da060a5b7, 0x400205421413ed15, 0x3fec430692710c1a, 0x3ff512fb79eba672, 0x3fe5f1162e57c459, 0x3ffea4f0fa6e3eb7, 0x3fea63a85b698ea1, 0x3ff635ae2dfa05ad, 0x3fd1025902440964, 0x3ffc867673d08adf, 0x3ff151309b4544c2, 0x4010027877f9fc7b, 0x3fec19c0b3f06703, 0x40143cc64d8dae1f, 0x3ffe72e78fb9cb9e, 0x400a66be5976e784, 0x3ffd9a4bef766930, 0x3ff8ed6d220b9500, 0x3fe9b3760566cdd8, 0x3ffd81486cd03b2c, 0x3ff5ee9605d7ba58, 0x3ff123f239587d4a, 0x3fd127745a449dd1, 0x40125492d8d6817c, 0x3ffe69a978f9a6a6, 0x3ffba68382706795, 0x3ff1cc59f1473168, 0x3ff37440e7947c65, 0x3fbe43c278790f0a, 0x400ce40b9886a38b, 0x3fd7884ae55e212c, 0x4002525ed0045853, 0x3ff71124879c4492, 0x3ff995035ed155e3, 0x3fd9120c4a644831, 0x402f67e6b54b0b86, 0x3fd2e32b3b4b8cad, 0x3ffa4eac12491be1, 0x3ff9174124a45d05, 0x400c86c365a2885f, 0x3fd5a5272256949d, 0x400898b41a2a1053, 0x3ff0f8250483e094, 0x3ffa4ee90ebb7fb1, 0x3ff0bb9fe542ee80, 0x40009a926639325c, 0x3ffd28767074a1da, 0x4001db8bf165e7d4, 0x3fcfa9830a7ea60c, 0x400993fd8645fc68, 0x3fffb04902fec124, 0x3ff3c6b3065b1e0b, 0x3fdf8498de7e1263, 0x4020178a0abd9797, 0x3fabed1d486fb475, 0x401457b0fd8d160a, 0x3ff67e7872d9f9e2, 0x3ffb6c1b3de121af, 0x3fa389cae84e272c, 0x3ff4fefb7dd14181, 0x3ffb882a302e20a9, 0x4013b62561c23c44, 0x3fd96e9e4765ba79, 0x3ffb87508d4b2303, 0x3ffa81f7136a07dc, 0x400446b3e95b26b3, 0x3ff4a2fe55d28bf9, 0x3ff0650df0fe26b9, 0x3f7681e4405a0791, 0x4002a60e4bdd11aa, 0x3fe06845e2c1a118, 0x401746aee5237096, 0x3ff822b139e08ac5, 0x3ff456daac196870, 0x3ff8f5f5cf63d7d7, 0x400cddcfffdc3937, 0x3fe12ea91244baa4, 0x3ff725cee9c5ebca, 0x3ff7343cf2dcd0f4, 0x40046672cf3a3aa6, 0x3f804ed8e0413b64, 0x3ff65d804323e1dc, 0x3fd9c12d446704b5, 0x400ff8f1e947f38e, 0x3ffadeac0e6b7ab0, 0x401181cd7704ef16, 0x3fec992732f2649d, 0x3ffd7c8fbb158164, 0x3ff9fb771767eddc, 0x40012b87492bbf15, 0x3fe37fb235cdfec9, 0x3ff7cc5aa49ed10e, 0x3ff5674301959d0c, 0x3fffc95c91f239a7, 0x3fe039dffbc0e780, 0x400016e6839c3c27, 0x3ffcbbab5132eead, 0x3ff1cf11a0256446, 0x3fee47f7ecf91fe0, 0x3ff1c3cb6dd7c545, 0x3fe4f45b9b53d16e, 0x3ff5eec0599e9c34, 0x3fc28fc70e4a3f1c, 0x40287eb85047acfb, 0x3ff08466dd42119b, 0x3ff2c484b8de7813, 0x3fe6f6604b5bd981, 0x3ff464428b4f5fc7, 0x3ff1665af045996c, 0x4027d57614338bcc, 0x3fd6a101415a8405, 0x3ffd363122c6dcf1, 0x3ff993f30da64fcc, 0x40052a0afb5ee40b, 0x3ff988bc8b6622f2, 0x3ff90a18d95f4564, 0x3ff3683fdd4da0ff, 0x40105730f510908d, 0x3fd73f0e705cfc3a, 0x40031e93e8f842be, 0x3ff6be32155af8c8, 0x4000738efeec7d2f, 0x3fc73ac1d65ceb07, 0x4005138b6c4e70f9, 0x3fffab1d63feac76, 0x40073cc5b2ca4402, 0x3ffc0eaf2b303abd, 0x3ff206f7af07bbcb, 0x3fdf10da307c4369, 0x4006dc83758db3d6, 0x3ff938f5e9e4e3d8, 0x3ffc10800a353ded, 0x3fc4565046515941, 0x3ff296dd3f60e351, 0x3ff4db4360d36d0e, 0x3ffadd0c59fd7ba7, 0x3ff6d2dd7cdb4b76, 0x4057b08cc552615d, 0x3fe855d898615762, 0x400f2156e50b9f5d, 0x3fc82f04f260bc14, 0x3ffcb94f31b6a5a8, 0x3ff9c0310ee700c4, 0x3ff1e6cb8a3b8157, 0x3ffdebb83e77aee1, 0x3ffa8c9f1cb34b6d, 0x3ff10c72c70431cb, 0x3ffd8c2bee6ebbfa, 0x3ffb1e3dbe6c78f7, 0x3ff665a1c444b9f2, 0x3ffeb7af0f7adebc, 0x3ffcaa69da5a5231, 0x3fd9af4c6866bd32, 0x4033bd081ba608f1, 0x3ffe01e4e9b80794, 0x401504f89c6cb061, 0x3fe9469f04e51a7c, 0x3ff3a4b49cc4fdba, 0x3fc3edc9904fb726, 0x3ff917b745449055, 0x3fd50cfcd65433f3, 0x3ff2798478bcffe2, 0x3fda97a9a06a5ea7, 0x4010666d37a3dfc5, 0x3ff7419de79d0678, 0x3ff29d74e1c467b6, 0x3ffadd3a24ab74e9, 0x40022e8afa49cf18, 0x3ffbd7a14f2f5e85, 0x401233f2f4c79826, 0x3ff64db3d09936cf, 0x3ff096960a667277, 0x3ff8db530d636d4c, 0x3fffe44e4ec5aab4, 0x3ffb775598eddd56, 0x3ff67a725485f17d, 0x3fcab693c46ada4f, 0x400474b091fc2b86, 0x3fe03606cc40d81b, 0x3ff0cf787244f0b6, 0x3fcafff6146bffd8, 0x4012c28df34cd29b, 0x3ff0518009c14600, 0x400a21f5f7d31a1c, 0x3fe0e3737dc38dce, 0x4001deb24da92909, 0x3fefc584b47f1613, 0x3ff84932324f85a4, 0x3fe0c7f20e431fc8, 0x3ffbdc703509b081, 0x3fe2f91e9f4be47a, 0x4002c00bd54c6fe0, 0x3fec2e555070b955, 0x3fffbb9fe4a235fd, 0x3ff575417b55d506, 0x4017f0837fccd518, 0x3fe7474f015d1d3c, 0x3fff5e4a6565eda5, 0x3ff36d43f34db510, 0x40111bd2dbc30192, 0x3ff75aa2101d6a88, 0x400a4f3849cb79c5, 0x3fd9632af2658cac, 0x3fff957cf8004cef, 0x3ff9c8dca2a72373, 0x4031a67e866de550, 0x3fdbf4019f6fd006, 0x3ff1948454b979c8, 0x3feca7d169729f46, 0x4000f5e9b461695a, 0x3ffb94bf51ae52fd, 0x3ffcec0c10b0779c, 0x3ff5eab64317aad9, 0x40058380ac346c6c, 0x3ffb7fb953edfee5, 0x3ff0dd1afb5a32dc, 0x3ffa39a44de8e691, 0x40067c7f771b14d0, 0x3ff37179430dc5e5, 0x402877c22e9841b4, 0x3ffdc2f73a770bdd, 0x3ff1b2b04cac91d4, 0x3ff044d591811356, 0x4005997e688f59b6, 0x3fea210494688412, 0x401659c14923c92d, 0x3ff132ea7184cbaa, 0x3ff4b9c01d710e27, 0x3ff60c92ac18324b, 0x401babe384c4d223, 0x3f87b94d005ee534, 0x40031998f19377b0, 0x3fecb64c4f72d931, 0x4013986424c4cece, 0x3ffd9d29d8f674a7, 0x400f727208ed26c5, 0x3fe0b0bb5742c2ed, 0x401bd00fd696208c, 0x3fd50ec792543b1e, 0x3ff694fc6aa0db85, 0x3ff3b22e0e8ec8b8, 0x4042ec9996678aa1, 0x3fe0c05baec3016f, 0x400aa188eb13ce0c, 0x3fe97d612165f585, 0x4020848ae1c137bb, 0x3fdfe5514b7f9545, 0x40125d42ca9066c8, 0x3fee84c5b1fa1317, 0x3ff2aca61385b454, 0x3fe32be4664caf92, 0x4003a92307fdd6fb, 0x3ff858d628216359, 0x3ff3cd944ee335c4, 0x3ff8df7bf5237df0, 0x4017a73f064221bb, 0x3fff94ded13e537b, 0x40096ad50832a120, 0x3ffe1d823cf87609, 0x3ff7ab8d9ab9f86d, 0x3fed652994f594a6, 0x3ff0e5b8ab172925, 0x3fc84531c06114c7, 0x3ff19f616f2ed029, 0x3fd354c8b44d5323, 0x4048b3db3064edf7, 0x3fd4c6f6ef531bdc, 0x40036d25628c7364, 0x3fd4ffe94453ffa5, 0x40087a266a3b9d53, 0x3fceceb1c87b3ac7, 0x3ff4863e82fa56b2, 0x3fe69bc1acda6f07, 0x4004f01b10a1741d, 0x3fc478658251e196, 0x3ff54a2f42311d35, 0x3ff019eb3b8067ad, 0x40084e20dd4e6916, 0x3fff04e6457c1399, 0x3ff053842f8d4da8, 0x3fd7ccba625f32ea, 0x400dc027fb9abc48, 0x3fe8c3504de30d41, 0x3ff0e63e91f3b5ea, 0x3fc3ad01e44eb408, 0x40185c3ab37461b6, 0x3fcdaae99476aba6, 0x402f5b6ed7ccbabc, 0x3feea715037a9c54, 0x40318be9c22cc5a9, 0x3ff7abf08a1eafc2, 0x3ff10d9628bc83fc, 0x3f7fd445c07f5117, 0x3ff32c10fd22125e, 0x3ffb13da3e2c4f69, 0x4019d246e876e007, 0x3ffb5a66d2ed699b, 0x405d6d8f909cdeb9, 0x3ff222964bc88a59, 0x404a88330e5de1f8, 0x3fe5760f33d5d83d, 0x3ff7499a836be60c, 0x3ff98c8983263226, 0x3ff73c68e6550845, 0x3fc1b384a846ce13, 0x3ff237323449ce6a, 0x3fec2af3ae70abcf, 0x3ffbf4f7c3615d79, 0x3fda8fdcd96a3f73, 0x4003899773b92bf5, 0x3ff1aca9e4c6b2a8, 0x4004553a2985c7d0, 0x3ff5b5389496d4e2, 0x3ff108ef6047d2e2, 0x3fe5c6551ed71954, 0x3ff52f82cc66889f, 0x3fca7bb13869eec5, 0x40018a0d5b2f3ba3, 0x3ffa3557de68d55f, 0x3ffb78fe704c38d4, 0x3ff06b673141ad9d, 0x3ffca2a4ec2ef0a0, 0x3ff0a91ff4c2a480, 0x3ffef2b09cd12db4, 0x3fe92bbe5364aef9, 0x4005cf246cc8d9f3, 0x3ff58041e9d60108, 0x40101fb25745e95b, 0x3fe8052457e01491, 0x4010c330737d9b1f, 0x3fe1154e3f445539, 0x3ff683c7f6fa0099, 0x3ffd9f44ba367d13, 0x402e9d09a471ca80, 0x3fe98d046be63412, 0x3ff0154170000f8b, 0x3ffe32c6d5f8cb1b, 0x3ff30ff21f996f85, 0x3ff226111f889844, 0x401a73dfe72fbe98, 0x3fdfd970a37f65c3, 0x4020bd740ddc401c, 0x3ff16de3dac5b78f, 0x3ff141a01d97f8a9, 0x3fbe10d0f0784344, 0x3ff214ccce3f5a45, 0x3ff5d66d8e1759b6, 0x4018aa492fbc5d05, 0x3fe5d32c57d74cb1, 0x3fffe8866d7badad, 0x3ff7d383df1f4e0f, 0x3ff2bb8d75d16b91, 0x3fbed0dd387b4375, 0x400e2a0aa59a147a, 0x3fe7c071a75f01c7, 0x4001a42a210d4b08, 0x3ff4399e05d0e678, 0x40373db6d772d7a3, 0x3ff67332f999cccc, 0x40610366c7a694b9, 0x3fe206a5e5481a98, 0x3ff08546164ef86f, 0x3ff6f9c9f71be728, 0x40134a90704d812a, 0x3fb150abb44542af, 0x40210fb67f7d94af, 0x3fd9e133ed6784d0, 0x3ff05e35738cc55d, 0x3ffe9c4839ba7121, 0x3ff4cc19772a64ba, 0x3fd07a3e7241e8fa, 0x40137960ea52dd25, 0x3ffc71191eb1c464, 0x3ff7c29cb45c3d6d, 0x3fd0f8e47d43e392, 0x3ff0e2d3d95c78ea, 0x3ff1dd81e1877608, 0x3ff3a1a359d7cf97, 0x3fcc154b1c70552c, 0x3ff1caa2d6df3780, 0x3fe440d832510361, 0x3ff2babd3680fc6a, 0x3ff81c156a607056, 0x40053d7aebb19892, 0x3fce9688ac7a5a23, 0x40200ed4bc84213e, 0x3ffa9066ea6a419c, 0x3ff54a4d9ec0b4c2, 0x3fd57323eb55cc90, 0x3ffe17be3a00ce7a, 0x3ff8489f4ca1227d, 0x4001cee414cc07ab, 0x3ff00173fc8005d0, 0x4000c6ca42eadefa, 0x3ff502b39a140ace, 0x3ffdf67848c20a33, 0x3ff302b5700c0ad6, 0x3ff2a1a3f9e237a9, 0x3ff05e5048c17941, 0x3ffd0e5f73bfd5c5, 0x3ff4195eafd0657b, 0x3ff8fd90ed241878, 0x3ff831a20ba0c688, 0x3ffef41eb156f07f, 0x3fe412a6b9504a9b, 0x3ff2013763d7f660, 0x3fedb93bf676e4f0, 0x3ff259a2e95bb7d8, 0x3ff68481d85a1207, 0x3ffbde438e004f25, 0x3ff8aded4b22b7b5, 0x4048d5b960dd5be9, 0x3feb6ae941edaba5, 0x3ffe7ef7de0b5cac, 0x3fe964cfbbe5933f, 0x3ffd34062b950a49, 0x3ff4c650f2d31944, 0x4011a0e5a6d79172, 0x3fe32969a2cca5a7, 0x3ff396c8def05f92, 0x3ff84668aba119a3, 0x40312984c6852183, 0x3fe1066bb5c419af, 0x400eea4beb8466a5, 0x3ff11fbd61047ef6, 0x3ff157a4a5d075e2, 0x3ff95e5b5fa5796d, 0x401ef561a2c36330, 0x3ff900ea09e403a8, 0x400a4a9e7fe9ddc6, 0x3ff5c17079d705c2, 0x400389ba52f8e71f, 0x3ffe398b8db8e62e, 0x40025a16ce4a6330, 0x3ffda4c087369302, 0x400efcf97fe5a250, 0x3fe4c5db5fd3176d, 0x400478a3412c2c1b, 0x3fd0a6d09e429b42, 0x4041b2bebd1aff77, 0x3ffee0a5e0fb8298, 0x3ff1c06f71c23366, 0x3fb8c5d78c63175e, 0x400456e9fba8818e, 0x3feb43484eed0d21, 0x4001f89150f860cd, 0x3ffe1e6038387981, 0x402a9967dc45edf7, 0x3ff581941ed60650, 0x40109fd6bc6e23e4, 0x3ffc8b0f07722c3c, 0x40029376afe6bee0, 0x3fe320d24dcc8349, 0x4019515909dd66a0, 0x3ff60fd971d83f66, 0x3ff32f413ac8c707, 0x3fc4a172b25285cb, 0x4000972cb40509ab, 0x3ffed299587b4a65, 0x3ff29003e61f93ce, 0x3ff92ae07924ab82, 0x3ff8e16f8f6282b5, 0x3fe15ec231c57b09, 0x3ff5e337bb79a7db, 0x3fc438e2b450e38b, 0x401439bbb9cf6bc6, 0x3fffa74af03e9d2c, 0x4003d2b7c64e270e, 0x3ff2d58021cb5601, 0x4020c50f42fd8b2d, 0x3feba2f31c6e8bcc, 0x3ffce861dd332d6f, 0x3fa5141138545045, 0x4000a8d83666ffad, 0x3ffe4c4083b93102, 0x4001ea1bd01d13d5, 0x3ffd9c9c5e367271, 0x3ff204876cf6401b, 0x3ff0b239cb02c8e7, 0x3ffac7f92c57ee69, 0x3fd076d71141db5c, 0x400356137c03d397, 0x3facc5a8c87316a3, 0x4002b69666405361, 0x3ff24b8db4092e37, 0x3ff64c73c51d0fcb, 0x3fe0bc8ae542f22c, 0x3ff88735cb297a7f, 0x3fd990ee226643b9, 0x4011ccdeec1f4a72, 0x3ff074d46a41d352, 0x3ff0393be8963824, 0x3ffbc4e89c6f13a2, 0x3ff45d626a98f9e4, 0x3ff6f38807dbce20, 0x3ff0e63e75ec46b3, 0x3fff785722fde15d, 0x3ff6a66b51972768, 0x3fe66c1df259b078, 0x3ffbf8d03856a0fe, 0x3ffa6bd20f29af48, 0x3ff474b7495184fc, 0x3fd00ff518403fd4, 0x3ff2e83328fd17b0, 0x3fe0cabf1cc32afc, 0x402baa15ef0df722, 0x3fe2bd6e934af5ba, 0x40154e49b7ce2b8a, 0x3ffebade84faeb7a, 0x3ff3a46e8724dfc6, 0x3ff9202c68a480b2, 0x40267cd37f08f382, 0x3fdd38e79974e39e, 0x3ff3ac6cf6e56785, 0x3ff086b334021acd, 0x3ff3ffdc0fc89433, 0x3ff0fc606683f182, 0x3ff4911da6cfaa13, 0x3fecf3074873cc1d, 0x3ff5e6c99e025b78, 0x3f75d770c0575dc3, 0x3ff08d8e87c49fe1, 0x3ff6efb7f0dbbee0, 0x3ff26198a97066e0, 0x3ff8128d91604a36, 0x40026eff692e47d9, 0x3ffa26c4ffe89b14, 0x3ff5bf736468377e, 0x3fd1f84bbe47e12f, 0x4017de7542f9893c, 0x3fe3b177ef4ec5e0, 0x3ff08ff07300b67f, 0x3ffe645c80799172, 0x400277ad19d79c89, 0x3ff9fe579767f95e, 0x4012db52f525f727, 0x3ff02cf70700b3dc, 0x4023071abb2efdcc, 0x3fe9976ff4e65dc0, 0x40012cbc7499a1c5, 0x3ffd6dfff575b800, 0x40159dc6be66a550, 0x3ff1c069d44701a7, 0x401b0800dbb6915c, 0x3ffff23e11bfc8f8, 0x402c18f2875d3ba6, 0x3ffe560175b95806, 0x3ffe3d08a2be14f4, 0x3ffb2c15ae6cb057, 0x4003fbc0eefeae90, 0x3fe09e74cd4279d3, 0x3ff2c8a7633b2604, 0x3fe77bba4f5deee9, 0x3ff062db38c17393, 0x3ff71cad2c1c72b5, 0x4020c79b9b98a2ed, 0x3fea44649ee91192, 0x3ffda873bec11d7d, 0x3ffb5b4f6c6d6d3e, 0x3ffd0c436f9b5016, 0x3ff6a046245a8119, 0x4018998b1da9ed7c, 0x3ff08a2a3d8228a9, 0x3ff85c25982225ec, 0x3ff310c4a14c4313, 0x40084dd52309ada1, 0x3ffbce5eb2af397b, 0x4023bf01160952ad, 0x3febcb216aef2c86, 0x400dc2c63e393508, 0x3ff2259133889645, 0x40069a1d5777b977, 0x3fed0bf61ef42fd8, 0x40206aca8b1d2fd7, 0x3ff00fca86003f2a, 0x4001b1368d1f2e63, 0x3fd8b4603d62d181, 0x4001c7db1dd2cf69, 0x3fff66d7987d9b5e, 0x4037bb8e1222fbdd, 0x3ffb355114ecd544, 0x4010996594f5457a, 0x3ffc9b1adcb26c6b, 0x40126adf1cd13482, 0x3fdbd411576f5045, 0x3ff9f75cc4cbabf0, 0x3fe58731e9d61cc8, 0x3ff97c05588c8ff8, 0x3fd3ece8ce4fb3a3, 0x4014e99b5c260722, 0x3fd6ddef905b77be, 0x3ff28bb53982fb3b, 0x3fe6a5e7895a979e, 0x3ff7012be9bd61b2, 0x3ff0a022fc02808c, 0x3ff0d91065d19dc3, 0x3fa944feb86513fb, 0x400497b2e3fb74ed, 0x3fba1740dc685d03, 0x40016e5b313892ee, 0x3ff508985b142261, 0x3ff9e35ac249ba97, 0x3ffa034955e80d25, 0x4021fe35e4cb7ac6, 0x3ff7ad0048deb401, 0x4009691f68dc4598, 0x3ff206cc8ac81b32, 0x3ff126bcbfc82962, 0x3ff878dfd6a1e37f, 0x3ffd60a5da40b8d2, 0x3fff334615fccd18, 0x3ffa0404083598aa, 0x3ff923b621a48ed9, 0x3ff269c645ff614f, 0x3ffaa15f27aa857d, 0x4074b477d3cdcb5c, 0x3fef0c51f47c3148, 0x4017ba6f738118ea, 0x3ff42ff11c90bfc4, 0x3ff8f810f41df952, 0x3fe707c0fa5c1f04, 0x3ff3c3e9837acf19, 0x3ff01ce38540738e, 0x3ff66ae93720e26f, 0x3ff029132200a44d, 0x4045ab468d513589, 0x3ff53a8ca7d4ea33, 0x3ffe34ce71503c5d, 0x3fea57105e695c41, 0x3ff665d65c0ef5d2, 0x3fffa2f3c33e8bcf, 0x402d0b089ebec29b, 0x3fe5460becd51830, 0x3ff3f625226e2c6b, 0x3fd70acfcf5c2b3f, 0x402bacae54b8b284, 0x3fcdca879c772a1e, 0x3ff58635a8748909, 0x3f850f4b80543d2e, 0x3ff22897df1680ce, 0x3fe26e4941c9b925, 0x3ff052f32b4d84b4, 0x3fefc0c369ff030e, 0x402b2d68100603b5, 0x3ffb2bc59eacaf16, 0x40085d74864383aa, 0x3fc39ca9cc4e72a7, 0x4007efb24416b8cf, 0x3fefcd71f0ff35c8, 0x3ff69db6d68fbc40, 0x3fff3351c63ccd47, 0x3ff2acc994d3160c, 0x3ff08af356822bcd, 0x4000b7acbd383e2b, 0x3ff2416db74905b7, 0x4046c09ac4374275, 0x3ff00d3bcc0034ef, 0x40111a3cf77b3aba, 0x3ff1a7418fc69d06, 0x3ff1856d74eae1fb, 0x3ffe57fb14395fec, 0x3ffd9cda3af2f7b0, 0x3fff6ce484fdb392, 0x400c819a0a0b87a2, 0x3fe5e0e4d5578393, 0x4018aea5a8885189, 0x3fe6960e92da583a, 0x400175706c1088f3, 0x3ffcf918f6f3e464, 0x400657ddef74b791, 0x3fe5b7e85056dfa1, 0x4014af08bc2cd8e2, 0x3fe5a51519d69454, 0x3ff32682e7e06a91, 0x3fe11630b3c458c3, 0x40155b566c6a929b, 0x3fd4f85ae453e16c, 0x4007489dcbdba74e, 0x3ff0b03ec3c2c0fb, 0x3ff837139d906d25, 0x3fba233e90688cfa, 0x40001ca25a38ba25, 0x3ff08f6926c23da5, 0x3ffc2b1de667b243, 0x3fff33c5d4bccf17, 0x4026baa3a8b8120a, 0x3ff2e12db78b84b7, 0x4000c855cb70b9a8, 0x3fe499a278d2668a, 0x401c3cd98d3231ac, 0x3fe8f38b3663ce2d, 0x400d9de6a40bc5de, 0x3ff5d2a499974a92, 0x400582bfa9eafad8, 0x3ff19fcd5ac67f35, 0x4044fed5b2244eb6, 0x3ff116429844590a, 0x3ff1b4a61d6fcad0, 0x3feed9b4c47b66d3, 0x4002352b62b06724, 0x3fe0bff50842ffd4, 0x3ff37aaf0f0797a9, 0x3ff43f992690fe65, 0x3ffaab9c8d8aad9f, 0x3ff5052467541492, 0x3ff1c86970b6714a, 0x3ff930d53c24c355, 0x3ff37ed1c901e20d, 0x3fdf257c4d7c95f1, 0x4009e9ba565549b4, 0x3feed015a2fb4057, 0x400b2cf4ce57ed7a, 0x3ff9c4a489271292, 0x3ff0044728828c37, 0x3ffb98ba3c2e62e9, 0x3ff48119c1611071, 0x3fc64256ac59095b, 0x4001af280465814b, 0x3fe072d7fac1cb60, 0x40039174a04c27c8, 0x3ff302573a4c095d, 0x3ff8bbfcf8276fc6, 0x3ff5b9e86296e7a2, 0x400cfc512dc1d1f9, 0x3fa33b77084ceddc, 0x401169f88bd33e00, 0x3fe33025af4cc097, 0x3ffcf23cc01c26fb, 0x3fd11229824448a6, 0x3ff476d8e1001453, 0x3fffbf79df7efde7, 0x40043fb8e28df9b7, 0x3ff34dbbc40d36ef, 0x3ff99ac8fce1dfe5, 0x3fffd709f5bf5c28, 0x400ec163f3f3647b, 0x3ff0c9c485832712, 0x3ff47470766b9d74, 0x3fc4b0da5652c369, 0x3ff4d59a1ea10afa, 0x3fc74799845d1e66, 0x3ffc74b446806100, 0x3fbfeb69507fada5, 0x3ff1da74ef6cc17e, 0x3ff1f59a1407d668, 0x3ff14d5ecc03194e, 0x3ff5a60216969808, 0x3ff8af3a5da706ef, 0x3fe822b187e08ac6, 0x3ff123ac9e97a0b6, 0x3fbd300fb874c03f, 0x3ff079aa7a581627, 0x3ff2929fac8a4a7f, 0x3ff5bd9645fd794c, 0x3fdfa2af467e8abd, 0x3ffab4028e7422e9, 0x3ffee69f1afb9a7c, 0x3ffd409569e9a4ab, 0x3fd37266d34dc99b, 0x402432bc2fa8dcaa, 0x3fe50b57c5542d5f, 0x401bc48774239858, 0x3fef9f5cbf7e7d73, 0x3ff12a95a22e128a, 0x3ff89b2699a26c9a, 0x40005b44f37d3f29, 0x3fd8991f4462647d, 0x400b4035c0d1bc1f, 0x3fe15d2f0bc574bc, 0x400d4deda5155e94, 0x3fbf80eb747e03ae, 0x40061592d25b2f98, 0x3ffaba89382aea25, 0x40202540c34c8a55, 0x3fe08a44df422913, 0x40042d2e0470ca4e, 0x3fb8e361d0638d87, 0x3ff11cf6e82c0eb7, 0x3fb6e083545b820d, 0x4002ca97511fefb3, 0x3ffbca929a2f2a4a, 0x4023aaf63d79d65c, 0x3fe9667dbe6599f7, 0x4001d28085c47458, 0x3ffacdf28eeb37ca, 0x3ff8d7eca8ed2a99, 0x3fb89adaa8626b6b, 0x3ff3eb044ec2e676, 0x3fd872a56661ca96, 0x40140060f8061db3, 0x3ffcdfbb24737eed, 0x3ffec7b5f50b5cd1, 0x3fe604b5e6d812d8, 0x40042e558384b390, 0x3feceb79c573ade7, 0x4021b3e742c85ba0, 0x3ffc5621d8b15887, 0x3ff8d7cd4de67e5d, 0x3fea04d957681365, 0x4019818068678e85, 0x3ffd5867cff5619f, 0x4001175a9ec2f059, 0x3ff09c4414c27110, 0x3ff5448c55279628, 0x3ff2f140af8bc503, 0x3ff494114c8563c7, 0x3fd30c514c4c3145, 0x3ff8fa68bbd66654, 0x3ff6cc8b0a5b322c, 0x4014ac2001c243ce, 0x3fc0f82d6a43e0b6, 0x3ffb8a8f64dad922, 0x3fe2e44b724b912e, 0x400145ba18b42c8a, 0x3fae89fd387a27f5, 0x401e1d72138c6ccb, 0x3fcb7179e66dc5e8, 0x4029ae3ddc51282c, 0x3ffdf4a9f0f7d2a8, 0x400ad3e5bc34603f, 0x3fe1c889e7c72228, 0x3ff3155696f2784b, 0x3ffa2d2dd2e8b4b7, 0x3ff9ba3e050c018f, 0x3fde0f3a60783cea, 0x400da45a36f2193c, 0x3ff78421741e1086, 0x40209e1eca8a096e, 0x3ffd3eef68f4fbbe, 0x401c4893bd0ed552, 0x3fe1bd539d46f54e, 0x3ff3412779900abc, 0x3ff38109828e0426, 0x3ff41812fe3c849d, 0x3ff2aa483fcaa921, 0x4013db1cacd08619, 0x3ff25c5467497152, 0x3ff5dadd95fd47c9, 0x3ffaf1c0fe2bc704, 0x400bf2d9e4969b22, 0x3ffd9e791b7679e4, 0x3ff19d88aeebdf31, 0x3ffbbffd156efff4, 0x40121e200e7af9c9, 0x3fe7c6166f5f185a, 0x3ff1d648d5d783f0, 0x3fe6a16e37da85b9, 0x4000b68fb4284509, 0x3fff324a93bcc92a, 0x400b9cea56d68fb4, 0x3ff8dc130b23704c, 0x400fa6bd9bb8c4b8, 0x3fd0671884419c62, 0x3ffae56d658abbd4, 0x3ffbfd2f6eaff4be, 0x40060a1770fccaa1, 0x3ffbac2b92aeb0ae, 0x3ffa3fde9d4de5e4, 0x3feeef0a537bbc29, 0x3ff48c0d8c8daeba, 0x3ff807df01e01f7c, 0x3ff509c9186c98bb, 0x3ff38272334e09c9, 0x40063197358083f8, 0x3ff1d11cdb474473, 0x4014bacca3722ea7, 0x3ff1fb32b587eccb, 0x401ea3e8787cbd28, 0x3ffd9a1705b6685c, 0x4003ce402ee2f323, 0x3feaaca166eab286, 0x3ff2cf1d6eb0ba07, 0x3fe3fb74bccfedd3, 0x400c2bf6646ce276, 0x3fc24977a24925df, 0x3ff7670981fada53, 0x3fd72a6b1e5ca9ac, 0x4002d2690067c5f5, 0x3fd4c8002a532001, 0x4019a98813254b35, 0x3ff6df471cdb7d1c, 0x3ff109130fd2ea51, 0x3fea26e9c4689ba7, 0x3ff2fb6746efe033, 0x3ff11753f3045d50, 0x400c3d8ef9643615, 0x3fda5a87da696a1f, 0x40040e9357a1bb60, 0x3ffc91f532b247d5, 0x3ff736e255743273, 0x3fd6ba6a005ae9a8, 0x3ff8da713845c40c, 0x3fecc8ac307322b1, 0x3ff4530110fbb382, 0x3f815e5bc045796f, 0x4063288fb4fff28c, 0x3fff5dc7263d771d, 0x3ffc42c72bb5247f, 0x3fd18b90d5462e43, 0x3ff1acae2f9b83c0, 0x3fff0ae3207c2b8d, 0x3ffce364eb58ed8f, 0x3ff8306e4ba0c1b9, 0x400c56a6a139f5a4, 0x3ffacf82b16b3e0b, 0x3ff356c5f9dec1b0, 0x3ffee96314bba58c, 0x404a93d955e132cf, 0x3fe027069fc09c1a, 0x401f2a9c140a3b1a, 0x3fd65c0b4e59702d, 0x3ff08b2daaa8daf2, 0x3fc14bb1a2452ec7, 0x3ffb6e01bc6bc1c9, 0x3ff9ebd7aa27af5f, 0x3ffa97d81c2c75a5, 0x3ffbbb1c062eec70, 0x404f64992541b942, 0x3f5126b000449ac0, 0x3ff511ad802b5015, 0x3ff690a0c0da4283, 0x401675fd0539a798, 0x3fe9cdcad867372b, 0x4019d2982df907a0, 0x3ffee3f0dffb8fc3, 0x4003a2ae2b52bb8b, 0x3fd4a9a72f52a69d, 0x3ff0ebff45f6c4e2, 0x3fff279190fc9e46, 0x400accfdf36ac7ef, 0x3ffb399630ece659, 0x3ff0f48cdd9bfff3, 0x3ffb4682ea2d1a0c, 0x3ffa5f5ef837bb1d, 0x3fdcec48bb73b123, 0x3ff72e9cef67f4a6, 0x3febc743776f1d0e, 0x4014d6b5cdecb913, 0x3ff6b02313dac08c, 0x3ff74f3354e2fee7, 0x3fe47fb0c451fec3, 0x3ff21b22aeae3821, 0x3ff4e9ef7813a7be, 0x4004a05367050c97, 0x3fede33b39778ced, 0x400141a3e19b4a52, 0x3fffaa18bdbea863, 0x4007fb5f3764107a, 0x3feeb08184fac206, 0x3ff02937eba8ba4c, 0x3fc7ce56d25f395b, 0x4015a8ca6d3a58cb, 0x3fd5851a57561469, 0x40001f8d78f32abc, 0x3fe5bbb0b756eec3, 0x401df9538bbc6b74, 0x3ffcea526a73a94a, 0x3fffef8432cdf914, 0x3fc4377bd450ddef, 0x3ff23d7d02d98afc, 0x3ff9959028e65641, 0x3ff1357abf136b79, 0x3ffa4458ab691163, 0x3ff88b838ab460d6, 0x3ff12a8a2744aa29, 0x40355da1cac5a10d, 0x3fe5e4315ad790c5, 0x3ff07c979e6018bd, 0x3fde8f80747a3e02, 0x4033964f60c92474, 0x3ff50550ee541544, 0x3ffc9ebdf458ce70, 0x3ffde961a837a587, 0x4009c4c2248caf64, 0x3ffe4d0715f9341c, 0x4003e9e9a4bd441c, 0x3ff8c5078823141e, 0x3ff1161f2d62e049, 0x3ff787b8e6de1ee4, 0x400f8c8587305cda, 0x3ffda5823cf69609, 0x3ff3510256b9acc6, 0x3fec0c5399f0314e, 0x40252582c0ec5e10, 0x3fe4c4680ed311a0, 0x3ff491e9530c0cde, 0x3fdd30011e74c004, 0x4011896d674a0b24, 0x3fe1d888a0476223, 0x400a0f078e9e4199, 0x3fcaf3535e6bcd4d, 0x402986ea22fc554b, 0x3fde4dd5b5793757, 0x3ff146c2b38d8355, 0x3ff75de78b5d779e, 0x3ff4b1830f2f67c7, 0x3fff222df0fc88b8, 0x402bacf6735972a9, 0x3ff7cc2b771f30ae, 0x4012e591561aaed3, 0x3fcf91dfc87e477f, 0x4003f8b04f3bb1a6, 0x3ff8a9c68d62a71a, 0x40313957519ea591, 0x3ff6c0bccb5b02f3, 0x3ff64bb29df5d60e, 0x3fed6d39ca75b4e7, 0x40007dfe3564ca02, 0x3ff4eded75d3b7b6, 0x4014805752a9319a, 0x3ff7a30c9d1e8c32, 0x3ffb9003f34d67fa, 0x3fa7fb31885fecc6, 0x40169c63f13dffd3, 0x3ff59a38849668e2, 0x4006fea206d50034, 0x3ffe8d38927a34e2, 0x3ff1b778f77aaec2, 0x3ff26e940509ba50, 0x40111fef9841672a, 0x3fdae4a2386b9289, 0x3ff77c44a6870051, 0x3fe3f6a2b5cfda8b, 0x4001e72a809db3f0, 0x3ff36fc1878dbf06, 0x4037bac9b716922e, 0x3fdc2a763e70a9d9, 0x3ffb923e3cd3c84c, 0x3fcd49c8f0752724, 0x3ff09a33b5982e73, 0x3ff957fd86255ff6, 0x4010d3777f758c67, 0x3fe7508ad6dd422b, 0x3ffc6efcff1eeafc, 0x3fe2ee256fcbb896, 0x402a8dcde7a9691c, 0x3fe1f1236ac7c48e, 0x3ff52d05f761442e, 0x3ff1eec68947bb1a, 0x3ff11f9f9efd0018, 0x3ffe6c0568b9b016, 0x400ac0553fa5ae4a, 0x3ff079eedd41e7bb, 0x3ff06ce2516bf065, 0x3fee76131f79d84c, 0x40150e9a7293885f, 0x3fe49bd910d26f64, 0x4002931939b47c67, 0x3fc7d3016a5f4c06, 0x3ff1d1319cb5d95d, 0x3ff541bf041506fc, 0x400a636136a918bd, 0x3ff2897efe0a25fc, 0x3ff063d80a0a4fd4, 0x3ff80026b6e0009b, 0x40156d6e969a5a46, 0x3fa2c928884b24a2, 0x3ff07e6689db3897, 0x3ff88b2ffd622cc0, 0x401e2198b2c4807f, 0x3ffde18d4cf78635, 0x3ffc9f9c55981db8, 0x3fe7b5eef2ded7bc, 0x400ad6c645653b53, 0x3fcf278cac7c9e33, 0x3ff803b51b36d7d6, 0x3fe7e5a9dcdf96a7, 0x4003e604c71b57ab, 0x3feaff739bebfdce, 0x3ff1226ce95e2103, 0x3fe58804ec562014, 0x40057993e84127b9, 0x3fddcdba757736ea, 0x3ff2cb668df38597, 0x3fe62f3c5558bcf1, 0x3ff692cd1553e473, 0x3fb5218b4854862d, 0x3ff7edd1c6dd4c61, 0x3fd1dae939476ba5, 0x401dc6bc2c110a80, 0x3ff2220b4048882d, 0x3ff3e7fe2bb99ec4, 0x3fec00033af0000d, 0x401b6895bed52821, 0x3ff8f589b0e3d627, 0x401554c5f5601e14, 0x3fe5499585d52656, 0x3ff40ac8fe633130, 0x3fd42bb26850aeca, 0x40241435262557ed, 0x3ffdcb5557772d55, 0x4025e3ca7aeeea92, 0x3ff5132843144ca1, 0x400a8791f283c935, 0x3fe8ec993d63b265, 0x3ff4815be010b299, 0x3ffef85701bbe15c, 0x3ff4f974a4d77a8e, 0x3fd756748e5d59d2, 0x400487e974928595, 0x3ff64abd04592af4, 0x3ffed7dc2d4bef69, 0x3ff863d005618f40, 0x3ff136d7144f80f2, 0x3fe7af21d95ebc87, 0x4022612394239daf, 0x3ff46ca3ce51b28f, 0x400372e69ca84c32, 0x3ff8e0f8e2e383e4, 0x3ff49270e8955ba0, 0x3ff176228385d88a, 0x40073f7198206735, 0x3ff29bd76eca6f5e, 0x3ff0461bf91b9a62, 0x3fef5d1cc0fd7473, 0x4006215699c63d2e, 0x3fd5d931d25764c7, 0x3ff372e244fa202d, 0x3fd474d05051d341, 0x40085eaf81b5e2a8, 0x3ffd8353e3b60d50, 0x40260170dce6f7b1, 0x3feadb65eaeb6d98, 0x3ffb8b7eac2b768d, 0x3fe91dac776476b2, 0x3ff3c6875a19224b, 0x3fe71d2bfd5c74b0, 0x400634ec9a39791e, 0x3ff24d2120c93485, 0x3ffd7098a5df7e30, 0x3ff7ff3e0c5ffcf8, 0x400dca773a115973, 0x3fbfdd2bb87f74af, 0x3fff3e9163b84f93, 0x3fd958271865609c, 0x40028177a1f41b5c, 0x3ff3de7c414f79f1, 0x3ff321f8ef4535a7, 0x3ffaff0d49ebfc35, 0x400414eeca414f68, 0x3ff3a60bb10e982f, 0x40048ca8138f0cda, 0x3ff7c279469f09e5, 0x401474b40ccedb63, 0x3fe7d6a7dadf5a9f, 0x4011336651e03f3e, 0x3ff1d3443ec74d11, 0x3ffd74f4697136c6, 0x3fbc460c9c711832, 0x3ff651da6fe5c357, 0x3ffbe2d9712f8b66, 0x3ff05e44918a10d6, 0x3ff9d901be676407, 0x400b7bcde371c7db, 0x3ff1de30d38778c3, 0x4013fb7e1871687c, 0x3fc9a45fd066917f, 0x3ff16675127b37a2, 0x3ff1ef0536c7bc15, 0x3ff7ce841d1a898f, 0x3feda1f3e87687d0, 0x4009c752fe71da2b, 0x3ffe198b3fb8662d, 0x3ffe76477586637d, 0x3ffa515154694545, 0x401cdb0e2eb2a3c1, 0x3ffea430583a90c1, 0x40020b872ca1d90a, 0x3fff32429a3cc90a, 0x3ff3f87aaeeccf79, 0x3ffaef42b8ebbd0b, 0x3ffb2b497e469d41, 0x3fd861b5b86186d7, 0x3ffb63582d729673, 0x3ff91a316a2468c6, 0x3ffc6bd92a4a738d, 0x3ffa22c3a5e88b0f, 0x40076d4ddaa79d6c, 0x3fcb2b0dec6cac38, 0x3ff2596ed4a2e0d4, 0x3fbddedfb4777b7f, 0x3ff05dfe30826b15, 0x3ffb2ed91cecbb64, 0x3ff27959661908ee, 0x3fe1318f28c4c63d, 0x40039d8e86cb977e, 0x3fc0f63d9643d8f6, 0x4005b0ee40d7a0f8, 0x3fe4f3a18353ce86, 0x3ff987fba0bd5072, 0x3fb4f00a9053c02a, 0x3ff43e5179ee6785, 0x3ffdfc102cb7f041, 0x3ff04d2734a7da06, 0x3fe4332ecad0ccbb, 0x3ff51167e639c100, 0x3fcec1076e7b041e, 0x400d4942146ed099, 0x3fd9f4bc5567d2f1, 0x40250c718961534c, 0x3fc3082af44c20ac, 0x40367a60fea613b6, 0x3ff5e2b1d2578ac7, 0x400e3566cf8e91d9, 0x3ff41e2dcd1078b7, 0x4001149c57fe7cb6, 0x3ffa7d342869f4d1, 0x4001f5d42dd857fe, 0x3ff9ea58e4e7a964, 0x3ff121dd54128b4a, 0x3fe4502bc35140af, 0x3ff26dd18f73250e, 0x3ffd2ad11434ab44, 0x4017f8ceb148bbe0, 0x3ff77f36995dfcda, 0x401634e4c01d9b89, 0x3ff263f8ee098fe4, 0x3ff3fc91eb5b18f5, 0x3ff190ec36c643b1, 0x3ff1bca61e2af9e3, 0x3feb57966aed5e5a, 0x3ffb2051bd3a3f5b, 0x3ff628946558a252, 0x4005f6a934137b53, 0x3ff24878c84921e3, 0x405ef338fedeaf79, 0x3fcfa9e70e7ea79c, 0x3ff72387be4ce912, 0x3fe1ffe70f47ff9c, 0x4008813669455c86, 0x3ff92afd3de4abf5, 0x40067f7bce064202, 0x3fe7bdbb8a5ef6ee, 0x4001018d83aa5a09, 0x3ff3da6bb2cf69af, 0x3ff0017a59efa447, 0x3ffe0a924bf82a49, 0x4001d96d0bb270b9, 0x3fec7bfa0871efe8, 0x3ff55f337ffea861, 0x3fe8746b80e1d1ae, 0x3ff4fc157441ee1e, 0x3ff3bd32100ef4c8, 0x400b3fe560da9de4, 0x3ffdbd01e436f408, 0x4006c8b1f9abe7dd, 0x3fee513ef97944fc, 0x3fffbe913c0371bd, 0x3fd3699bd34da66f, 0x4046134efc85c176, 0x3fe9fd890267f624, 0x3ffba3b74e9140b7, 0x3ff39978930e65e2, 0x40244b2acbb7453e, 0x3ffe2e0d8c38b836, 0x4015c256208953fa, 0x3fcb4c25846d3096, 0x402defc22bac9c83, 0x3ffc028b10f00a2c, 0x4004a00e37f2ad68, 0x3fe92b6cc9e4adb3, 0x3ff82d1ace8eb701, 0x3ff7ca711e5f29c4, 0x3ff4efa32ba89034, 0x3fd0ecdd7743b376, 0x4005fc4f23c79f1a, 0x3ff8719fbbe1c67f, 0x402c295653e3b768, 0x3ff9fc7cabe7f1f3, 0x401324ff6bc0c054, 0x3ffa3ab4d9e8ead3, 0x4014998ae0e52e20, 0x3fff15afa57c56bf, 0x400253be692151e7, 0x3fef3772807cddca, 0x3ff1c379ded06170, 0x3ff9344f92a4d13e, 0x3ff0a426da17df1d, 0x3fe9e758b5679d63, 0x3ff108b66d7da2de, 0x3fff7de4703df792, 0x3ff3bb8579582f2c, 0x3ff094e8b14253a3, 0x3ffad18c865c0e1b, 0x3ffd19c9c2346727, 0x400157a2dfbdf09c, 0x3ff8f94e5da3e539, 0x404f31b77f785b7d, 0x3ff0e640aac39903, 0x3ff86658b0c7e1ea, 0x3fe9d98d55676635, 0x3ff15d7e69f9c1ef, 0x3fe452c378514b0e, 0x401b24b5f0ea0feb, 0x3ff5f08b3957c22d, 0x4001c9563a558598, 0x3ff05c1499c17052, 0x4001cc57914f6fd9, 0x3ff0aa62c342a98b, 0x4008be72fe0585d7, 0x3ff511c7b454471f, 0x40077f4bd5db470d, 0x3ff08f43b1023d0f, 0x3ff967783ca517c7, 0x3ff8dcfe866373fa, 0x4067d21102d68112, 0x3ff0fa28e243e8a4, 0x3ffc5688a8aa28c0, 0x3ffeef55adfbbd57, 0x3ff11b6d1b79d472, 0x3ff020049f808012, 0x3ff0d3cccbc13f33, 0x3ff7e046185f8118, 0x4046a39327a1532a, 0x3ff184972006125d, 0x3ff8686cef59039f, 0x3feeefc71afbbf1c, 0x400866697ede271f, 0x3ff57d5e4cd5f579, 0x4055c12666bd1caf, 0x3fff79beeb7de6fc, 0x402a8150763b20fa, 0x3ffdda1b4777686d, 0x400a904daf48795e, 0x3fdc8572ff7215cc, 0x3ff9de9b45d65074, 0x3ff807b9c1201ee7, 0x3ff5cbe75d99f5f0, 0x3fc1668ba4459a2f, 0x400d708eaaa2605d, 0x3fbd6029e47580a8, 0x3ff606d5563d8e76, 0x3ff3973420ce5cd1, 0x3ffbd52e36ab61d7, 0x3fe6cc21035b3084, 0x40048e49c88400bf, 0x3ff29043408a410d, 0x3ff20b228e069220, 0x3ffe8580bf3a1603, 0x3ffd4280727ed762, 0x3ffa4e0ea069383b, 0x40017a7eefe3c82f, 0x3fefd9a616ff6698, 0x3ffc294ad1650eb9, 0x3feeb4e55cfad395, 0x40362cf55b4db090, 0x3fdca19249728649, 0x3ff09c99214b826a, 0x3fe7de9f50df7a7d, 0x3ff1df56602012fa, 0x3fff307a73bcc1ea, 0x40066f8aff738a3b, 0x3fff0fe7d63c3f9f, 0x3ff1a14a0c451ace, 0x3ff50c2f3a9430bd, 0x4014ab9a4c564882, 0x3ff0d53c3a8354f1, 0x400393401f66159f, 0x3ffdaeb5ef76bad8, 0x3ffaef9d7bf21bcc, 0x3ff5c6057f171816, 0x3ff03e94d0dced15, 0x3fe4814daed20537, 0x400b56993a0542e9, 0x3ff1e9fedd07a7fb, 0x3ff7a5c9dfaae8e8, 0x3ff5d16c461745b1, 0x401c9640c9550e22, 0x3ff206f0bcc81bc3, 0x3ff92c31411038f6, 0x3ff5f9db0b17e76c, 0x4004c24b835b70eb, 0x3fc7e393145f8e4c, 0x4015b0de6ae9ff48, 0x3ffe8354157a0d50, 0x3ffbeb01080af29f, 0x3fdd606105758184, 0x4016926328dc11e3, 0x3ff1293b4cc4a4ed, 0x3ffa8eb7c1b17c78, 0x3fc28bdc304a2f71, 0x3fff506cec48615c, 0x3ffeb0767d3ac1da, 0x40372e6a6b1f22dc, 0x3feac896f4eb225c, 0x3ff9f0f5ec3fff22, 0x3fde4a9fc6792a7f, 0x3ff0f094eee15b46, 0x3faa11d640684759, 0x40185b2eea489a72, 0x3ff13b9563c4ee56, 0x3ff6aaad1275cf97, 0x3fd31859b94c6167, 0x3ff2a0ce020fb82c, 0x3ffff3cdd0bfcf37, 0x3ff691320c44e83b, 0x3ff122f394448bce, 0x3ff784a5a3e6f2b5, 0x3ffb2a57686ca95e, 0x40243ad833673bc6, 0x3fe4384e35d0e139, 0x3ffdde84d9a4f4a3, 0x3feefdc75afbf71d, 0x40038c3dade1e6d9, 0x3ff70ae0895c2b82, 0x4002463f778b781e, 0x3fff6f7e8ebdbdfa, 0x3ff0d97aa281766a, 0x3ff3adf069ceb7c2, 0x3ffed987228be5de, 0x3ff1aa60b406a983, 0x3ff7466e199f5066, 0x3fae4df3607937ce, 0x3fff4e42bdce46de, 0x3ff760cf4bdd833d, 0x4001da89d3a195b4, 0x3fd05df39e4177ce, 0x3ff08ad14b7fb9f8, 0x3fe9208594648216, 0x401a16964b69ea09, 0x3fd0d35477434d52, 0x3ff12ef0b467639b, 0x3ffb7e9fcaadfa7f, 0x400c81de442be0a2, 0x3ff9481469252052, 0x3ff2a775f5884333, 0x3fffab00d77eac03, 0x4008929898265d5f, 0x3ff137a7b104de9f, 0x3ff314a9a7a85dd7, 0x3feb29d89aeca762, 0x3ff2bc5cddf28447, 0x3fe7f315645fcc56, 0x3ff19bb1c7efbac0, 0x3fe0d8d091c36342, 0x402536170c121eb9, 0x3fe62c0f7a58b03e, 0x4010497def345068, 0x3fb676405459d901, 0x3ff0a45b1860786e, 0x3ff874a0b2a1d283, 0x3ffad96ad7ef07f8, 0x3ff4c36416930d90, 0x3ff427c9cf0b09f1, 0x3fcb64df4c6d937d, 0x400515b9df755ad1, 0x3fdef72d8a7bdcb6, 0x401107c3820a4570, 0x3fe62f553e58bd55, 0x3ff937307d3d5639, 0x3fe8d848d5636123, 0x4000bbba58c91b69, 0x3ff219e65ac86799, 0x40102ae97c01b2f9, 0x3ff8476b49611dad, 0x40067d7e22c44ae7, 0x3fcae98e7c6ba63a, 0x3ff5616dd7a2ece3, 0x3ff5cd02c057340b, 0x3ff8e0747edf721a, 0x3ff2c7c45f8b1f11, 0x4022ebad6d2ccad0, 0x3fefd15097ff4542, 0x3ff0a5cba39efd35, 0x3f9d6fc20075bf08, 0x3ff50ac0b69b96ce, 0x3fbc5ba4c4716e93, 0x40062c13d2b57981, 0x3f887bb5e061eed8, 0x4024264b49855398, 0x3fe49f7dd8527df7, 0x3ff4c60067bcbceb, 0x3ff63ee30ad8fb8c, 0x3ff079f539853883, 0x3ff20ca86b8832a2, 0x3ff3f20e90770540, 0x3fe66eacc8d9bab3, 0x3ff3da1dd1e60c34, 0x3fb2f97c504be5f1, 0x3ff6f3665eda0efe, 0x3fec3103f5f0c410, 0x4002cfdec44e59e5, 0x3fd66e030059b80c, 0x4064507d9f6367e1, 0x3ff5868064961a02, 0x3ff121abf3205a93, 0x3fe728c6315ca319, 0x3ff4922b67851cf1, 0x3ff5d55829975561, 0x40372e40a6875795, 0x3feaf117686bc45e, 0x400db85484d09002, 0x3fd30d53974c354e, 0x3ff16d4fcff17804, 0x3fdd79ae6775e6ba, 0x401881d62d74835e, 0x3ff5b64494d6d912, 0x400c014bfec7c1aa, 0x3ff0c4dab383136b, 0x3ff76021da05f99d, 0x3fe8a2886f628a22, 0x3ff2e817e9a6a592, 0x3fed19a83d7466a1, 0x4028f843052f315b, 0x3ffa27bca1e89ef3, 0x404aafb7430625fe, 0x3ffc3ba63670ee99, 0x4017d479e43efd4a, 0x3ffa63f058298fc1, 0x3ff1675d6c139a1a, 0x3ffbae14096eb850, 0x400e2aba9b5c21b3, 0x3fe60df4555837d1, 0x4038db14db034c31, 0x3fe15db54fc576d5, 0x404cf38b6c421cd3, 0x3fff2c80d2bcb203, 0x3ff944a59d867e9d, 0x3ff9712cc325c4b3, 0x3ff85f6126d15b41, 0x3ff5a4a39916928e, 0x401284132bea1501, 0x3ffd9ef584767bd6, 0x3ff363b1e4bb55cf, 0x3fd12bb1db44aec7, 0x4019a70b923bbd45, 0x3fffa10c6d3e8432, 0x3ff3b0541416eff4, 0x3fec430e07f10c38, 0x3fff39244368a5ad, 0x3fefd0da177f4368, 0x3ff35bc2a7f4cebf, 0x3fe6f5017edbd406, 0x3ff0cf5d6dde3d7b, 0x3ffd02f27db40bca, 0x4016b860210162be, 0x3fff0ebdb47c3af7, 0x3ff44818ff31e037, 0x3fe602a0cdd80a83, 0x3ff41e96878e8502, 0x3ff6a9d6ae9aa75b, 0x401325a0aed6f9d2, 0x3fbef205e87bc818, 0x4032ed5e49e03bb6, 0x3fdfe3e4e47f8f94, 0x40081cad4cebc67f, 0x3fc1f25b3e47c96d, 0x4011e93ff83ca6c3, 0x3ffee138c73b84e3, 0x3ff27e54f2f79eac, 0x3ffc275307709d4c, 0x3ff8f29fa9445f67, 0x3fc4c9850a532614, 0x3ff3dd53d7e45a31, 0x3feddba9bcf76ea7, 0x40129323ee507dc2, 0x3ffec3a9a97b0ea7, 0x400195adb59fa348, 0x3faca9c46872a712, 0x4003da2c06268d0a, 0x3ffef4c86b7bd322, 0x3ffe78374513d80d, 0x3fdd5fefa1757fbf, 0x40088893b21c8bb7, 0x3fee85f8b27a17e3, 0x401d63e114fae509, 0x3ff011868b80461a, 0x4001e0c70e62de4b, 0x3ffd99871976661c, 0x3ff2e952a396512f, 0x3fdf11a0647c4682, 0x3ff9447dad0f1000, 0x3fbc23b61c708ed8, 0x400a6361eef1f65a, 0x3ff5f42ea097d0bb, 0x400a4e93cb37b9c5, 0x3ff451837e11460e, 0x3ff528d4ae23cea1, 0x3ff0e0aea6c382bb, 0x3ffaab4fdd89f91e, 0x3ff3e1f232cf87c9, 0x4003a521b0d72c57, 0x3fdee262917b898a, 0x3ff6c6587791fcb1, 0x3fdb3928e36ce4a4, 0x3ff69ad0c7b6823b, 0x3ffd5f3fec757d00, 0x4016facf3fedeb4a, 0x3fd4d53b375354ed, 0x3ff0ea695d6b1423, 0x3ff277248f49dc92, 0x401ebc9196b8f5ba, 0x3fee24927d78924a, 0x3ff3d6855d1852a9, 0x3fed32c0c6f4cb03, 0x3ff0e116d32f1d41, 0x3ffe2a0edd78a83b, 0x3ff0b1f573a14303, 0x3fe94dff49e537fd, 0x3ff270eeb14adbd9, 0x3ff9bdbde0e6f6f8, 0x3ff912f22d7cdfff, 0x3ff006f3be001bcf, 0x3ff29e45ba2017b1, 0x3ffe1ef035b87bc1, 0x401566b052ea7876, 0x3fd4ecb77553b2de, 0x3ffbc44f272b48da, 0x3ffe2d9c66b8b672, 0x3ff7287d74cedfcf, 0x3fd68cbfdf5a32ff, 0x3ffc5946cccda17d, 0x3fc91ef18c647bc6, 0x400329edd8cffb03, 0x3fe11562d9c4558b, 0x4009bd3a7e7fc4fb, 0x3fd008d87a402362, 0x4015a4e6d411f40d, 0x3fef083898fc20e2, 0x400bc67036f08c59, 0x3fd0b9fda242e7f7, 0x403026541d3ba8ac, 0x3feac3384aeb0ce1, 0x3ffa97da2e9217c4, 0x3ffbca61532f2985, 0x3ff24c6b5705c22e, 0x3ff1960e3ec65839, 0x3ff3ba00bab60bed, 0x3ffaa5e3776a978e, 0x3ff0ee9b86a3eb0c, 0x3ff5b8062656e019, 0x3ff91c81e963cf96, 0x3ff2a875a14aa1d7, 0x401646bfcd5292f1, 0x3fefc73533ff1cd5, 0x3ffe83b78cc6aa97, 0x3fe77438845dd0e2, 0x3ff83dfcfb55b0de, 0x3fc9becc4c66fb31, 0x4009d85938cc3f95, 0x3fe67549f659d528, 0x400ce880df42dc6c, 0x3ffbf747416fdd1d, 0x4001d0dea938fbec, 0x3ff636d21d98db48, 0x401c65567c696552, 0x3ff850ab976142ae, 0x3ff38666dbd0f71a, 0x3fe4d7d40e535f50, 0x4010584d4407dc23, 0x3fcb8469426e11a5, 0x400187cad4ef00d6, 0x3fe3a0117dce8046, 0x3ffe7030eac9a2f0, 0x3fbdb3216876cc86, 0x4016d81b4e2da8bf, 0x3fe99a4bac66692f, 0x3ffa558f099c2abb, 0x3fff8eda41be3b69, 0x40112ec4496f5674, 0x3ff1ae4e38c6b939, 0x3ff8104e98552062, 0x3ffbd6aaa4ef5aab, 0x401d8019739c3593, 0x3ffb05da4bac1769, 0x4005d42d117b8226, 0x3ff51e29b05478a7, 0x4012f69f48b0371d, 0x3fab21b6b06c86db, 0x3ff509eee96b40c6, 0x3ff0a7af35c29ebd, 0x40053289aaaa0394, 0x3fb310cbac4c432f, 0x400448a303b2b600, 0x3ffa7235dda9c8d7, 0x3ff5dffe2cb8b6fa, 0x3ff120ef250483bd, 0x3ffb4a505ac84d3c, 0x3ff1a0e71406839c, 0x3ff295925e98fa37, 0x3ffa97a9582a5ea5, 0x3ff84d5345bd1c56, 0x3fe44e8536d13a15, 0x401d0eb75bee803f, 0x3fd78e76265e39d9, 0x400550f88bf15811, 0x3fe40438505010e1, 0x3ffb64c47ed5d65b, 0x3fff73b5073dced4, 0x400ac2be85441709, 0x3ffa23ccace88f33, 0x3ffde253c1212049, 0x3ffed7d6d13b5f5b, 0x3ff74bad917d78ee, 0x3ff578c71955e31c, 0x3ff3cb59abef6e66, 0x3fbb4bc8f86d2f24, 0x40082cb4e8e24d8e, 0x3fa3b4f5304ed3d5, 0x40290f5e2287cb4a, 0x3fc767a0145d9e80, 0x3ffda533661c868d, 0x3fed42f9ebf50be8, 0x401f16cf2ef88d7d, 0x3ffde44d56779135, 0x400c340c66a53ca8, 0x3ffb85df95ae177e, 0x40010b1df9aaf7d7, 0x3ffbd69447ef5a51, 0x4003772b6cd08e0f, 0x3fe5242b4d5490ad, 0x3ff6d3705311978c, 0x3fc1c1d72a47075d, 0x3ff8b4a597fdfbe5, 0x3ffad5efb62b57bf, 0x400f921cc09ed918, 0x3fa7799e705de67a, 0x401a6cc0ea52f527, 0x3ffacc9bceeb326f, 0x40658dec76e3124e, 0x3fecd2048ef34812, 0x3ff873adb810774d, 0x3ff151853a054615, 0x400350e080024c3b, 0x3fe5d5bf98d756fe, 0x4012d9c2521b1c90, 0x3fdc7a28d171e8a3, 0x400447987365b7cb, 0x3ff1613d1c0584f4, 0x40108c41023061db, 0x3fee5acd41f96b35, 0x3ff937051896ccbb, 0x3ff90188bda40623, 0x3ff12d2f66ec79ad, 0x3ff86c31dbe1b0c7, 0x3ff65c37f629b6b4, 0x3fdb8a59a86e2967, 0x3ff9ab7b40673110, 0x3fd7ac4a385eb129, 0x402780369aae5fea, 0x3fb18d819c463606, 0x3fff0d1b91b5b5a8, 0x3ff9276851649da1, 0x40234bdb0b9ee7a7, 0x3fd4da01d9536807, 0x3ff99d006acf9908, 0x3fe6d9d6dc5b675b, 0x4015867961eca419, 0x3ff8d563e5235590, 0x4014902c35ef24d3, 0x3fd8873d90621cf6, 0x4011aba04092bdc8, 0x3ffb29efb7eca7bf, 0x3ff5d54d8277dcc1, 0x3ff47f3f4451fcfd, 0x40150c5444bb911b, 0x3ffe3da0f0f8f684, 0x3ff28a2c482eb2a9, 0x3ff2b46bdfcad1af, 0x4000637df24c659d, 0x3fcacfdab46b3f6b, 0x4031008aebc919e9, 0x3fcf6879547da1e5, 0x3ff20e217a8e779a, 0x3fffb0b617bec2d8, 0x3ff20f9246e33311, 0x3ff3415a274d0569, 0x4013776efeef5918, 0x3ff04b5277012d4a, 0x3ff456bcfb30e167, 0x3fe298ee65ca63ba, 0x3ffd70a726976994, 0x3fe35329d34d4ca7, 0x402a182d871a7d9c, 0x3ff4b53d9012d4f6, 0x400135af5681b81e, 0x3ff671378b19c4de, 0x406df9fa2fc9c0d0, 0x3ff4d262c9d3498b, 0x4000c22e8f3482ac, 0x3fd96ec0e965bb04, 0x3ff2fed2b170995c, 0x3ff685019bda1406, 0x4035067dc1d072b8, 0x3ff26786cbc99e1b, 0x40073cd5326427b7, 0x3fde69bdd779a6f7, 0x3ffec27de9c50e8f, 0x3fda8829606a20a6, 0x3ff37634493126df, 0x3f910172204405c9, 0x4009a3cc8d1b12dc, 0x3ffc30add670c2b7, 0x401e894e159b9a34, 0x3fd95e270965789c, 0x3ff25d37f4095841, 0x3fa14abf28452afd, 0x3ff4008df58d840c, 0x3fc3a583744e960e, 0x3ffe69de71ee8732, 0x3ff2c5509e8b1542, 0x4005c764369c5b71, 0x3fc1ce9806473a60, 0x3ff201d2ef4061f6, 0x3fec6a0e4af1a839, 0x3ff653388fc24a6a, 0x3fe69df5cf5a77d7, 0x401b87ccd6b3ab00, 0x3ff711398edc44e6, 0x406eb09fee89d181, 0x3ff3ecda1fcfb368, 0x3ff166606550b114, 0x3ffb158fdf2c563f, 0x40088288cdaecbbb, 0x3ffef289bb7bca27, 0x4002fa9c9169dc5b, 0x3ff5761c9ad5d872, 0x40138a3b15d5ff27, 0x3ffe223e66b888fa, 0x3ff2396c49656f36, 0x3fab7a90c86dea43, 0x3ff0d7a72ad69408, 0x3fd850b2856142ca, 0x3ff1a01f107733b4, 0x3fc4bac91052eb24, 0x40049c54c82db647, 0x3ff8ede649e3b799, 0x40246fddea3b9bab, 0x3fd81269346049a5, 0x3ff2b2400efc516a, 0x3ff3f7578b8fdd5e, 0x3ff4a78fd432f78e, 0x3fdc8ef966723be6, 0x3ff71241fcbabbda, 0x3ff538d07394e342, 0x3ff7fc2270b2d852, 0x3fea40763a6901d9, 0x404e29cb298fc967, 0x3ff9ff042f27fc11, 0x401e869502b3672a, 0x3fa5252180549486, 0x40026395f36d97e9, 0x3fb9e5e74867979d, 0x3ff2742a3b07b558, 0x3ff85dba09a176e8, 0x404c4433765e8a6b, 0x3fe2779f2a49de7d, 0x4002838af8ff2ef1, 0x3fdc77858271de16, 0x40115fb396da5204, 0x3fe3d7fb2d4f5fed, 0x40100c9e1dd4c693, 0x3fd71148a95c4523, 0x3fffffab909ecbe5, 0x3fd418e10d506384, 0x400ea1086a073b32, 0x3ffc6be09c31af82, 0x3ff117d5fe7ff9c5, 0x3fe6fab4cf5bead3, 0x402a3c7928bad847, 0x3ff956b545655ad5, 0x3ff046db7c99017e, 0x3ffb3a65d4ace997, 0x4050b997a7aa90ef, 0x3ff5a5dc7f969772, 0x3fff1fe145719ec8, 0x3ff5d3391d974ce4, 0x402712b401802dff, 0x3ff0fb01a303ec07, 0x40002e470ee009e0, 0x3fdbde311f6f78c4, 0x3ffd05d91162066c, 0x3ffdbe1b9ab6f86e, 0x400dd13c19b16f9e, 0x3feac5c733eb171d, 0x3ff72884a89ca848, 0x3fe24da5d8493697, 0x3ff6a289c7bc8f2a, 0x3fcf7d623a7df589, 0x3fff78dbb3e1fd69, 0x3ffdfcc12ab7f305, 0x40027916bcbba10e, 0x3ff83e6a33e0f9a9, 0x40210c2d67fc1225, 0x3ffddbd416776f50, 0x3ff17e527bc74f2c, 0x3fe8397d4260e5f5, 0x3ff37b7ff770390c, 0x3ffb38c103ece304, 0x3ff5b170d3f13331, 0x3ffcb82f9af2e0be, 0x3ff8e6f942f6e1bb, 0x3ff70ecafc1c3b2c, 0x3ff56148f6335eb0, 0x3ff509e9e75427a8, 0x40042602023ce57d, 0x3fe0cb976dc32e5e, 0x40079080c4a5f846, 0x3feef57e2efbd5f9, 0x3ff42cc2e159fc94, 0x3ffaaf6050aabd81, 0x3ff6cf51081f85f5, 0x3fe609f010d827c0, 0x3ff4f5b7cf979e2c, 0x3fff08361bfc20d8, 0x3ff4fa8cbd498495, 0x3fed12a31c744a8c, 0x400f481533ca0e20, 0x3fee0d1da2783477, 0x3ffbb77919546262, 0x3ff873bd54a1cef5, 0x4003ac37d6584f22, 0x3f9529ece054a7b4, 0x3ffeaa8af2190886, 0x3ff0c4635043118d, 0x3ff0f5a86f2113dd, 0x3febed93fd6fb650, 0x3ff1ba983ac5bd00, 0x3ff878307ba1e0c2, 0x400bde8e6aed12ee, 0x3ff47b3afa51ecec, 0x3ff829dc6c8b5db6, 0x3ffdbf014b36fc05, 0x40062f72335ddd8a, 0x3fea45eb09e917ac, 0x3ffb418aba8201d3, 0x3ff83ead7120fab6, 0x3ff7c6b0c030597e, 0x3ffda60e36b69839, 0x40109230a027b3a0, 0x3fedd31d2a774c75, 0x3ff50a6f79ba0801, 0x3ffe2bb7e778aee0, 0x3ff3be801ed2b9af, 0x3ff0c2ea71830baa, 0x3ff1885437651e76, 0x3ff256623fc95989, 0x3ff05be6430aceaf, 0x3fd58bdc2a562f71, 0x40377a0944e5ea62, 0x3ff1c539d54714e7, 0x3ff128afa959490b, 0x3fecc08218730208, 0x3ffc491b9bc09d8b, 0x3fed11b7cdf446df, 0x3ff070b2592f1a01, 0x3ff04a5d52412975, 0x3ff1f73d4a63fe45, 0x3ffc05c64db01719, 0x400d394c80e04e58, 0x3fd6bcc39e5af30e, 0x3fff05de35ab4638, 0x3ffdf2ede377cbb8, 0x4022a80b841c8d5f, 0x3ffc0b073d702c1d, 0x400717ddc02c7134, 0x3ff6371d64d8dc76, 0x3ff93c987064fc56, 0x3fa3d494704f5252, 0x3ff9c67cc189df11, 0x3ffc032136300c85, 0x40007b68ce15db4c, 0x3fe86534436194d1, 0x3ff38dff05b84667, 0x3fe2ed73accbb5cf, 0x3ff1ae1d5b0fdb8d, 0x3ff762c7201d8b1d, 0x3ff26a9d6ed50d38, 0x3ffc41c092f10702, 0x3ff1cb78b81a829f, 0x3ffd2a0d26f4a835, 0x4002400bd79b373f, 0x3ffa9c72896a71ca, 0x40062ee754585dda, 0x3f806df80041b7e0, 0x400bfdbff7da27ed, 0x3fe55de51d557794, 0x3fff2f05efe4982a, 0x3fd693d1555a4f45, 0x40131668f2eaff28, 0x3ff92dc70fa4b71c, 0x400698f4ec62aac8, 0x3ff735ba239cd6e9, 0x3ff6234d3ddf29d4, 0x3fed84aedef612bb, 0x3ffa97e43b26f454, 0x3fc1b4c2d246d30b, 0x4019bb468e743416, 0x3fde29d83978a761, 0x40269758ab190b14, 0x3ff8d6a06f235a82, 0x40220332c7bab12e, 0x3ff25d70370975c1, 0x40196aafdd33e490, 0x3ffdbc7061b6f1c2, 0x3ff265f248d7b537, 0x3fbfebf2347fafc9, 0x3ff83d7d8a711c07, 0x3ff7a146231e8519, 0x3ff0ecadf7fd23a8, 0x3ff1e4f5ab8793d7, 0x3ff89f48bb2bcd15, 0x3fe88ef43ae23bd1, 0x40047893615ef596, 0x3f95685ef055a17c, 0x4004a1f090e93d1c, 0x3ff5a6b6a4969adb, 0x40073c25c9e97609, 0x3ffcd38f4fb34e3d, 0x3ff2c1f3359ee674, 0x3ff1b94ce6c6e534, 0x3ff744675d3c0efe, 0x3fda7f40d969fd03, 0x400ca7d13ec8b5d4, 0x3fea4416a269105b, 0x3ff7f19c0b6fbf59, 0x3ffc2fc86ab0bf22, 0x4000ae7d8185ce23, 0x3ffa5b9c79e96e72, 0x40212b6bb5731eab, 0x3ff22de0a988b783, 0x3ffaac00ce5dc48c, 0x3fdd1f56f4747d5c, 0x401c2af21de23de3, 0x3ff83b777920edde, 0x401983ca5b48a60d, 0x3f97debb405f7aed, 0x3ff38585c12dd258, 0x3ffa237d9fa88df6, 0x3ff554a9be1d3601, 0x3ff87ab65261ead9, 0x4005465a0831a171, 0x3fe99828b2e660a3, 0x401ae621080cbe9b, 0x3ff889db7f22276e, 0x40037eadc0c57668, 0x3ff12a867d04aa1a, 0x40020a8d3766fc1a, 0x3ff82649e0209928, 0x40024ba52dae36a0, 0x3fe2f87a394be1e9, 0x4009eda2dde3b239, 0x3fcffb61567fed85, 0x3fffc8470bd2a536, 0x3ff2ce9dd04b3a77, 0x3ffde347917de64e, 0x3fd5f8d3e357e350, 0x400112e37d4d2df7, 0x3f9e86c9c07a1b27, 0x3ff0132e29789146, 0x3ff2b8a4b38ae293, 0x3ffb71a8acee1200, 0x3ff30c0e5b0c3039, 0x3ff3b0de59387605, 0x3ff7334cb0dccd33, 0x4006b23ed654eceb, 0x3fff04c08efc1302, 0x3ff5b82cd20c8520, 0x3fd606f1be581bc7, 0x3ff45a1e786d8d04, 0x3fef27115bfc9c45, 0x3ff113169079ddf7, 0x3fd4c2c5e1530b18, 0x3ff20b85fd44cd86, 0x3fc5f5198857d466, 0x3ff138efa8a31ad0, 0x3fe302a5b8cc0a97, 0x3ff9b6f66b1c887a, 0x3fe7d63e34df58f9, 0x403356a4028792c7, 0x3fbe73f79c79cfde, 0x3ff7ebc956dbabca, 0x3fe70e6704dc399c, 0x4015b0e7661acdfc, 0x3fd60da627583699, 0x3ff0e0c913552bd7, 0x3ff70823209c208d, 0x40074264fa7c95e5, 0x3feaa86f1a6aa1bc, 0x3ff5c773f1bcba3f, 0x3fe5b6dfea56db80, 0x4083e7f89d3a5d7b, 0x3fe45474305151d1, 0x3ff11f0d85ddcf74, 0x3ffa0d56b0e8355b, 0x40376ffae2d2b99e, 0x3fe25e0846c97821, 0x3ff46c1a0e7b43c9, 0x3ff8f04e66a3c13a, 0x40016d220d8f272c, 0x3ff23a556d08e956, 0x400e1088f581b77f, 0x3fe95a66a965699b, 0x3ff5dd0b5e8afab6, 0x3fd38dd06d4e3742, 0x400099b8f7d77435, 0x3ff52593dc54964f, 0x4001c91d8cdeb67c, 0x3fcaa8019a6aa006, 0x403e0a5a4352b21c, 0x3ff00c63b400318f, 0x401872fe505f9757, 0x3ff6780f2d99e03d, 0x3ff2910729d2309a, 0x3fe645d6a3d9175b, 0x3ff24c1a2237033e, 0x3ff9e96888e7a5a2, 0x402d8489461962e4, 0x3fdbf45ce76fd174, 0x4011ad83ab897ed9, 0x3ff9ad4cb9e6b533, 0x3ffcb0b12e4059b7, 0x3fdd29f15774a7c5, 0x4020a88e3aa02440, 0x3fef800afd7e002c, 0x4037d37cb86133c9, 0x3fd4d436695350da, 0x3ff488d000214fb9, 0x3ffa69ea45a9a7a9, 0x3ff0fbea8cf62085, 0x3fde7f28d279fca3, 0x40044027b9164bb2, 0x3fdaa4cc536a9331, 0x3ff9388322a4c881, 0x3fd03d1a5c40f469, 0x40062a64fecd52d1, 0x3fcdc6a074771a82, 0x3ff44fefebdf2977, 0x3ff9f16e27e7c5b9, 0x4012254b5ff27238, 0x3ffa458d69e91636, 0x40099f2faa264bea, 0x3fe89427de62509f, 0x3ffe958e0f588ddc, 0x3fd645a446591691, 0x3ff5db34a5ccfdc6, 0x3fe9722a9c65c8aa, 0x3ff043b0ec5c7809, 0x3ff9980db3266037, 0x3ff9f97ad78ec438, 0x3fdae1c6bf6b871b, 0x3ffa918bf0556776, 0x3fd63aceda58eb3b, 0x40024551c0493e45, 0x3ff71ce13e5c7385, 0x3ff80771f2b8cb94, 0x3feeb582187ad608, 0x3ff2143d83f1f523, 0x3fec7b85adf1ee17, 0x400a35172a008c0a, 0x3ffa774ad969dd2b, 0x3ff76a7c0307ee24, 0x3ff668eb03d9a3ac, 0x4
[...]
Compiling standalone
microblaze_sleep.c:77:9: note: #pragma message: For the sleep routines, assembly instructions are used
 #pragma message ("For the sleep routines, assembly instructions are used")
         ^~~~~~~
Running Make libs in microblaze_1/libsrc/uartlite_v3_2/src
make -C microblaze_1/libsrc/uartlite_v3_2/src -s libs  "SHELL=/bin/sh" "COMPILER=mb-gcc" "ARCHIVER=mb-ar" "COMPILER_FLAGS=  -O2 -c -mcpu=v11.0 -mlittle-endian -mxl-soft-mul" "EXTRA_COMPILER_FLAGS=-ffunction-sections -fdata-sections -Wall -Wextra"
Compiling uartlite
Running Make libs in microblaze_1/libsrc/bram_v4_3/src
make -C microblaze_1/libsrc/bram_v4_3/src -s libs  "SHELL=/bin/sh" "COMPILER=mb-gcc" "ARCHIVER=mb-ar" "COMPILER_FLAGS=  -O2 -c -mcpu=v11.0 -mlittle-endian -mxl-soft-mul" "EXTRA_COMPILER_FLAGS=-ffunction-sections -fdata-sections -Wall -Wextra"
Compiling bram
Running Make libs in microblaze_1/libsrc/cpu_v2_9/src
make -C microblaze_1/libsrc/cpu_v2_9/src -s libs  "SHELL=/bin/sh" "COMPILER=mb-gcc" "ARCHIVER=mb-ar" "COMPILER_FLAGS=  -O2 -c -mcpu=v11.0 -mlittle-endian -mxl-soft-mul" "EXTRA_COMPILER_FLAGS=-ffunction-sections -fdata-sections -Wall -Wextra"
Compiling cpu
Running Make libs in microblaze_1/libsrc/axicdma_v4_5/src
make -C microblaze_1/libsrc/axicdma_v4_5/src -s libs  "SHELL=/bin/sh" "COMPILER=mb-gcc" "ARCHIVER=mb-ar" "COMPILER_FLAGS=  -O2 -c -mcpu=v11.0 -mlittle-endian -mxl-soft-mul" "EXTRA_COMPILER_FLAGS=-ffunction-sections -fdata-sections -Wall -Wextra"
Compiling axicdma
Finished building libraries
11:59:29 **** Build of configuration Debug for project Aloha-HE ****
make all 
Building file: ../src/Testing/ckksTest.c
Invoking: MicroBlaze gcc compiler
mb-gcc -Wall -O0 -g3 -c -fmessage-length=0 -MT"src/Testing/ckksTest.o" -I../../Aloha-HE_bsp/microblaze_1/include -mlittle-endian -mcpu=v11.0 -mxl-soft-mul -Wl,--no-relax -ffunction-sections -fdata-sections -MMD -MP -MF"src/Testing/ckksTest.d" -MT"src/Testing/ckksTest.o" -o "src/Testing/ckksTest.o" "../src/Testing/ckksTest.c"
../src/Testing/ckksTest.c: In function 'test_hardware':
../src/Testing/ckksTest.c:619:10: warning: unused variable 'rns_delta_max' [-Wunused-variable]
  int64_t rns_delta_max = 1; // +/- 1
          ^~~~~~~~~~~~~
../src/Testing/ckksTest.c:618:9: warning: unused variable 'eps_fft_tw_storage' [-Wunused-variable]
  double eps_fft_tw_storage = pow(2,-30);
         ^~~~~~~~~~~~~~~~~~
Finished building: ../src/Testing/ckksTest.c
 
Building file: ../src/ckksAccelerator.c
Invoking: MicroBlaze gcc compiler
mb-gcc -Wall -O0 -g3 -c -fmessage-length=0 -MT"src/ckksAccelerator.o" -I../../Aloha-HE_bsp/microblaze_1/include -mlittle-endian -mcpu=v11.0 -mxl-soft-mul -Wl,--no-relax -ffunction-sections -fdata-sections -MMD -MP -MF"src/ckksAccelerator.d" -MT"src/ckksAccelerator.o" -o "src/ckksAccelerator.o" "../src/ckksAccelerator.c"
Finished building: ../src/ckksAccelerator.c
 
Building file: ../src/communication.c
Invoking: MicroBlaze gcc compiler
mb-gcc -Wall -O0 -g3 -c -fmessage-length=0 -MT"src/communication.o" -I../../Aloha-HE_bsp/microblaze_1/include -mlittle-endian -mcpu=v11.0 -mxl-soft-mul -Wl,--no-relax -ffunction-sections -fdata-sections -MMD -MP -MF"src/communication.d" -MT"src/communication.o" -o "src/communication.o" "../src/communication.c"
Finished building: ../src/communication.c
 
Building file: ../src/instruction.c
Invoking: MicroBlaze gcc compiler
mb-gcc -Wall -O0 -g3 -c -fmessage-length=0 -MT"src/instruction.o" -I../../Aloha-HE_bsp/microblaze_1/include -mlittle-endian -mcpu=v11.0 -mxl-soft-mul -Wl,--no-relax -ffunction-sections -fdata-sections -MMD -MP -MF"src/instruction.d" -MT"src/instruction.o" -o "src/instruction.o" "../src/instruction.c"
Finished building: ../src/instruction.c
 
Building file: ../src/main.c
Invoking: MicroBlaze gcc compiler
mb-gcc -Wall -O0 -g3 -c -fmessage-length=0 -MT"src/main.o" -I../../Aloha-HE_bsp/microblaze_1/include -mlittle-endian -mcpu=v11.0 -mxl-soft-mul -Wl,--no-relax -ffunction-sections -fdata-sections -MMD -MP -MF"src/main.d" -MT"src/main.o" -o "src/main.o" "../src/main.c"
Finished building: ../src/main.c
 
Building file: ../src/platform.c
Invoking: MicroBlaze gcc compiler
mb-gcc -Wall -O0 -g3 -c -fmessage-length=0 -MT"src/platform.o" -I../../Aloha-HE_bsp/microblaze_1/include -mlittle-endian -mcpu=v11.0 -mxl-soft-mul -Wl,--no-relax -ffunction-sections -fdata-sections -MMD -MP -MF"src/platform.d" -MT"src/platform.o" -o "src/platform.o" "../src/platform.c"
Finished building: ../src/platform.c
 
Building file: ../src/xtime_l.c
Invoking: MicroBlaze gcc compiler
mb-gcc -Wall -O0 -g3 -c -fmessage-length=0 -MT"src/xtime_l.o" -I../../Aloha-HE_bsp/microblaze_1/include -mlittle-endian -mcpu=v11.0 -mxl-soft-mul -Wl,--no-relax -ffunction-sections -fdata-sections -MMD -MP -MF"src/xtime_l.d" -MT"src/xtime_l.o" -o "src/xtime_l.o" "../src/xtime_l.c"
Finished building: ../src/xtime_l.c
 
Building target: Aloha-HE.elf
Invoking: MicroBlaze gcc linker
mb-gcc -Wl,-T -Wl,../src/lscript.ld -L../../Aloha-HE_bsp/microblaze_1/lib -mlittle-endian -mcpu=v11.0 -mxl-soft-mul -Wl,--no-relax -Wl,--gc-sections -o "Aloha-HE.elf"  ./src/Testing/ckksTest.o  ./src/ckksAccelerator.o ./src/communication.o ./src/instruction.o ./src/main.o ./src/platform.o ./src/xtime_l.o   -Wl,--start-group,-lxil,-lgcc,-lc,--end-group
Finished building target: Aloha-HE.elf
 
Invoking: MicroBlaze Print Size
mb-size Aloha-HE.elf  |tee "Aloha-HE.elf.size"
   text	   data	    bss	    dec	    hex	filename
 188204	 966688	1462668	2617560	 27f0d8	Aloha-HE.elf
Finished building: Aloha-HE.elf.size
 
13:45:30 **** Auto Build of configuration Debug for project Aloha-HE ****
make all 
Building file: ../src/Testing/ckksTest.c
Invoking: MicroBlaze gcc compiler
mb-gcc -Wall -O0 -g3 -c -fmessage-length=0 -MT"src/Testing/ckksTest.o" -I../../Aloha-HE_bsp/microblaze_1/include -mlittle-endian -mcpu=v11.0 -mxl-soft-mul -Wl,--no-relax -ffunction-sections -fdata-sections -MMD -MP -MF"src/Testing/ckksTest.d" -MT"src/Testing/ckksTest.o" -o "src/Testing/ckksTest.o" "../src/Testing/ckksTest.c"
../src/Testing/ckksTest.c: In function 'test_hardware':
../src/Testing/ckksTest.c:1239:11: warning: unused variable 'result_fft' [-Wunused-variable]
  uint64_t result_fft[2*poly_size] ALIGN;
           ^~~~~~~~~~
../src/Testing/ckksTest.c:619:10: warning: unused variable 'rns_delta_max' [-Wunused-variable]
  int64_t rns_delta_max = 1; // +/- 1
          ^~~~~~~~~~~~~
../src/Testing/ckksTest.c:618:9: warning: unused variable 'eps_fft_tw_storage' [-Wunused-variable]
  double eps_fft_tw_storage = pow(2,-30);
         ^~~~~~~~~~~~~~~~~~
../src/Testing/ckksTest.c:617:15: warning: unused variable 'eps_fft' [-Wunused-variable]
  const double eps_fft = pow(2,-30); // ~0.9e-9%
               ^~~~~~~
Finished building: ../src/Testing/ckksTest.c
 
Building target: Aloha-HE.elf
Invoking: MicroBlaze gcc linker
mb-gcc -Wl,-T -Wl,../src/lscript.ld -L../../Aloha-HE_bsp/microblaze_1/lib -mlittle-endian -mcpu=v11.0 -mxl-soft-mul -Wl,--no-relax -Wl,--gc-sections -o "Aloha-HE.elf"  ./src/Testing/ckksTest.o  ./src/ckksAccelerator.o ./src/communication.o ./src/instruction.o ./src/main.o ./src/platform.o ./src/xtime_l.o   -Wl,--start-group,-lxil,-lgcc,-lc,--end-group
Finished building target: Aloha-HE.elf
 
Invoking: MicroBlaze Print Size
mb-size Aloha-HE.elf  |tee "Aloha-HE.elf.size"
   text	   data	    bss	    dec	    hex	filename
 166172	 688248	1462668	2317088	 235b20	Aloha-HE.elf
Finished building: Aloha-HE.elf.size
 
13:46:34 **** Incremental Build of configuration Debug for project Aloha-HE ****
make all 
make: Nothing to be done for 'all'.
13:47:03 **** Auto Build of configuration Debug for project Aloha-HE ****
make all 
Building file: ../src/Testing/ckksTest.c
Invoking: MicroBlaze gcc compiler
mb-gcc -Wall -O0 -g3 -c -fmessage-length=0 -MT"src/Testing/ckksTest.o" -I../../Aloha-HE_bsp/microblaze_1/include -mlittle-endian -mcpu=v11.0 -mxl-soft-mul -Wl,--no-relax -ffunction-sections -fdata-sections -MMD -MP -MF"src/Testing/ckksTest.d" -MT"src/Testing/ckksTest.o" -o "src/Testing/ckksTest.o" "../src/Testing/ckksTest.c"
../src/Testing/ckksTest.c: In function 'test_hardware':
../src/Testing/ckksTest.c:619:10: warning: unused variable 'rns_delta_max' [-Wunused-variable]
  int64_t rns_delta_max = 1; // +/- 1
          ^~~~~~~~~~~~~
../src/Testing/ckksTest.c:618:9: warning: unused variable 'eps_fft_tw_storage' [-Wunused-variable]
  double eps_fft_tw_storage = pow(2,-30);
         ^~~~~~~~~~~~~~~~~~
Finished building: ../src/Testing/ckksTest.c
 
Building target: Aloha-HE.elf
Invoking: MicroBlaze gcc linker
mb-gcc -Wl,-T -Wl,../src/lscript.ld -L../../Aloha-HE_bsp/microblaze_1/lib -mlittle-endian -mcpu=v11.0 -mxl-soft-mul -Wl,--no-relax -Wl,--gc-sections -o "Aloha-HE.elf"  ./src/Testing/ckksTest.o  ./src/ckksAccelerator.o ./src/communication.o ./src/instruction.o ./src/main.o ./src/platform.o ./src/xtime_l.o   -Wl,--start-group,-lxil,-lgcc,-lc,--end-group
Finished building target: Aloha-HE.elf
 
Invoking: MicroBlaze Print Size
mb-size Aloha-HE.elf  |tee "Aloha-HE.elf.size"
   text	   data	    bss	    dec	    hex	filename
 185280	 278560	1061344	1525184	 1745c0	Aloha-HE.elf
Finished building: Aloha-HE.elf.size
 
13:47:12 **** Incremental Build of configuration Debug for project Aloha-HE ****
make all 
make: Nothing to be done for 'all'.
13:47:39 **** Auto Build of configuration Debug for project Aloha-HE ****
make all 
Building file: ../src/Testing/ckksTest.c
Invoking: MicroBlaze gcc compiler
mb-gcc -Wall -O0 -g3 -c -fmessage-length=0 -MT"src/Testing/ckksTest.o" -I../../Aloha-HE_bsp/microblaze_1/include -mlittle-endian -mcpu=v11.0 -mxl-soft-mul -Wl,--no-relax -ffunction-sections -fdata-sections -MMD -MP -MF"src/Testing/ckksTest.d" -MT"src/Testing/ckksTest.o" -o "src/Testing/ckksTest.o" "../src/Testing/ckksTest.c"
../src/Testing/ckksTest.c: In function 'test_hardware':
../src/Testing/ckksTest.c:619:10: warning: unused variable 'rns_delta_max' [-Wunused-variable]
  int64_t rns_delta_max = 1; // +/- 1
          ^~~~~~~~~~~~~
../src/Testing/ckksTest.c:618:9: warning: unused variable 'eps_fft_tw_storage' [-Wunused-variable]
  double eps_fft_tw_storage = pow(2,-30);
         ^~~~~~~~~~~~~~~~~~
Finished building: ../src/Testing/ckksTest.c
 
Building target: Aloha-HE.elf
Invoking: MicroBlaze gcc linker
mb-gcc -Wl,-T -Wl,../src/lscript.ld -L../../Aloha-HE_bsp/microblaze_1/lib -mlittle-endian -mcpu=v11.0 -mxl-soft-mul -Wl,--no-relax -Wl,--gc-sections -o "Aloha-HE.elf"  ./src/Testing/ckksTest.o  ./src/ckksAccelerator.o ./src/communication.o ./src/instruction.o ./src/main.o ./src/platform.o ./src/xtime_l.o   -Wl,--start-group,-lxil,-lgcc,-lc,--end-group
Finished building target: Aloha-HE.elf
 
Invoking: MicroBlaze Print Size
mb-size Aloha-HE.elf  |tee "Aloha-HE.elf.size"
   text	   data	    bss	    dec	    hex	filename
 188204	 966688	1462668	2617560	 27f0d8	Aloha-HE.elf
Finished building: Aloha-HE.elf.size
 
18:16:11 **** Clean-only build of project Aloha-HE_bsp ****
make -k clean 
make -C microblaze_1/libsrc/tmrctr_v4_5/src -s clean 
make -C microblaze_1/libsrc/standalone_v7_0/src -s clean 
make -C microblaze_1/libsrc/uartlite_v3_2/src -s clean 
make -C microblaze_1/libsrc/bram_v4_3/src -s clean 
make -C microblaze_1/libsrc/cpu_v2_9/src -s clean 
make -C microblaze_1/libsrc/axicdma_v4_5/src -s clean 
rm -f microblaze_1/lib/libxil.a
18:16:12 **** Clean-only build of configuration Debug for project Aloha-HE ****
make clean 
rm -rf  ./src/Testing/ckksTest.o  ./src/ckksAccelerator.o ./src/communication.o ./src/instruction.o ./src/main.o ./src/platform.o ./src/xtime_l.o  ./src/Testing/ckksTest.d  ./src/ckksAccelerator.d ./src/communication.d ./src/instruction.d ./src/main.d ./src/platform.d ./src/xtime_l.d  Aloha-HE.elf.size  Aloha-HE.elf
 
18:16:12 **** Build of project Aloha-HE_bsp ****
make -k all 
Running Make include in microblaze_1/libsrc/tmrctr_v4_5/src
make -C microblaze_1/libsrc/tmrctr_v4_5/src -s include  "SHELL=/bin/sh" "COMPILER=mb-gcc" "ARCHIVER=mb-ar" "COMPILER_FLAGS=  -O2 -c -mcpu=v11.0 -mlittle-endian -mxl-soft-mul" "EXTRA_COMPILER_FLAGS=-ffunction-sections -fdata-sections -Wall -Wextra"
Running Make include in microblaze_1/libsrc/standalone_v7_0/src
make -C microblaze_1/libsrc/standalone_v7_0/src -s include  "SHELL=/bin/sh" "COMPILER=mb-gcc" "ARCHIVER=mb-ar" "COMPILER_FLAGS=  -O2 -c -mcpu=v11.0 -mlittle-endian -mxl-soft-mul" "EXTRA_COMPILER_FLAGS=-ffunction-sections -fdata-sections -Wall -Wextra"
Running Make include in microblaze_1/libsrc/uartlite_v3_2/src
make -C microblaze_1/libsrc/uartlite_v3_2/src -s include  "SHELL=/bin/sh" "COMPILER=mb-gcc" "ARCHIVER=mb-ar" "COMPILER_FLAGS=  -O2 -c -mcpu=v11.0 -mlittle-endian -mxl-soft-mul" "EXTRA_COMPILER_FLAGS=-ffunction-sections -fdata-sections -Wall -Wextra"
Running Make include in microblaze_1/libsrc/bram_v4_3/src
make -C microblaze_1/libsrc/bram_v4_3/src -s include  "SHELL=/bin/sh" "COMPILER=mb-gcc" "ARCHIVER=mb-ar" "COMPILER_FLAGS=  -O2 -c -mcpu=v11.0 -mlittle-endian -mxl-soft-mul" "EXTRA_COMPILER_FLAGS=-ffunction-sections -fdata-sections -Wall -Wextra"
Running Make include in microblaze_1/libsrc/cpu_v2_9/src
make -C microblaze_1/libsrc/cpu_v2_9/src -s include  "SHELL=/bin/sh" "COMPILER=mb-gcc" "ARCHIVER=mb-ar" "COMPILER_FLAGS=  -O2 -c -mcpu=v11.0 -mlittle-endian -mxl-soft-mul" "EXTRA_COMPILER_FLAGS=-ffunction-sections -fdata-sections -Wall -Wextra"
Running Make include in microblaze_1/libsrc/axicdma_v4_5/src
make -C microblaze_1/libsrc/axicdma_v4_5/src -s include  "SHELL=/bin/sh" "COMPILER=mb-gcc" "ARCHIVER=mb-ar" "COMPILER_FLAGS=  -O2 -c -mcpu=v11.0 -mlittle-endian -mxl-soft-mul" "EXTRA_COMPILER_FLAGS=-ffunction-sections -fdata-sections -Wall -Wextra"
Running Make libs in microblaze_1/libsrc/tmrctr_v4_5/src
make -C microblaze_1/libsrc/tmrctr_v4_5/src -s libs  "SHELL=/bin/sh" "COMPILER=mb-gcc" "ARCHIVER=mb-ar" "COMPILER_FLAGS=  -O2 -c -mcpu=v11.0 -mlittle-endian -mxl-soft-mul" "EXTRA_COMPILER_FLAGS=-ffunction-sections -fdata-sections -Wall -Wextra"
Compiling tmrctr
mb-ar: creating ../../../lib/libxil.a
Running Make libs in microblaze_1/libsrc/standalone_v7_0/src
make -C microblaze_1/libsrc/standalone_v7_0/src -s libs  "SHELL=/bin/sh" "COMPILER=mb-gcc" "ARCHIVER=mb-ar" "COMPILER_FLAGS=  -O2 -c -mcpu=v11.0 -mlittle-endian -mxl-soft-mul" "EXTRA_COMPILER_FLAGS=-ffunction-sections -fdata-sections -Wall -Wextra"
Compiling standalone
microblaze_sleep.c:77:9: note: #pragma message: For the sleep routines, assembly instructions are used
 #pragma message ("For the sleep routines, assembly instructions are used")
         ^~~~~~~
Running Make libs in microblaze_1/libsrc/uartlite_v3_2/src
make -C microblaze_1/libsrc/uartlite_v3_2/src -s libs  "SHELL=/bin/sh" "COMPILER=mb-gcc" "ARCHIVER=mb-ar" "COMPILER_FLAGS=  -O2 -c -mcpu=v11.0 -mlittle-endian -mxl-soft-mul" "EXTRA_COMPILER_FLAGS=-ffunction-sections -fdata-sections -Wall -Wextra"
Compiling uartlite
Running Make libs in microblaze_1/libsrc/bram_v4_3/src
make -C microblaze_1/libsrc/bram_v4_3/src -s libs  "SHELL=/bin/sh" "COMPILER=mb-gcc" "ARCHIVER=mb-ar" "COMPILER_FLAGS=  -O2 -c -mcpu=v11.0 -mlittle-endian -mxl-soft-mul" "EXTRA_COMPILER_FLAGS=-ffunction-sections -fdata-sections -Wall -Wextra"
Compiling bram
Running Make libs in microblaze_1/libsrc/cpu_v2_9/src
make -C microblaze_1/libsrc/cpu_v2_9/src -s libs  "SHELL=/bin/sh" "COMPILER=mb-gcc" "ARCHIVER=mb-ar" "COMPILER_FLAGS=  -O2 -c -mcpu=v11.0 -mlittle-endian -mxl-soft-mul" "EXTRA_COMPILER_FLAGS=-ffunction-sections -fdata-sections -Wall -Wextra"
Compiling cpu
Running Make libs in microblaze_1/libsrc/axicdma_v4_5/src
make -C microblaze_1/libsrc/axicdma_v4_5/src -s libs  "SHELL=/bin/sh" "COMPILER=mb-gcc" "ARCHIVER=mb-ar" "COMPILER_FLAGS=  -O2 -c -mcpu=v11.0 -mlittle-endian -mxl-soft-mul" "EXTRA_COMPILER_FLAGS=-ffunction-sections -fdata-sections -Wall -Wextra"
Compiling axicdma
Finished building libraries
18:16:14 **** Build of configuration Debug for project Aloha-HE ****
make all 
Building file: ../src/Testing/ckksTest.c
Invoking: MicroBlaze gcc compiler
mb-gcc -Wall -O0 -g3 -c -fmessage-length=0 -MT"src/Testing/ckksTest.o" -I../../Aloha-HE_bsp/microblaze_1/include -mlittle-endian -mcpu=v11.0 -mxl-soft-mul -Wl,--no-relax -ffunction-sections -fdata-sections -MMD -MP -MF"src/Testing/ckksTest.d" -MT"src/Testing/ckksTest.o" -o "src/Testing/ckksTest.o" "../src/Testing/ckksTest.c"
../src/Testing/ckksTest.c: In function 'test_hardware':
../src/Testing/ckksTest.c:619:10: warning: unused variable 'rns_delta_max' [-Wunused-variable]
  int64_t rns_delta_max = 1; // +/- 1
          ^~~~~~~~~~~~~
../src/Testing/ckksTest.c:618:9: warning: unused variable 'eps_fft_tw_storage' [-Wunused-variable]
  double eps_fft_tw_storage = pow(2,-30);
         ^~~~~~~~~~~~~~~~~~
Finished building: ../src/Testing/ckksTest.c
 
Building file: ../src/ckksAccelerator.c
Invoking: MicroBlaze gcc compiler
mb-gcc -Wall -O0 -g3 -c -fmessage-length=0 -MT"src/ckksAccelerator.o" -I../../Aloha-HE_bsp/microblaze_1/include -mlittle-endian -mcpu=v11.0 -mxl-soft-mul -Wl,--no-relax -ffunction-sections -fdata-sections -MMD -MP -MF"src/ckksAccelerator.d" -MT"src/ckksAccelerator.o" -o "src/ckksAccelerator.o" "../src/ckksAccelerator.c"
Finished building: ../src/ckksAccelerator.c
 
Building file: ../src/communication.c
Invoking: MicroBlaze gcc compiler
mb-gcc -Wall -O0 -g3 -c -fmessage-length=0 -MT"src/communication.o" -I../../Aloha-HE_bsp/microblaze_1/include -mlittle-endian -mcpu=v11.0 -mxl-soft-mul -Wl,--no-relax -ffunction-sections -fdata-sections -MMD -MP -MF"src/communication.d" -MT"src/communication.o" -o "src/communication.o" "../src/communication.c"
Finished building: ../src/communication.c
 
Building file: ../src/instruction.c
Invoking: MicroBlaze gcc compiler
mb-gcc -Wall -O0 -g3 -c -fmessage-length=0 -MT"src/instruction.o" -I../../Aloha-HE_bsp/microblaze_1/include -mlittle-endian -mcpu=v11.0 -mxl-soft-mul -Wl,--no-relax -ffunction-sections -fdata-sections -MMD -MP -MF"src/instruction.d" -MT"src/instruction.o" -o "src/instruction.o" "../src/instruction.c"
Finished building: ../src/instruction.c
 
Building file: ../src/main.c
Invoking: MicroBlaze gcc compiler
mb-gcc -Wall -O0 -g3 -c -fmessage-length=0 -MT"src/main.o" -I../../Aloha-HE_bsp/microblaze_1/include -mlittle-endian -mcpu=v11.0 -mxl-soft-mul -Wl,--no-relax -ffunction-sections -fdata-sections -MMD -MP -MF"src/main.d" -MT"src/main.o" -o "src/main.o" "../src/main.c"
Finished building: ../src/main.c
 
Building file: ../src/platform.c
Invoking: MicroBlaze gcc compiler
mb-gcc -Wall -O0 -g3 -c -fmessage-length=0 -MT"src/platform.o" -I../../Aloha-HE_bsp/microblaze_1/include -mlittle-endian -mcpu=v11.0 -mxl-soft-mul -Wl,--no-relax -ffunction-sections -fdata-sections -MMD -MP -MF"src/platform.d" -MT"src/platform.o" -o "src/platform.o" "../src/platform.c"
Finished building: ../src/platform.c
 
Building file: ../src/xtime_l.c
Invoking: MicroBlaze gcc compiler
mb-gcc -Wall -O0 -g3 -c -fmessage-length=0 -MT"src/xtime_l.o" -I../../Aloha-HE_bsp/microblaze_1/include -mlittle-endian -mcpu=v11.0 -mxl-soft-mul -Wl,--no-relax -ffunction-sections -fdata-sections -MMD -MP -MF"src/xtime_l.d" -MT"src/xtime_l.o" -o "src/xtime_l.o" "../src/xtime_l.c"
Finished building: ../src/xtime_l.c
 
Building target: Aloha-HE.elf
Invoking: MicroBlaze gcc linker
mb-gcc -Wl,-T -Wl,../src/lscript.ld -L../../Aloha-HE_bsp/microblaze_1/lib -mlittle-endian -mcpu=v11.0 -mxl-soft-mul -Wl,--no-relax -Wl,--gc-sections -o "Aloha-HE.elf"  ./src/Testing/ckksTest.o  ./src/ckksAccelerator.o ./src/communication.o ./src/instruction.o ./src/main.o ./src/platform.o ./src/xtime_l.o   -Wl,--start-group,-lxil,-lgcc,-lc,--end-group
Finished building target: Aloha-HE.elf
 
Invoking: MicroBlaze Print Size
mb-size Aloha-HE.elf  |tee "Aloha-HE.elf.size"
   text	   data	    bss	    dec	    hex	filename
 188204	 966688	1462668	2617560	 27f0d8	Aloha-HE.elf
Finished building: Aloha-HE.elf.size
 
